[    0.000000] kernel: microcode: microcode updated early to revision 0xd4, date = 2019-08-14
[    0.000000] kernel: init/main.c start_kernel 585 
[    0.000000] kernel: kernel/cgroup/cgroup.c cgroup_init_early 5678 cgroup: kernel/cgroup/cgroup.c cgroup_init_early
[    0.000000] kernel: kernel/cpu.c boot_cpu_init 2318 kernel/cpu.c boot_cpu_init
[    0.000000] kernel: init/main.c start_kernel 602 Linux version 5.3.1 (root@a-HP-ENVY-Notebook) (gcc version 9.2.1 20191008 (Ubuntu 9.2.1-9ubuntu2)) #23 SMP Sun Nov 17 13:41:47 CST 2019
[    0.000000] kernel: Command line: BOOT_IMAGE=/boot/vmlinuz-5.3.1 root=UUID=0df0ec6d-15f8-47d8-a618-50937a2a0db2 ro quiet splash vt.handoff=7
[    0.000000] kernel: arch/x86/kernel/cpu/common.c early_cpu_init 1242 KERNEL supported cpus:
[    0.000000] kernel: arch/x86/kernel/cpu/common.c early_cpu_init 1260   Intel GenuineIntel
[    0.000000] kernel: arch/x86/kernel/cpu/common.c early_cpu_init 1260   AMD AuthenticAMD
[    0.000000] kernel: arch/x86/kernel/cpu/common.c early_cpu_init 1260   Hygon HygonGenuine
[    0.000000] kernel: arch/x86/kernel/cpu/common.c early_cpu_init 1260   Centaur CentaurHauls
[    0.000000] kernel: arch/x86/kernel/cpu/common.c early_cpu_init 1260   zhaoxin   Shanghai  
[    0.000000] kernel: arch/x86/kernel/fpu/xstate.c print_xstate_feature 292 x86/fpu: Supporting XSAVE feature 0x001: 'x87 floating point registers'
[    0.000000] kernel: arch/x86/kernel/fpu/xstate.c print_xstate_feature 292 x86/fpu: Supporting XSAVE feature 0x002: 'SSE registers'
[    0.000000] kernel: arch/x86/kernel/fpu/xstate.c print_xstate_feature 292 x86/fpu: Supporting XSAVE feature 0x004: 'AVX registers'
[    0.000000] kernel: arch/x86/kernel/fpu/xstate.c print_xstate_feature 292 x86/fpu: Supporting XSAVE feature 0x008: 'MPX bounds registers'
[    0.000000] kernel: arch/x86/kernel/fpu/xstate.c print_xstate_feature 292 x86/fpu: Supporting XSAVE feature 0x010: 'MPX CSR'
[    0.000000] kernel: arch/x86/kernel/fpu/xstate.c print_xstate_offset_size 396 x86/fpu: xstate_offset[2]:  576, xstate_sizes[2]:  256
[    0.000000] kernel: arch/x86/kernel/fpu/xstate.c print_xstate_offset_size 396 x86/fpu: xstate_offset[3]:  832, xstate_sizes[3]:   64
[    0.000000] kernel: arch/x86/kernel/fpu/xstate.c print_xstate_offset_size 396 x86/fpu: xstate_offset[4]:  896, xstate_sizes[4]:   64
[    0.000000] kernel: arch/x86/kernel/fpu/xstate.c fpu__init_system_xstate 778 x86/fpu: Enabled xstate features 0x1f, context size is 960 bytes, using 'compacted' format.
[    0.000000] kernel: kernel/jump_label.c jump_label_init 453 kernel/jump_label.c jump_label_init
[    0.000000] kernel: arch/x86/kernel/e820.c e820__memory_setup 1261 BIOS-provided physical RAM map:
[    0.000000] kernel: arch/x86/kernel/e820.c e820__print_table 207 BIOS-e820: [mem 0x0000000000000000-0x0000000000057fff] usable
[    0.000000] kernel: arch/x86/kernel/e820.c e820__print_table 207 BIOS-e820: [mem 0x0000000000058000-0x0000000000058fff] reserved
[    0.000000] kernel: arch/x86/kernel/e820.c e820__print_table 207 BIOS-e820: [mem 0x0000000000059000-0x0000000000087fff] usable
[    0.000000] kernel: arch/x86/kernel/e820.c e820__print_table 207 BIOS-e820: [mem 0x0000000000088000-0x00000000000fffff] reserved
[    0.000000] kernel: arch/x86/kernel/e820.c e820__print_table 207 BIOS-e820: [mem 0x0000000000100000-0x0000000073e41fff] usable
[    0.000000] kernel: arch/x86/kernel/e820.c e820__print_table 207 BIOS-e820: [mem 0x0000000073e42000-0x0000000073e42fff] ACPI NVS
[    0.000000] kernel: arch/x86/kernel/e820.c e820__print_table 207 BIOS-e820: [mem 0x0000000073e43000-0x0000000073e6cfff] reserved
[    0.000000] kernel: arch/x86/kernel/e820.c e820__print_table 207 BIOS-e820: [mem 0x0000000073e6d000-0x000000008a10dfff] usable
[    0.000000] kernel: arch/x86/kernel/e820.c e820__print_table 207 BIOS-e820: [mem 0x000000008a10e000-0x000000008a30dfff] type 20
[    0.000000] kernel: arch/x86/kernel/e820.c e820__print_table 207 BIOS-e820: [mem 0x000000008a30e000-0x000000008aafdfff] reserved
[    0.000000] kernel: arch/x86/kernel/e820.c e820__print_table 207 BIOS-e820: [mem 0x000000008aafe000-0x000000008adfdfff] ACPI NVS
[    0.000000] kernel: arch/x86/kernel/e820.c e820__print_table 207 BIOS-e820: [mem 0x000000008adfe000-0x000000008aefdfff] ACPI data
[    0.000000] kernel: arch/x86/kernel/e820.c e820__print_table 207 BIOS-e820: [mem 0x000000008aefe000-0x000000008aefefff] usable
[    0.000000] kernel: arch/x86/kernel/e820.c e820__print_table 207 BIOS-e820: [mem 0x000000008aeff000-0x000000008fffffff] reserved
[    0.000000] kernel: arch/x86/kernel/e820.c e820__print_table 207 BIOS-e820: [mem 0x00000000e0000000-0x00000000efffffff] reserved
[    0.000000] kernel: arch/x86/kernel/e820.c e820__print_table 207 BIOS-e820: [mem 0x00000000fd000000-0x00000000fe7fffff] reserved
[    0.000000] kernel: arch/x86/kernel/e820.c e820__print_table 207 BIOS-e820: [mem 0x00000000feb00000-0x00000000feb03fff] reserved
[    0.000000] kernel: arch/x86/kernel/e820.c e820__print_table 207 BIOS-e820: [mem 0x00000000fec00000-0x00000000fec00fff] reserved
[    0.000000] kernel: arch/x86/kernel/e820.c e820__print_table 207 BIOS-e820: [mem 0x00000000fed00000-0x00000000fed00fff] reserved
[    0.000000] kernel: arch/x86/kernel/e820.c e820__print_table 207 BIOS-e820: [mem 0x00000000fed10000-0x00000000fed19fff] reserved
[    0.000000] kernel: arch/x86/kernel/e820.c e820__print_table 207 BIOS-e820: [mem 0x00000000fed84000-0x00000000fed84fff] reserved
[    0.000000] kernel: arch/x86/kernel/e820.c e820__print_table 207 BIOS-e820: [mem 0x00000000fee00000-0x00000000fee00fff] reserved
[    0.000000] kernel: arch/x86/kernel/e820.c e820__print_table 207 BIOS-e820: [mem 0x00000000ffa00000-0x00000000ffffffff] reserved
[    0.000000] kernel: arch/x86/kernel/e820.c e820__print_table 207 BIOS-e820: [mem 0x0000000100000000-0x000000026effffff] usable
[    0.000000] kernel: init/main.c parse_early_param 484 init/main.c parse_early_param
[    0.000000] kernel: NX (Execute Disable) protection: active
[    0.000000] kernel: arch/x86/platform/efi/efi.c efi_init 518 efi: EFI v2.40 by INSYDE Corp.
[    0.000000] kernel: drivers/firmware/efi/efi.c efi_config_parse_tables 521 efi:  SMBIOS=0x8a37a000  ESRT=0x8a37d818  ACPI 2.0=0x8aefd014 
[    0.000000] kernel: drivers/firmware/dmi_scan.c dmi_present 570 SMBIOS 2.8 present.
[    0.000000] kernel: drivers/firmware/dmi_scan.c dmi_present 580 DMI: HP HP ENVY Notebook/81CC, BIOS F.23 09/13/2016
[    0.000000] kernel: arch/x86/kernel/tsc.c determine_cpu_tsc_frequencies 1427 tsc: Detected 2400.000 MHz processor
[    0.002400] kernel: e820: update [mem 0x00000000-0x00000fff] usable ==> reserved
[    0.002402] kernel: e820: remove [mem 0x000a0000-0x000fffff] usable
[    0.002411] kernel: arch/x86/kernel/e820.c e820_end_pfn 845 last_pfn = 0x26f000 max_arch_pfn = 0x400000000
[    0.002416] kernel: MTRR default type: uncachable
[    0.002417] kernel: MTRR fixed ranges enabled:
[    0.002418] kernel:   00000-9FFFF write-back
[    0.002419] kernel:   A0000-BFFFF uncachable
[    0.002420] kernel:   C0000-FFFFF write-protect
[    0.002421] kernel: MTRR variable ranges enabled:
[    0.002423] kernel:   0 base 0000000000 mask 7C00000000 write-back
[    0.002424] kernel:   1 base 008AEFF000 mask 7FFFFFF000 uncachable
[    0.002425] kernel:   2 base 008AF00000 mask 7FFFF00000 uncachable
[    0.002426] kernel:   3 base 008B000000 mask 7FFF000000 uncachable
[    0.002427] kernel:   4 base 008C000000 mask 7FFC000000 uncachable
[    0.002428] kernel:   5 base 0090000000 mask 7FF0000000 uncachable
[    0.002428] kernel:   6 base 00A0000000 mask 7FE0000000 uncachable
[    0.002429] kernel:   7 base 00C0000000 mask 7FC0000000 uncachable
[    0.002430] kernel:   8 disabled
[    0.002430] kernel:   9 disabled
[    0.003170] kernel: arch/x86/mm/pat.c __init_cache_modes 206 x86/PAT: Configuration [0-7]: WB  WC  UC- UC  WB  WP  UC- WT  
[    0.003358] kernel: arch/x86/kernel/cpu/mtrr/cleanup.c mtrr_cleanup 734 total RAM covered: 14510M
[    0.003541] kernel: arch/x86/kernel/cpu/mtrr/cleanup.c mtrr_print_out_one_result 645  gran_size: 64K         chunk_size: 64K         num_reg: 10          lose cover RAM: 12582972K
[    0.003543] kernel: arch/x86/kernel/cpu/mtrr/cleanup.c mtrr_print_out_one_result 645  gran_size: 64K         chunk_size: 128K         num_reg: 10          lose cover RAM: 60K
[    0.003545] kernel: arch/x86/kernel/cpu/mtrr/cleanup.c mtrr_print_out_one_result 645  gran_size: 64K         chunk_size: 256K         num_reg: 10          lose cover RAM: 60K
[    0.003546] kernel: arch/x86/kernel/cpu/mtrr/cleanup.c mtrr_print_out_one_result 645  gran_size: 64K         chunk_size: 512K         num_reg: 10          lose cover RAM: 60K
[    0.003548] kernel: arch/x86/kernel/cpu/mtrr/cleanup.c mtrr_print_out_one_result 645  gran_size: 64K         chunk_size: 1M         num_reg: 10          lose cover RAM: 60K
[    0.003549] kernel: arch/x86/kernel/cpu/mtrr/cleanup.c mtrr_print_out_one_result 645  gran_size: 64K         chunk_size: 2M         num_reg: 8          lose cover RAM: 60K
[    0.003550] kernel: arch/x86/kernel/cpu/mtrr/cleanup.c mtrr_print_out_one_result 645  gran_size: 64K         chunk_size: 4M         num_reg: 8          lose cover RAM: 60K
[    0.003552] kernel: arch/x86/kernel/cpu/mtrr/cleanup.c mtrr_print_out_one_result 645  gran_size: 64K         chunk_size: 8M         num_reg: 8          lose cover RAM: 60K
[    0.003553] kernel: arch/x86/kernel/cpu/mtrr/cleanup.c mtrr_print_out_one_result 645  gran_size: 64K         chunk_size: 16M         num_reg: 8          lose cover RAM: 60K
[    0.003554] kernel: arch/x86/kernel/cpu/mtrr/cleanup.c mtrr_print_out_one_result 645  gran_size: 64K         chunk_size: 32M         num_reg: 8          lose cover RAM: 60K
[    0.003555] kernel: arch/x86/kernel/cpu/mtrr/cleanup.c mtrr_print_out_one_result 645  gran_size: 64K         chunk_size: 64M         num_reg: 8          lose cover RAM: 60K
[    0.003557] kernel: arch/x86/kernel/cpu/mtrr/cleanup.c mtrr_print_out_one_result 645  gran_size: 64K         chunk_size: 128M         num_reg: 8          lose cover RAM: 60K
[    0.003558] kernel: arch/x86/kernel/cpu/mtrr/cleanup.c mtrr_print_out_one_result 645  gran_size: 64K         chunk_size: 256M         num_reg: 8          lose cover RAM: 60K
[    0.003559] kernel: arch/x86/kernel/cpu/mtrr/cleanup.c mtrr_print_out_one_result 645  gran_size: 64K         chunk_size: 512M         num_reg: 9          lose cover RAM: 60K
[    0.003560] kernel: arch/x86/kernel/cpu/mtrr/cleanup.c mtrr_print_out_one_result 645  gran_size: 64K         chunk_size: 1G         num_reg: 10          lose cover RAM: 60K
[    0.003562] kernel: arch/x86/kernel/cpu/mtrr/cleanup.c mtrr_print_out_one_result 645  gran_size: 64K         chunk_size: 2G         num_reg: 10          lose cover RAM: 60K
[    0.003563] kernel: arch/x86/kernel/cpu/mtrr/cleanup.c mtrr_print_out_one_result 645  gran_size: 128K         chunk_size: 128K         num_reg: 10          lose cover RAM: 8388732K
[    0.003564] kernel: arch/x86/kernel/cpu/mtrr/cleanup.c mtrr_print_out_one_result 645  gran_size: 128K         chunk_size: 256K         num_reg: 10          lose cover RAM: 124K
[    0.003566] kernel: arch/x86/kernel/cpu/mtrr/cleanup.c mtrr_print_out_one_result 645  gran_size: 128K         chunk_size: 512K         num_reg: 10          lose cover RAM: 124K
[    0.003567] kernel: arch/x86/kernel/cpu/mtrr/cleanup.c mtrr_print_out_one_result 645  gran_size: 128K         chunk_size: 1M         num_reg: 10          lose cover RAM: 124K
[    0.003568] kernel: arch/x86/kernel/cpu/mtrr/cleanup.c mtrr_print_out_one_result 645  gran_size: 128K         chunk_size: 2M         num_reg: 8          lose cover RAM: 124K
[    0.003570] kernel: arch/x86/kernel/cpu/mtrr/cleanup.c mtrr_print_out_one_result 645  gran_size: 128K         chunk_size: 4M         num_reg: 8          lose cover RAM: 124K
[    0.003571] kernel: arch/x86/kernel/cpu/mtrr/cleanup.c mtrr_print_out_one_result 645  gran_size: 128K         chunk_size: 8M         num_reg: 8          lose cover RAM: 124K
[    0.003572] kernel: arch/x86/kernel/cpu/mtrr/cleanup.c mtrr_print_out_one_result 645  gran_size: 128K         chunk_size: 16M         num_reg: 8          lose cover RAM: 124K
[    0.003573] kernel: arch/x86/kernel/cpu/mtrr/cleanup.c mtrr_print_out_one_result 645  gran_size: 128K         chunk_size: 32M         num_reg: 8          lose cover RAM: 124K
[    0.003575] kernel: arch/x86/kernel/cpu/mtrr/cleanup.c mtrr_print_out_one_result 645  gran_size: 128K         chunk_size: 64M         num_reg: 8          lose cover RAM: 124K
[    0.003576] kernel: arch/x86/kernel/cpu/mtrr/cleanup.c mtrr_print_out_one_result 645  gran_size: 128K         chunk_size: 128M         num_reg: 8          lose cover RAM: 124K
[    0.003577] kernel: arch/x86/kernel/cpu/mtrr/cleanup.c mtrr_print_out_one_result 645  gran_size: 128K         chunk_size: 256M         num_reg: 8          lose cover RAM: 124K
[    0.003578] kernel: arch/x86/kernel/cpu/mtrr/cleanup.c mtrr_print_out_one_result 645  gran_size: 128K         chunk_size: 512M         num_reg: 9          lose cover RAM: 124K
[    0.003580] kernel: arch/x86/kernel/cpu/mtrr/cleanup.c mtrr_print_out_one_result 645  gran_size: 128K         chunk_size: 1G         num_reg: 10          lose cover RAM: 124K
[    0.003581] kernel: arch/x86/kernel/cpu/mtrr/cleanup.c mtrr_print_out_one_result 645  gran_size: 128K         chunk_size: 2G         num_reg: 10          lose cover RAM: 124K
[    0.003582] kernel: arch/x86/kernel/cpu/mtrr/cleanup.c mtrr_print_out_one_result 645  gran_size: 256K         chunk_size: 256K         num_reg: 10          lose cover RAM: 252K
[    0.003584] kernel: arch/x86/kernel/cpu/mtrr/cleanup.c mtrr_print_out_one_result 645  gran_size: 256K         chunk_size: 512K         num_reg: 10          lose cover RAM: 252K
[    0.003585] kernel: arch/x86/kernel/cpu/mtrr/cleanup.c mtrr_print_out_one_result 645  gran_size: 256K         chunk_size: 1M         num_reg: 10          lose cover RAM: 252K
[    0.003586] kernel: arch/x86/kernel/cpu/mtrr/cleanup.c mtrr_print_out_one_result 645  gran_size: 256K         chunk_size: 2M         num_reg: 8          lose cover RAM: 252K
[    0.003587] kernel: arch/x86/kernel/cpu/mtrr/cleanup.c mtrr_print_out_one_result 645  gran_size: 256K         chunk_size: 4M         num_reg: 8          lose cover RAM: 252K
[    0.003589] kernel: arch/x86/kernel/cpu/mtrr/cleanup.c mtrr_print_out_one_result 645  gran_size: 256K         chunk_size: 8M         num_reg: 8          lose cover RAM: 252K
[    0.003590] kernel: arch/x86/kernel/cpu/mtrr/cleanup.c mtrr_print_out_one_result 645  gran_size: 256K         chunk_size: 16M         num_reg: 8          lose cover RAM: 252K
[    0.003591] kernel: arch/x86/kernel/cpu/mtrr/cleanup.c mtrr_print_out_one_result 645  gran_size: 256K         chunk_size: 32M         num_reg: 8          lose cover RAM: 252K
[    0.003592] kernel: arch/x86/kernel/cpu/mtrr/cleanup.c mtrr_print_out_one_result 645  gran_size: 256K         chunk_size: 64M         num_reg: 8          lose cover RAM: 252K
[    0.003594] kernel: arch/x86/kernel/cpu/mtrr/cleanup.c mtrr_print_out_one_result 645  gran_size: 256K         chunk_size: 128M         num_reg: 8          lose cover RAM: 252K
[    0.003595] kernel: arch/x86/kernel/cpu/mtrr/cleanup.c mtrr_print_out_one_result 645  gran_size: 256K         chunk_size: 256M         num_reg: 8          lose cover RAM: 252K
[    0.003596] kernel: arch/x86/kernel/cpu/mtrr/cleanup.c mtrr_print_out_one_result 645  gran_size: 256K         chunk_size: 512M         num_reg: 9          lose cover RAM: 252K
[    0.003597] kernel: arch/x86/kernel/cpu/mtrr/cleanup.c mtrr_print_out_one_result 645  gran_size: 256K         chunk_size: 1G         num_reg: 10          lose cover RAM: 252K
[    0.003599] kernel: arch/x86/kernel/cpu/mtrr/cleanup.c mtrr_print_out_one_result 645  gran_size: 256K         chunk_size: 2G         num_reg: 10          lose cover RAM: 252K
[    0.003600] kernel: arch/x86/kernel/cpu/mtrr/cleanup.c mtrr_print_out_one_result 645  gran_size: 512K         chunk_size: 512K         num_reg: 9          lose cover RAM: 508K
[    0.003601] kernel: arch/x86/kernel/cpu/mtrr/cleanup.c mtrr_print_out_one_result 645  gran_size: 512K         chunk_size: 1M         num_reg: 10          lose cover RAM: 508K
[    0.003602] kernel: arch/x86/kernel/cpu/mtrr/cleanup.c mtrr_print_out_one_result 645  gran_size: 512K         chunk_size: 2M         num_reg: 8          lose cover RAM: 508K
[    0.003604] kernel: arch/x86/kernel/cpu/mtrr/cleanup.c mtrr_print_out_one_result 645  gran_size: 512K         chunk_size: 4M         num_reg: 8          lose cover RAM: 508K
[    0.003605] kernel: arch/x86/kernel/cpu/mtrr/cleanup.c mtrr_print_out_one_result 645  gran_size: 512K         chunk_size: 8M         num_reg: 8          lose cover RAM: 508K
[    0.003606] kernel: arch/x86/kernel/cpu/mtrr/cleanup.c mtrr_print_out_one_result 645  gran_size: 512K         chunk_size: 16M         num_reg: 8          lose cover RAM: 508K
[    0.003607] kernel: arch/x86/kernel/cpu/mtrr/cleanup.c mtrr_print_out_one_result 645  gran_size: 512K         chunk_size: 32M         num_reg: 8          lose cover RAM: 508K
[    0.003609] kernel: arch/x86/kernel/cpu/mtrr/cleanup.c mtrr_print_out_one_result 645  gran_size: 512K         chunk_size: 64M         num_reg: 8          lose cover RAM: 508K
[    0.003610] kernel: arch/x86/kernel/cpu/mtrr/cleanup.c mtrr_print_out_one_result 645  gran_size: 512K         chunk_size: 128M         num_reg: 8          lose cover RAM: 508K
[    0.003611] kernel: arch/x86/kernel/cpu/mtrr/cleanup.c mtrr_print_out_one_result 645  gran_size: 512K         chunk_size: 256M         num_reg: 8          lose cover RAM: 508K
[    0.003612] kernel: arch/x86/kernel/cpu/mtrr/cleanup.c mtrr_print_out_one_result 645  gran_size: 512K         chunk_size: 512M         num_reg: 9          lose cover RAM: 508K
[    0.003614] kernel: arch/x86/kernel/cpu/mtrr/cleanup.c mtrr_print_out_one_result 645  gran_size: 512K         chunk_size: 1G         num_reg: 10          lose cover RAM: 508K
[    0.003615] kernel: arch/x86/kernel/cpu/mtrr/cleanup.c mtrr_print_out_one_result 645  gran_size: 512K         chunk_size: 2G         num_reg: 10          lose cover RAM: 508K
[    0.003616] kernel: arch/x86/kernel/cpu/mtrr/cleanup.c mtrr_print_out_one_result 645  gran_size: 1M         chunk_size: 1M         num_reg: 8          lose cover RAM: 1020K
[    0.003618] kernel: arch/x86/kernel/cpu/mtrr/cleanup.c mtrr_print_out_one_result 645  gran_size: 1M         chunk_size: 2M         num_reg: 8          lose cover RAM: 1020K
[    0.003619] kernel: arch/x86/kernel/cpu/mtrr/cleanup.c mtrr_print_out_one_result 645  gran_size: 1M         chunk_size: 4M         num_reg: 7          lose cover RAM: 1020K
[    0.003620] kernel: arch/x86/kernel/cpu/mtrr/cleanup.c mtrr_print_out_one_result 645  gran_size: 1M         chunk_size: 8M         num_reg: 7          lose cover RAM: 1020K
[    0.003621] kernel: arch/x86/kernel/cpu/mtrr/cleanup.c mtrr_print_out_one_result 645  gran_size: 1M         chunk_size: 16M         num_reg: 7          lose cover RAM: 1020K
[    0.003623] kernel: arch/x86/kernel/cpu/mtrr/cleanup.c mtrr_print_out_one_result 645  gran_size: 1M         chunk_size: 32M         num_reg: 7          lose cover RAM: 1020K
[    0.003624] kernel: arch/x86/kernel/cpu/mtrr/cleanup.c mtrr_print_out_one_result 645  gran_size: 1M         chunk_size: 64M         num_reg: 7          lose cover RAM: 1020K
[    0.003625] kernel: arch/x86/kernel/cpu/mtrr/cleanup.c mtrr_print_out_one_result 645  gran_size: 1M         chunk_size: 128M         num_reg: 7          lose cover RAM: 1020K
[    0.003626] kernel: arch/x86/kernel/cpu/mtrr/cleanup.c mtrr_print_out_one_result 645  gran_size: 1M         chunk_size: 256M         num_reg: 7          lose cover RAM: 1020K
[    0.003628] kernel: arch/x86/kernel/cpu/mtrr/cleanup.c mtrr_print_out_one_result 645  gran_size: 1M         chunk_size: 512M         num_reg: 8          lose cover RAM: 1020K
[    0.003629] kernel: arch/x86/kernel/cpu/mtrr/cleanup.c mtrr_print_out_one_result 645  gran_size: 1M         chunk_size: 1G         num_reg: 9          lose cover RAM: 1020K
[    0.003630] kernel: arch/x86/kernel/cpu/mtrr/cleanup.c mtrr_print_out_one_result 645  gran_size: 1M         chunk_size: 2G         num_reg: 9          lose cover RAM: 1020K
[    0.003632] kernel: arch/x86/kernel/cpu/mtrr/cleanup.c mtrr_print_out_one_result 645  gran_size: 2M         chunk_size: 2M         num_reg: 8          lose cover RAM: 1020K
[    0.003633] kernel: arch/x86/kernel/cpu/mtrr/cleanup.c mtrr_print_out_one_result 645  gran_size: 2M         chunk_size: 4M         num_reg: 7          lose cover RAM: 1020K
[    0.003634] kernel: arch/x86/kernel/cpu/mtrr/cleanup.c mtrr_print_out_one_result 645  gran_size: 2M         chunk_size: 8M         num_reg: 7          lose cover RAM: 1020K
[    0.003635] kernel: arch/x86/kernel/cpu/mtrr/cleanup.c mtrr_print_out_one_result 645  gran_size: 2M         chunk_size: 16M         num_reg: 7          lose cover RAM: 1020K
[    0.003636] kernel: arch/x86/kernel/cpu/mtrr/cleanup.c mtrr_print_out_one_result 645  gran_size: 2M         chunk_size: 32M         num_reg: 7          lose cover RAM: 1020K
[    0.003638] kernel: arch/x86/kernel/cpu/mtrr/cleanup.c mtrr_print_out_one_result 645  gran_size: 2M         chunk_size: 64M         num_reg: 7          lose cover RAM: 1020K
[    0.003639] kernel: arch/x86/kernel/cpu/mtrr/cleanup.c mtrr_print_out_one_result 645  gran_size: 2M         chunk_size: 128M         num_reg: 7          lose cover RAM: 1020K
[    0.003640] kernel: arch/x86/kernel/cpu/mtrr/cleanup.c mtrr_print_out_one_result 645  gran_size: 2M         chunk_size: 256M         num_reg: 7          lose cover RAM: 1020K
[    0.003642] kernel: arch/x86/kernel/cpu/mtrr/cleanup.c mtrr_print_out_one_result 645  gran_size: 2M         chunk_size: 512M         num_reg: 8          lose cover RAM: 1020K
[    0.003643] kernel: arch/x86/kernel/cpu/mtrr/cleanup.c mtrr_print_out_one_result 645  gran_size: 2M         chunk_size: 1G         num_reg: 9          lose cover RAM: 1020K
[    0.003644] kernel: arch/x86/kernel/cpu/mtrr/cleanup.c mtrr_print_out_one_result 645  gran_size: 2M         chunk_size: 2G         num_reg: 9          lose cover RAM: 1020K
[    0.003645] kernel: arch/x86/kernel/cpu/mtrr/cleanup.c mtrr_print_out_one_result 645  gran_size: 4M         chunk_size: 4M         num_reg: 7          lose cover RAM: 3068K
[    0.003646] kernel: arch/x86/kernel/cpu/mtrr/cleanup.c mtrr_print_out_one_result 645  gran_size: 4M         chunk_size: 8M         num_reg: 7          lose cover RAM: 3068K
[    0.003648] kernel: arch/x86/kernel/cpu/mtrr/cleanup.c mtrr_print_out_one_result 645  gran_size: 4M         chunk_size: 16M         num_reg: 7          lose cover RAM: 3068K
[    0.003649] kernel: arch/x86/kernel/cpu/mtrr/cleanup.c mtrr_print_out_one_result 645  gran_size: 4M         chunk_size: 32M         num_reg: 7          lose cover RAM: 3068K
[    0.003650] kernel: arch/x86/kernel/cpu/mtrr/cleanup.c mtrr_print_out_one_result 645  gran_size: 4M         chunk_size: 64M         num_reg: 7          lose cover RAM: 3068K
[    0.003651] kernel: arch/x86/kernel/cpu/mtrr/cleanup.c mtrr_print_out_one_result 645  gran_size: 4M         chunk_size: 128M         num_reg: 7          lose cover RAM: 3068K
[    0.003653] kernel: arch/x86/kernel/cpu/mtrr/cleanup.c mtrr_print_out_one_result 645  gran_size: 4M         chunk_size: 256M         num_reg: 7          lose cover RAM: 3068K
[    0.003654] kernel: arch/x86/kernel/cpu/mtrr/cleanup.c mtrr_print_out_one_result 645  gran_size: 4M         chunk_size: 512M         num_reg: 8          lose cover RAM: 3068K
[    0.003655] kernel: arch/x86/kernel/cpu/mtrr/cleanup.c mtrr_print_out_one_result 645  gran_size: 4M         chunk_size: 1G         num_reg: 9          lose cover RAM: 3068K
[    0.003657] kernel: arch/x86/kernel/cpu/mtrr/cleanup.c mtrr_print_out_one_result 645  gran_size: 4M         chunk_size: 2G         num_reg: 9          lose cover RAM: 3068K
[    0.003658] kernel: arch/x86/kernel/cpu/mtrr/cleanup.c mtrr_print_out_one_result 645  gran_size: 8M         chunk_size: 8M         num_reg: 6          lose cover RAM: 7164K
[    0.003659] kernel: arch/x86/kernel/cpu/mtrr/cleanup.c mtrr_print_out_one_result 645  gran_size: 8M         chunk_size: 16M         num_reg: 7          lose cover RAM: 7164K
[    0.003660] kernel: arch/x86/kernel/cpu/mtrr/cleanup.c mtrr_print_out_one_result 645  gran_size: 8M         chunk_size: 32M         num_reg: 7          lose cover RAM: 7164K
[    0.003661] kernel: arch/x86/kernel/cpu/mtrr/cleanup.c mtrr_print_out_one_result 645  gran_size: 8M         chunk_size: 64M         num_reg: 7          lose cover RAM: 7164K
[    0.003663] kernel: arch/x86/kernel/cpu/mtrr/cleanup.c mtrr_print_out_one_result 645  gran_size: 8M         chunk_size: 128M         num_reg: 7          lose cover RAM: 7164K
[    0.003664] kernel: arch/x86/kernel/cpu/mtrr/cleanup.c mtrr_print_out_one_result 645  gran_size: 8M         chunk_size: 256M         num_reg: 7          lose cover RAM: 7164K
[    0.003665] kernel: arch/x86/kernel/cpu/mtrr/cleanup.c mtrr_print_out_one_result 645  gran_size: 8M         chunk_size: 512M         num_reg: 8          lose cover RAM: 7164K
[    0.003666] kernel: arch/x86/kernel/cpu/mtrr/cleanup.c mtrr_print_out_one_result 645  gran_size: 8M         chunk_size: 1G         num_reg: 9          lose cover RAM: 7164K
[    0.003668] kernel: arch/x86/kernel/cpu/mtrr/cleanup.c mtrr_print_out_one_result 645  gran_size: 8M         chunk_size: 2G         num_reg: 9          lose cover RAM: 7164K
[    0.003669] kernel: arch/x86/kernel/cpu/mtrr/cleanup.c mtrr_print_out_one_result 645  gran_size: 16M         chunk_size: 16M         num_reg: 5          lose cover RAM: 15356K
[    0.003670] kernel: arch/x86/kernel/cpu/mtrr/cleanup.c mtrr_print_out_one_result 645  gran_size: 16M         chunk_size: 32M         num_reg: 5          lose cover RAM: 15356K
[    0.003672] kernel: arch/x86/kernel/cpu/mtrr/cleanup.c mtrr_print_out_one_result 645  gran_size: 16M         chunk_size: 64M         num_reg: 6          lose cover RAM: 15356K
[    0.003673] kernel: arch/x86/kernel/cpu/mtrr/cleanup.c mtrr_print_out_one_result 645  gran_size: 16M         chunk_size: 128M         num_reg: 6          lose cover RAM: 15356K
[    0.003674] kernel: arch/x86/kernel/cpu/mtrr/cleanup.c mtrr_print_out_one_result 645  gran_size: 16M         chunk_size: 256M         num_reg: 6          lose cover RAM: 15356K
[    0.003675] kernel: arch/x86/kernel/cpu/mtrr/cleanup.c mtrr_print_out_one_result 645  gran_size: 16M         chunk_size: 512M         num_reg: 7          lose cover RAM: 15356K
[    0.003677] kernel: arch/x86/kernel/cpu/mtrr/cleanup.c mtrr_print_out_one_result 645  gran_size: 16M         chunk_size: 1G         num_reg: 8          lose cover RAM: 15356K
[    0.003678] kernel: arch/x86/kernel/cpu/mtrr/cleanup.c mtrr_print_out_one_result 645  gran_size: 16M         chunk_size: 2G         num_reg: 8          lose cover RAM: 15356K
[    0.003679] kernel: arch/x86/kernel/cpu/mtrr/cleanup.c mtrr_print_out_one_result 645  gran_size: 32M         chunk_size: 32M         num_reg: 5          lose cover RAM: 15356K
[    0.003680] kernel: arch/x86/kernel/cpu/mtrr/cleanup.c mtrr_print_out_one_result 645  gran_size: 32M         chunk_size: 64M         num_reg: 6          lose cover RAM: 15356K
[    0.003682] kernel: arch/x86/kernel/cpu/mtrr/cleanup.c mtrr_print_out_one_result 645  gran_size: 32M         chunk_size: 128M         num_reg: 6          lose cover RAM: 15356K
[    0.003683] kernel: arch/x86/kernel/cpu/mtrr/cleanup.c mtrr_print_out_one_result 645  gran_size: 32M         chunk_size: 256M         num_reg: 6          lose cover RAM: 15356K
[    0.003684] kernel: arch/x86/kernel/cpu/mtrr/cleanup.c mtrr_print_out_one_result 645  gran_size: 32M         chunk_size: 512M         num_reg: 7          lose cover RAM: 15356K
[    0.003685] kernel: arch/x86/kernel/cpu/mtrr/cleanup.c mtrr_print_out_one_result 645  gran_size: 32M         chunk_size: 1G         num_reg: 8          lose cover RAM: 15356K
[    0.003687] kernel: arch/x86/kernel/cpu/mtrr/cleanup.c mtrr_print_out_one_result 645  gran_size: 32M         chunk_size: 2G         num_reg: 8          lose cover RAM: 15356K
[    0.003688] kernel: arch/x86/kernel/cpu/mtrr/cleanup.c mtrr_print_out_one_result 645  gran_size: 64M         chunk_size: 64M         num_reg: 4          lose cover RAM: 48124K
[    0.003689] kernel: arch/x86/kernel/cpu/mtrr/cleanup.c mtrr_print_out_one_result 645  gran_size: 64M         chunk_size: 128M         num_reg: 4          lose cover RAM: 48124K
[    0.003690] kernel: arch/x86/kernel/cpu/mtrr/cleanup.c mtrr_print_out_one_result 645  gran_size: 64M         chunk_size: 256M         num_reg: 5          lose cover RAM: 48124K
[    0.003692] kernel: arch/x86/kernel/cpu/mtrr/cleanup.c mtrr_print_out_one_result 645  gran_size: 64M         chunk_size: 512M         num_reg: 6          lose cover RAM: 48124K
[    0.003693] kernel: arch/x86/kernel/cpu/mtrr/cleanup.c mtrr_print_out_one_result 645  gran_size: 64M         chunk_size: 1G         num_reg: 7          lose cover RAM: 48124K
[    0.003694] kernel: arch/x86/kernel/cpu/mtrr/cleanup.c mtrr_print_out_one_result 645  gran_size: 64M         chunk_size: 2G         num_reg: 7          lose cover RAM: 48124K
[    0.003696] kernel: arch/x86/kernel/cpu/mtrr/cleanup.c mtrr_print_out_one_result 645  gran_size: 128M         chunk_size: 128M         num_reg: 4          lose cover RAM: 48124K
[    0.003697] kernel: arch/x86/kernel/cpu/mtrr/cleanup.c mtrr_print_out_one_result 645  gran_size: 128M         chunk_size: 256M         num_reg: 5          lose cover RAM: 48124K
[    0.003698] kernel: arch/x86/kernel/cpu/mtrr/cleanup.c mtrr_print_out_one_result 645  gran_size: 128M         chunk_size: 512M         num_reg: 6          lose cover RAM: 48124K
[    0.003699] kernel: arch/x86/kernel/cpu/mtrr/cleanup.c mtrr_print_out_one_result 645  gran_size: 128M         chunk_size: 1G         num_reg: 7          lose cover RAM: 48124K
[    0.003701] kernel: arch/x86/kernel/cpu/mtrr/cleanup.c mtrr_print_out_one_result 645  gran_size: 128M         chunk_size: 2G         num_reg: 7          lose cover RAM: 48124K
[    0.003702] kernel: arch/x86/kernel/cpu/mtrr/cleanup.c mtrr_print_out_one_result 645  gran_size: 256M         chunk_size: 256M         num_reg: 3          lose cover RAM: 179196K
[    0.003703] kernel: arch/x86/kernel/cpu/mtrr/cleanup.c mtrr_print_out_one_result 645  gran_size: 256M         chunk_size: 512M         num_reg: 3          lose cover RAM: 179196K
[    0.003704] kernel: arch/x86/kernel/cpu/mtrr/cleanup.c mtrr_print_out_one_result 645  gran_size: 256M         chunk_size: 1G         num_reg: 3          lose cover RAM: 179196K
[    0.003706] kernel: arch/x86/kernel/cpu/mtrr/cleanup.c mtrr_print_out_one_result 645  gran_size: 256M         chunk_size: 2G         num_reg: 3          lose cover RAM: 179196K
[    0.003707] kernel: arch/x86/kernel/cpu/mtrr/cleanup.c mtrr_print_out_one_result 645  gran_size: 512M         chunk_size: 512M         num_reg: 3          lose cover RAM: 179196K
[    0.003708] kernel: arch/x86/kernel/cpu/mtrr/cleanup.c mtrr_print_out_one_result 645  gran_size: 512M         chunk_size: 1G         num_reg: 3          lose cover RAM: 179196K
[    0.003709] kernel: arch/x86/kernel/cpu/mtrr/cleanup.c mtrr_print_out_one_result 645  gran_size: 512M         chunk_size: 2G         num_reg: 3          lose cover RAM: 179196K
[    0.003711] kernel: arch/x86/kernel/cpu/mtrr/cleanup.c mtrr_print_out_one_result 645  gran_size: 1G         chunk_size: 1G         num_reg: 3          lose cover RAM: 179196K
[    0.003712] kernel: arch/x86/kernel/cpu/mtrr/cleanup.c mtrr_print_out_one_result 645  gran_size: 1G         chunk_size: 2G         num_reg: 3          lose cover RAM: 179196K
[    0.003713] kernel: arch/x86/kernel/cpu/mtrr/cleanup.c mtrr_print_out_one_result 645  gran_size: 2G         chunk_size: 2G         num_reg: 3          lose cover RAM: 179196K
[    0.003714] kernel: arch/x86/kernel/cpu/mtrr/cleanup.c mtrr_cleanup 799 mtrr_cleanup: can not find optimal value
[    0.003715] kernel: arch/x86/kernel/cpu/mtrr/cleanup.c mtrr_cleanup 800 please specify mtrr_gran_size/mtrr_chunk_size
[    0.003720] kernel: e820: update [mem 0x8aeff000-0xffffffff] usable ==> reserved
[    0.003724] kernel: arch/x86/kernel/e820.c e820_end_pfn 845 last_pfn = 0x8aeff max_arch_pfn = 0x400000000
[    0.014195] kernel: drivers/firmware/efi/esrt.c efi_esrt_init 332 esrt: Reserving ESRT space from 0x000000008a37d818 to 0x000000008a37d850.
[    0.014205] kernel: arch/x86/kernel/check.c setup_bios_corruption_check 136 check: Scanning 1 areas for low memory corruption
[    0.014211] kernel: Using GB pages for direct mapping
[    0.014213] kernel: BRK [0x77601000, 0x77601fff] PGTABLE
[    0.014215] kernel: BRK [0x77602000, 0x77602fff] PGTABLE
[    0.014216] kernel: BRK [0x77603000, 0x77603fff] PGTABLE
[    0.014246] kernel: BRK [0x77604000, 0x77604fff] PGTABLE
[    0.014248] kernel: BRK [0x77605000, 0x77605fff] PGTABLE
[    0.014364] kernel: BRK [0x77606000, 0x77606fff] PGTABLE
[    0.014383] kernel: BRK [0x77607000, 0x77607fff] PGTABLE
[    0.014557] kernel: BRK [0x77608000, 0x77608fff] PGTABLE
[    0.014645] kernel: kernel/printk/printk.c setup_log_buf 1141 printk: kernel/printk/printk.c setup_log_buf
[    0.014647] kernel: arch/x86/kernel/setup.c setup_arch 1191 Secure boot could not be determined
[    0.014648] kernel: RAMDISK: [mem 0x2eecb000-0x3375cfff]
[    0.014656] kernel: drivers/acpi/tables.c acpi_table_init 804 ACPI: Early table checksum verification disabled
[    0.014659] kernel: ACPI: RSDP 0x000000008AEFD014 000024 (v02 HPQOEM)
[    0.014663] kernel: ACPI: XSDT 0x000000008AEB7188 0000FC (v01 HPQOEM SLIC-MPC 00000000 HP   01000013)
[    0.014670] kernel: ACPI: FACP 0x000000008AEDF000 0000F4 (v05 HPQOEM SLIC-MPC 00000000 HP   00040000)
[    0.014676] kernel: ACPI: DSDT 0x000000008AEBD000 01DD89 (v02 HPQOEM SLIC-MPC 00000000 ACPI 00040000)
[    0.014679] kernel: ACPI: FACS 0x000000008ADFA000 000040
[    0.014682] kernel: ACPI: UEFI 0x000000008AEFC000 000236 (v01 HPQOEM INSYDE   00000001 HP   00040000)
[    0.014685] kernel: ACPI: UEFI 0x000000008AEFB000 000042 (v01 HPQOEM INSYDE   00000002 HP   00040000)
[    0.014688] kernel: ACPI: SSDT 0x000000008AEF5000 005F19 (v01 HPQOEM INSYDE   00001000 ACPI 00040000)
[    0.014691] kernel: ACPI: MSDM 0x000000008AEF4000 000055 (v03 HPQOEM SLIC-MPC 00000001 HP   00040000)
[    0.014695] kernel: ACPI: SSDT 0x000000008AEEF000 004D99 (v02 HPQOEM INSYDE   00003000 ACPI 00040000)
[    0.014698] kernel: ACPI: SSDT 0x000000008AEE7000 007E8E (v02 HPQOEM INSYDE   00001000 ACPI 00040000)
[    0.014701] kernel: ACPI: DBGP 0x000000008AEE6000 000034 (v01 HPQOEM SLIC-MPC 00000001 HP   00040000)
[    0.014704] kernel: ACPI: DBG2 0x000000008AEE5000 000054 (v00 HPQOEM INSYDE   00000000 HP   00040000)
[    0.014707] kernel: ACPI: SSDT 0x000000008AEE4000 000957 (v02 HPQOEM INSYDE   00000000 ACPI 00040000)
[    0.014710] kernel: ACPI: ASF! 0x000000008AEE3000 0000A5 (v32 HPQOEM INSYDE   00000001 HP   00040000)
[    0.014713] kernel: ACPI: ASPT 0x000000008AEE2000 000034 (v07 HPQOEM INSYDE   00000001 HP   00040000)
[    0.014717] kernel: ACPI: BOOT 0x000000008AEE1000 000028 (v01 HPQOEM INSYDE   00000001 HP   00040000)
[    0.014720] kernel: ACPI: DBGP 0x000000008AEE0000 000034 (v01 HPQOEM SLIC-MPC 00000001 HP   00040000)
[    0.014723] kernel: ACPI: HPET 0x000000008AEDE000 000038 (v01 HPQOEM INSYDE   00000001 HP   00040000)
[    0.014726] kernel: ACPI: LPIT 0x000000008AEDD000 000094 (v01 HPQOEM INSYDE   00000000 HP   00040000)
[    0.014729] kernel: ACPI: APIC 0x000000008AEDC000 0000BC (v03 HPQOEM SLIC-MPC 00000001 HP   00040000)
[    0.014733] kernel: ACPI: MCFG 0x000000008AEDB000 00003C (v01 HPQOEM INSYDE   00000001 HP   00040000)
[    0.014736] kernel: ACPI: SSDT 0x000000008AEBC000 0002D4 (v01 HPQOEM INSYDE   00000000 ACPI 00040000)
[    0.014739] kernel: ACPI: SSDT 0x000000008AEB9000 002BAE (v02 HPQOEM INSYDE   00001000 ACPI 00040000)
[    0.014742] kernel: ACPI: SSDT 0x000000008AEB8000 000593 (v02 HPQOEM INSYDE   00001000 ACPI 00040000)
[    0.014745] kernel: ACPI: SSDT 0x000000008AEB6000 00019A (v02 HPQOEM INSYDE   00001000 ACPI 00040000)
[    0.014748] kernel: ACPI: SSDT 0x000000008AEB5000 000B49 (v02 HPQOEM INSYDE   00001000 ACPI 00040000)
[    0.014751] kernel: ACPI: SSDT 0x000000008AEB4000 000E73 (v02 HPQOEM INSYDE   00003000 ACPI 00040000)
[    0.014754] kernel: ACPI: DMAR 0x000000008AEB3000 0000F0 (v01 HPQOEM INSYDE   00000001 HP   00040000)
[    0.014757] kernel: ACPI: FPDT 0x000000008AEB2000 000044 (v01 HPQOEM SLIC-MPC 00000002 HP   00040000)
[    0.014761] kernel: ACPI: BGRT 0x000000008AEB1000 000038 (v01 HPQOEM INSYDE   00000001 HP   00040000)
[    0.014769] kernel: ACPI: Local APIC address 0xfee00000
[    0.014967] kernel: No NUMA configuration found
[    0.014969] kernel: Faking a node at [mem 0x0000000000000000-0x000000026effffff]
[    0.014980] kernel: NODE_DATA(0) allocated [mem 0x26efd3000-0x26effdfff]
[    0.015244] kernel: mm/page_alloc.c free_area_init_nodes 7321 Zone ranges:
[    0.015245] kernel: mm/page_alloc.c free_area_init_nodes 7325   DMA      [mem 0x0000000000001000-0x0000000000ffffff]
[    0.015246] kernel: mm/page_alloc.c free_area_init_nodes 7325   DMA32    [mem 0x0000000001000000-0x00000000ffffffff]
[    0.015248] kernel: mm/page_alloc.c free_area_init_nodes 7325   Normal   [mem 0x0000000100000000-0x000000026effffff]
[    0.015249] kernel: mm/page_alloc.c free_area_init_nodes 7325   Device   empty
[    0.015250] kernel: mm/page_alloc.c free_area_init_nodes 7338 Movable zone start for each node
[    0.015254] kernel: mm/page_alloc.c free_area_init_nodes 7350 Early memory node ranges
[    0.015256] kernel: mm/page_alloc.c free_area_init_nodes 7352   node   0: [mem 0x0000000000001000-0x0000000000057fff]
[    0.015257] kernel: mm/page_alloc.c free_area_init_nodes 7352   node   0: [mem 0x0000000000059000-0x0000000000087fff]
[    0.015258] kernel: mm/page_alloc.c free_area_init_nodes 7352   node   0: [mem 0x0000000000100000-0x0000000073e41fff]
[    0.015259] kernel: mm/page_alloc.c free_area_init_nodes 7352   node   0: [mem 0x0000000073e6d000-0x000000008a10dfff]
[    0.015260] kernel: mm/page_alloc.c free_area_init_nodes 7352   node   0: [mem 0x000000008aefe000-0x000000008aefefff]
[    0.015261] kernel: mm/page_alloc.c free_area_init_nodes 7352   node   0: [mem 0x0000000100000000-0x000000026effffff]
[    0.015550] kernel: mm/page_alloc.c zero_resv_unavail 6930 Zeroed struct page in unavailable ranges: 24470 pages
[    0.015552] kernel: mm/page_alloc.c free_area_init_node 6857 Initmem setup node 0 [mem 0x0000000000001000-0x000000026effffff]
[    0.015553] kernel: On node 0 totalpages: 2068586
[    0.015554] kernel:   DMA zone: 64 pages used for memmap
[    0.015555] kernel:   DMA zone: 96 pages reserved
[    0.015556] kernel:   DMA zone: 3974 pages, LIFO batch:0
[    0.015622] kernel:   DMA32 zone: 8772 pages used for memmap
[    0.015623] kernel:   DMA32 zone: 561380 pages, LIFO batch:63
[    0.028001] kernel:   Normal zone: 23488 pages used for memmap
[    0.028001] kernel:   Normal zone: 1503232 pages, LIFO batch:63
[    0.052101] kernel: Reserving Intel graphics memory at [mem 0x8c000000-0x8fffffff]
[    0.052610] kernel: ACPI: PM-Timer IO Port: 0x1808
[    0.052612] kernel: ACPI: Local APIC address 0xfee00000
[    0.052620] kernel: drivers/acpi/tables.c acpi_table_print_madt_entry 121 ACPI: LAPIC_NMI (acpi_id[0x01] high edge lint[0x1])
[    0.052621] kernel: drivers/acpi/tables.c acpi_table_print_madt_entry 121 ACPI: LAPIC_NMI (acpi_id[0x02] high edge lint[0x1])
[    0.052622] kernel: drivers/acpi/tables.c acpi_table_print_madt_entry 121 ACPI: LAPIC_NMI (acpi_id[0x03] high edge lint[0x1])
[    0.052623] kernel: drivers/acpi/tables.c acpi_table_print_madt_entry 121 ACPI: LAPIC_NMI (acpi_id[0x04] high edge lint[0x1])
[    0.052624] kernel: drivers/acpi/tables.c acpi_table_print_madt_entry 121 ACPI: LAPIC_NMI (acpi_id[0x05] high edge lint[0x1])
[    0.052625] kernel: drivers/acpi/tables.c acpi_table_print_madt_entry 121 ACPI: LAPIC_NMI (acpi_id[0x06] high edge lint[0x1])
[    0.052626] kernel: drivers/acpi/tables.c acpi_table_print_madt_entry 121 ACPI: LAPIC_NMI (acpi_id[0x07] high edge lint[0x1])
[    0.052626] kernel: drivers/acpi/tables.c acpi_table_print_madt_entry 121 ACPI: LAPIC_NMI (acpi_id[0x08] high edge lint[0x1])
[    0.052654] kernel: arch/x86/kernel/apic/io_apic.c mp_register_ioapic 2876 IOAPIC[0]: apic_id 2, version 32, address 0xfec00000, GSI 0-119
[    0.052657] kernel: drivers/acpi/tables.c acpi_table_print_madt_entry 94 ACPI: INT_SRC_OVR (bus 0 bus_irq 0 global_irq 2 dfl dfl)
[    0.052658] kernel: drivers/acpi/tables.c acpi_table_print_madt_entry 94 ACPI: INT_SRC_OVR (bus 0 bus_irq 9 global_irq 9 high level)
[    0.052660] kernel: ACPI: IRQ0 used by override.
[    0.052661] kernel: ACPI: IRQ9 used by override.
[    0.052663] kernel: Using ACPI (MADT) for SMP configuration information
[    0.052665] kernel: ACPI: HPET id: 0x8086a201 base: 0xfed00000
[    0.052674] kernel: arch/x86/kernel/smpboot.c prefill_possible_map 1511 smpboot: Allowing 4 CPUs, 0 hotplug CPUs
[    0.052700] kernel: kernel/power/snapshot.c __register_nosave_region 974 PM: Registered nosave memory: [mem 0x00000000-0x00000fff]
[    0.052702] kernel: kernel/power/snapshot.c __register_nosave_region 974 PM: Registered nosave memory: [mem 0x00058000-0x00058fff]
[    0.052704] kernel: kernel/power/snapshot.c __register_nosave_region 974 PM: Registered nosave memory: [mem 0x00088000-0x000fffff]
[    0.052707] kernel: kernel/power/snapshot.c __register_nosave_region 974 PM: Registered nosave memory: [mem 0x73e42000-0x73e42fff]
[    0.052708] kernel: kernel/power/snapshot.c __register_nosave_region 974 PM: Registered nosave memory: [mem 0x73e43000-0x73e6cfff]
[    0.052710] kernel: kernel/power/snapshot.c __register_nosave_region 974 PM: Registered nosave memory: [mem 0x8a10e000-0x8a30dfff]
[    0.052711] kernel: kernel/power/snapshot.c __register_nosave_region 974 PM: Registered nosave memory: [mem 0x8a30e000-0x8aafdfff]
[    0.052711] kernel: kernel/power/snapshot.c __register_nosave_region 974 PM: Registered nosave memory: [mem 0x8aafe000-0x8adfdfff]
[    0.052712] kernel: kernel/power/snapshot.c __register_nosave_region 974 PM: Registered nosave memory: [mem 0x8adfe000-0x8aefdfff]
[    0.052714] kernel: kernel/power/snapshot.c __register_nosave_region 974 PM: Registered nosave memory: [mem 0x8aeff000-0x8fffffff]
[    0.052715] kernel: kernel/power/snapshot.c __register_nosave_region 974 PM: Registered nosave memory: [mem 0x90000000-0xdfffffff]
[    0.052716] kernel: kernel/power/snapshot.c __register_nosave_region 974 PM: Registered nosave memory: [mem 0xe0000000-0xefffffff]
[    0.052717] kernel: kernel/power/snapshot.c __register_nosave_region 974 PM: Registered nosave memory: [mem 0xf0000000-0xfcffffff]
[    0.052718] kernel: kernel/power/snapshot.c __register_nosave_region 974 PM: Registered nosave memory: [mem 0xfd000000-0xfe7fffff]
[    0.052719] kernel: kernel/power/snapshot.c __register_nosave_region 974 PM: Registered nosave memory: [mem 0xfe800000-0xfeafffff]
[    0.052719] kernel: kernel/power/snapshot.c __register_nosave_region 974 PM: Registered nosave memory: [mem 0xfeb00000-0xfeb03fff]
[    0.052720] kernel: kernel/power/snapshot.c __register_nosave_region 974 PM: Registered nosave memory: [mem 0xfeb04000-0xfebfffff]
[    0.052721] kernel: kernel/power/snapshot.c __register_nosave_region 974 PM: Registered nosave memory: [mem 0xfec00000-0xfec00fff]
[    0.052722] kernel: kernel/power/snapshot.c __register_nosave_region 974 PM: Registered nosave memory: [mem 0xfec01000-0xfecfffff]
[    0.052723] kernel: kernel/power/snapshot.c __register_nosave_region 974 PM: Registered nosave memory: [mem 0xfed00000-0xfed00fff]
[    0.052724] kernel: kernel/power/snapshot.c __register_nosave_region 974 PM: Registered nosave memory: [mem 0xfed01000-0xfed0ffff]
[    0.052724] kernel: kernel/power/snapshot.c __register_nosave_region 974 PM: Registered nosave memory: [mem 0xfed10000-0xfed19fff]
[    0.052725] kernel: kernel/power/snapshot.c __register_nosave_region 974 PM: Registered nosave memory: [mem 0xfed1a000-0xfed83fff]
[    0.052726] kernel: kernel/power/snapshot.c __register_nosave_region 974 PM: Registered nosave memory: [mem 0xfed84000-0xfed84fff]
[    0.052727] kernel: kernel/power/snapshot.c __register_nosave_region 974 PM: Registered nosave memory: [mem 0xfed85000-0xfedfffff]
[    0.052728] kernel: kernel/power/snapshot.c __register_nosave_region 974 PM: Registered nosave memory: [mem 0xfee00000-0xfee00fff]
[    0.052729] kernel: kernel/power/snapshot.c __register_nosave_region 974 PM: Registered nosave memory: [mem 0xfee01000-0xff9fffff]
[    0.052729] kernel: kernel/power/snapshot.c __register_nosave_region 974 PM: Registered nosave memory: [mem 0xffa00000-0xffffffff]
[    0.052732] kernel: arch/x86/kernel/e820.c e820__setup_pci_gap 666 [mem 0x90000000-0xdfffffff] available for PCI devices
[    0.052733] kernel: Booting paravirtualized kernel on bare hardware
[    0.052737] kernel: kernel/time/clocksource.c __clocksource_update_freq_scale 902 clocksource: refined-jiffies: mask: 0xffffffff max_cycles: 0xffffffff, max_idle_ns: 7645519600211568 ns
[    0.052739] kernel: init/main.c setup_command_line 377 init/main.c setup_command_line
[    0.052745] kernel: kernel/smp.c setup_nr_cpu_ids 575 smp: kernel/smp.c setup_nr_cpu_ids
[    0.052746] kernel: arch/x86/kernel/setup_percpu.c setup_per_cpu_areas 174 setup_percpu: NR_CPUS:8192 nr_cpumask_bits:4 nr_cpu_ids:4 nr_node_ids:1
[    0.053041] kernel: mm/percpu.c pcpu_embed_first_chunk 2794 percpu: Embedded 55 pages/cpu s188416 r8192 d28672 u524288
[    0.053049] kernel: pcpu-alloc: s188416 r8192 d28672 u524288 alloc=1*2097152
[    0.053050] kernel: pcpu-alloc: [0] 0 1 2 3 
[    0.053080] kernel: kernel/cpu.c boot_cpu_hotplug_init 2337 kernel/cpu.c boot_cpu_hotplug_init
[    0.053080] kernel: mm/page_alloc.c build_all_zonelists 5780 mm/page_alloc.c build_all_zonelists
[    0.053084] kernel: mm/page_alloc.c build_all_zonelists 5800 Built 1 zonelists, mobility grouping on.  Total pages: 2036166
[    0.053085] kernel: mm/page_alloc.c build_all_zonelists 5805 Policy zone: Normal
[    0.053086] kernel: mm/page_alloc.c page_alloc_init 7601 mm/page_alloc.c page_alloc_init
[    0.053088] kernel: init/main.c start_kernel 614 Kernel command line: BOOT_IMAGE=/boot/vmlinuz-5.3.1 root=UUID=0df0ec6d-15f8-47d8-a618-50937a2a0db2 ro quiet splash vt.handoff=7
[    0.053089] kernel: kernel/jump_label.c jump_label_init 453 kernel/jump_label.c jump_label_init
[    0.053089] kernel: init/main.c parse_early_param 484 init/main.c parse_early_param
[    0.053216] kernel: kernel/printk/printk.c setup_log_buf 1141 printk: kernel/printk/printk.c setup_log_buf
[    0.053217] kernel: fs/dcache.c vfs_caches_init_early 3195 fs/dcache.c vfs_caches_init_early
[    0.054027] kernel: mm/page_alloc.c alloc_large_system_hash 8121 Dentry cache hash table entries: 1048576 (order: 11, 8388608 bytes, linear)
[    0.054478] kernel: mm/page_alloc.c alloc_large_system_hash 8121 Inode-cache hash table entries: 524288 (order: 10, 4194304 bytes, linear)
[    0.054480] kernel: kernel/extable.c sort_main_extable 37 kernel/extable.c sort_main_extable
[    0.054536] kernel: init/main.c mm_init 555 init/main.c mm_init
[    0.054537] kernel: init/main.c report_meminit 543 mem auto-init: stack:off, heap alloc:off, heap free:off
[    0.061747] kernel: Calgary: detecting Calgary via BIOS EBDA area
[    0.061749] kernel: Calgary: Unable to locate Rio Grande table in EBDA - bailing!
[    0.096602] kernel: mm/page_alloc.c mem_init_print_info 7521 Memory: 7759032K/8274344K available (14339K kernel code, 2392K rwdata, 4660K rodata, 2680K init, 5040K bss, 515312K reserved, 0K cma-reserved)
[    0.096742] kernel: mm/slub.c kmem_cache_init 4261 SLUB: HWalign=64, Order=0-3, MinObjects=0, CPUs=4, Nodes=1
[    0.096756] kernel: arch/x86/mm/pti.c pti_init 626 Kernel/User page tables isolation: enabled
[    0.096774] kernel: kernel/trace/ftrace.c ftrace_init 6165 kernel/trace/ftrace.c ftrace_init
[    0.096776] kernel: kernel/trace/ftrace.c ftrace_init 6183 ftrace: allocating 42789 entries in 168 pages
[    0.117470] kernel: kernel/trace/trace.c early_trace_init 9170 kernel/trace/trace.c early_trace_init
[    0.117511] kernel: kernel/sched/core.c sched_init 6387 kernel/sched/core.c sched_init
[    0.117533] kernel: kernel/sched/core.c init_idle 5845 
[    0.117537] kernel: lib/radix-tree.c radix_tree_init 1605 lib/radix-tree.c radix_tree_init
[    0.117540] kernel: kernel/sched/isolation.c housekeeping_init 60 kernel/sched/isolation.c housekeeping_init
[    0.117542] kernel: kernel/workqueue.c workqueue_init_early 5859 kernel/workqueue.c workqueue_init_early
[    0.117568] kernel: kernel/rcu/tree.c rcu_init 3460 rcu: kernel/rcu/tree.c rcu_init
[    0.117570] kernel: kernel/rcu/tree_plugin.h rcu_bootup_announce 801 rcu: Hierarchical RCU implementation.
[    0.117571] kernel: kernel/rcu/tree_plugin.h rcu_bootup_announce_oddness 48 rcu:         RCU restricting CPUs from NR_CPUS=8192 to nr_cpu_ids=4.
[    0.117573] kernel: kernel/rcu/update.c rcu_tasks_bootup_oddness 805         Tasks RCU enabled.
[    0.117574] kernel: kernel/rcu/tree.c adjust_jiffies_till_sched_qs 449 rcu: RCU calculated value of scheduler-enlistment delay is 25 jiffies.
[    0.117575] kernel: kernel/rcu/tree.c rcu_init_geometry 3382 rcu: Adjusting geometry for rcu_fanout_leaf=16, nr_cpu_ids=4
[    0.117580] kernel: kernel/trace/trace.c trace_init 9184 kernel/trace/trace.c trace_init
[    0.121385] kernel: kernel/irq/irqdesc.c early_irq_init 521 kernel/irq/irqdesc.c early_irq_init
[    0.121402] kernel: NR_IRQS: 524544, nr_irqs: 1024, preallocated irqs: 16
[    0.121639] kernel: kernel/time/tick-common.c tick_init 575 kernel/time/tick-common.c tick_init
[    0.121641] kernel: kernel/time/timer.c init_timers 1946 kernel/time/timer.c init_timers
[    0.121642] kernel: kernel/time/hrtimer.c hrtimers_init 1896 kernel/time/hrtimer.c hrtimers_init
[    0.121643] kernel: kernel/softirq.c softirq_init 577 softirq: kernel/softirq.c softirq_init
[    0.121644] kernel: kernel/time/timekeeping.c timekeeping_init 1534 kernel/time/timekeeping.c timekeeping_init
[    0.121742] kernel: drivers/char/random.c rand_initialize 1898 drivers/char/random.c rand_initialize
[    0.121797] kernel: drivers/char/random.c crng_initialize 887 random: crng done (trusting CPU's manufacturer)
[    0.121801] kernel: kernel/printk/printk_safe.c printk_safe_init 391 kernel/printk/printk_safe.c printk_safe_init
[    0.121802] kernel: kernel/events/core.c perf_event_init 12097 kernel/events/core.c perf_event_init
[    0.121823] kernel: kernel/profile.c profile_init 105 kernel/profile.c profile_init
[    0.121827] kernel: kernel/smp.c call_function_init 92 smp: kernel/smp.c call_function_init
[    0.121834] kernel: kernel/printk/printk.c console_init 2859 printk: kernel/printk/printk.c console_init
[    0.121849] kernel: drivers/tty/vt/vt.c con_init 3374 Console: colour dummy device 80x25
[    0.121860] kernel: kernel/printk/printk.c register_console 2789 printk: console [tty0] enabled
[    0.121867] kernel: arch/x86/mm/mem_encrypt.c mem_encrypt_init 408 arch/x86/mm/mem_encrypt.c mem_encrypt_init
[    0.121868] kernel: mm/page_alloc.c setup_per_cpu_pageset 6142 mm/page_alloc.c setup_per_cpu_pageset
[    0.121872] kernel: mm/mempolicy.c numa_policy_init 2672 mempolicy: mm/mempolicy.c numa_policy_init
[    0.121881] kernel: drivers/acpi/bus.c acpi_early_init 1020 drivers/acpi/bus.c acpi_early_init
[    0.121882] kernel: ACPI: Core revision 20190703
[    0.122315] kernel: kernel/time/clocksource.c __clocksource_update_freq_scale 902 clocksource: hpet: mask: 0xffffffff max_cycles: 0xffffffff, max_idle_ns: 79635855245 ns
[    0.122390] kernel: arch/x86/kernel/apic/apic.c apic_intr_mode_init 1446 APIC: Switch to symmetric I/O mode setup
[    0.122393] kernel: drivers/iommu/dmar.c parse_dmar_table 635 DMAR: Host address width 39
[    0.122394] kernel: drivers/iommu/dmar.c dmar_table_print_dmar_entry 501 DMAR: DRHD base: 0x000000fed90000 flags: 0x0
[    0.122402] kernel: drivers/iommu/dmar.c alloc_iommu 1057 DMAR: dmar0: reg_base_addr fed90000 ver 1:0 cap 1c0000c40660462 ecap 7e3ff0505e
[    0.122403] kernel: drivers/iommu/dmar.c dmar_table_print_dmar_entry 501 DMAR: DRHD base: 0x000000fed91000 flags: 0x1
[    0.122408] kernel: drivers/iommu/dmar.c alloc_iommu 1057 DMAR: dmar1: reg_base_addr fed91000 ver 1:0 cap d2008c40660462 ecap f050da
[    0.122409] kernel: drivers/iommu/dmar.c dmar_table_print_dmar_entry 507 DMAR: RMRR base: 0x0000008aa29000 end: 0x0000008aa48fff
[    0.122410] kernel: drivers/iommu/dmar.c dmar_table_print_dmar_entry 507 DMAR: RMRR base: 0x0000008b800000 end: 0x0000008fffffff
[    0.122412] kernel: drivers/iommu/dmar.c dmar_parse_one_andd 451 DMAR: ANDD device: 1 name: \_SB.PCI0.I2C0
[    0.122413] kernel: drivers/iommu/dmar.c dmar_parse_one_andd 451 DMAR: ANDD device: 2 name: \_SB.PCI0.I2C1
[    0.122415] kernel: drivers/iommu/intel_irq_remapping.c ir_parse_one_ioapic_scope 918 DMAR-IR: IOAPIC id 2 under DRHD base  0xfed91000 IOMMU 1
[    0.122416] kernel: drivers/iommu/intel_irq_remapping.c ir_parse_one_hpet_scope 873 DMAR-IR: HPET id 0 under DRHD base 0xfed91000
[    0.122417] kernel: drivers/iommu/intel_irq_remapping.c intel_prepare_irq_remapping 742 DMAR-IR: x2apic is disabled because BIOS sets x2apic opt out bit.
[    0.122418] kernel: drivers/iommu/intel_irq_remapping.c intel_prepare_irq_remapping 743 DMAR-IR: Use 'intremap=no_x2apic_optout' to override the BIOS setting.
[    0.124267] kernel: drivers/iommu/intel_irq_remapping.c intel_enable_irq_remapping 825 DMAR-IR: Enabled IRQ remapping in xapic mode
[    0.124268] kernel: arch/x86/kernel/apic/apic.c try_to_enable_x2apic 1837 x2apic: IRQ remapping doesn't support X2APIC mode
[    0.128384] kernel: ..TIMER: vector=0x30 apic1=0 pin1=2 apic2=-1 pin2=-1
[    0.146362] kernel: kernel/time/clocksource.c __clocksource_update_freq_scale 902 clocksource: tsc-early: mask: 0xffffffffffffffff max_cycles: 0x22983777dd9, max_idle_ns: 440795300422 ns
[    0.146364] kernel: kernel/sched/clock.c sched_clock_init 209 kernel/sched/clock.c sched_clock_init
[    0.146368] kernel: init/calibrate.c calibrate_delay 293 Calibrating delay loop (skipped), value calculated using timer frequency.. 4800.00 BogoMIPS (lpj=9600000)
[    0.146370] kernel: kernel/pid.c pid_idr_init 526 kernel/pid.c pid_idr_init
[    0.146371] kernel: kernel/pid.c pid_idr_init 535 pid_max: default: 32768 minimum: 301
[    0.146376] kernel: mm/rmap.c anon_vma_init 434 mm/rmap.c anon_vma_init
[    0.146382] kernel: arch/x86/platform/efi/efi.c efi_enter_virtual_mode 1028 efi: arch/x86/platform/efi/efi.c efi_enter_virtual_mode
[    0.154375] kernel: init/main.c thread_stack_cache_init 506 init/main.c thread_stack_cache_init
[    0.154377] kernel: kernel/cred.c cred_init 658 kernel/cred.c cred_init
[    0.154392] kernel: kernel/fork.c fork_init 789 kernel/fork.c fork_init
[    0.154397] kernel: kernel/fork.c proc_caches_init 2677 kernel/fork.c proc_caches_init
[    0.154414] kernel: kernel/utsname.c uts_ns_init 173 kernel/utsname.c uts_ns_init
[    0.154417] kernel: fs/buffer.c buffer_init 3451 fs/buffer.c buffer_init
[    0.154421] kernel: security/keys/key.c key_init 1179 security/keys/key.c key_init
[    0.154423] kernel: security/security.c security_init 333 LSM: security/security.c security_init
[    0.154424] kernel: security/security.c security_init 337 LSM: Security Framework initializing
[    0.154436] kernel: security/yama/yama_lsm.c yama_init 479 Yama: becoming mindful.
[    0.154457] kernel: AppArmor: AppArmor initialized
[    0.154458] kernel: kernel/debug/debug_core.c dbg_late_init 929 KGDB: kernel/debug/debug_core.c dbg_late_init
[    0.154483] kernel: fs/dcache.c vfs_caches_init 3207 fs/dcache.c vfs_caches_init
[    0.154512] kernel: mm/page_alloc.c alloc_large_system_hash 8121 Mount-cache hash table entries: 16384 (order: 5, 131072 bytes, linear)
[    0.154530] kernel: mm/page_alloc.c alloc_large_system_hash 8121 Mountpoint-cache hash table entries: 16384 (order: 5, 131072 bytes, linear)
[    0.154595] kernel: mm/filemap.c pagecache_init 998 mm/filemap.c pagecache_init
[    0.154599] kernel: kernel/signal.c signals_init 4569 kernel/signal.c signals_init
[    0.154601] kernel: fs/seq_file.c seq_file_init 1110 fs/seq_file.c seq_file_init
[    0.154603] kernel: fs/proc/root.c proc_root_init 218 fs/proc/root.c proc_root_init
[    0.154716] kernel: fs/nsfs.c nsfs_init 281 fs/nsfs.c nsfs_init
[    0.154723] kernel: kernel/cgroup/cpuset.c cpuset_init 2808 kernel/cgroup/cpuset.c cpuset_init
[    0.154724] kernel: kernel/cgroup/cgroup.c cgroup_init 5718 cgroup: kernel/cgroup/cgroup.c cgroup_init
[    0.154770] kernel: kernel/taskstats.c taskstats_init_early 690 kernel/taskstats.c taskstats_init_early
[    0.154775] kernel: kernel/delayacct.c delayacct_init 30 kernel/delayacct.c delayacct_init
[    0.154782] kernel: arch/x86/mm/init.c poking_init 712 arch/x86/mm/init.c poking_init
[    0.154792] kernel: init/main.c start_kernel 785 init/main.c start_kernel 785
[    0.154833] kernel: mce: CPU0: Thermal monitoring enabled (TM1)
[    0.154853] kernel: arch/x86/kernel/process.c select_idle_routine 719 process: using mwait in idle threads
[    0.154857] kernel: arch/x86/kernel/cpu/common.c cpu_detect_tlb 719 Last level iTLB entries: 4KB 64, 2MB 8, 4MB 8
[    0.154858] kernel: arch/x86/kernel/cpu/common.c cpu_detect_tlb 723 Last level dTLB entries: 4KB 64, 2MB 0, 4MB 0, 1GB 4
[    0.154862] kernel: arch/x86/kernel/cpu/bugs.c spectre_v1_select_mitigation 353 Spectre V1 : Mitigation: usercopy/swapgs barriers and __user pointer sanitization
[    0.154864] kernel: arch/x86/kernel/cpu/bugs.c spectre_v2_select_mitigation 701 Spectre V2 : Mitigation: Full generic retpoline
[    0.154865] kernel: arch/x86/kernel/cpu/bugs.c spectre_v2_select_mitigation 712 Spectre V2 : Spectre v2 / SpectreRSB mitigation: Filling RSB on context switch
[    0.154865] kernel: arch/x86/kernel/cpu/bugs.c spectre_v2_select_mitigation 727 Spectre V2 : Enabling Restricted Speculation for firmware calls
[    0.154867] kernel: arch/x86/kernel/cpu/bugs.c spectre_v2_user_select_mitigation 543 Spectre V2 : mitigation: Enabling conditional Indirect Branch Prediction Barrier
[    0.154868] kernel: arch/x86/kernel/cpu/bugs.c spectre_v2_user_select_mitigation 562 Spectre V2 : User space: Mitigation: STIBP via seccomp and prctl
[    0.154870] kernel: arch/x86/kernel/cpu/bugs.c ssb_select_mitigation 964 Speculative Store Bypass: Mitigation: Speculative Store Bypass disabled via prctl and seccomp
[    0.154874] kernel: arch/x86/kernel/cpu/bugs.c mds_select_mitigation 247 MDS: Mitigation: Clear CPU buffers
[    0.155196] kernel: mm/page_alloc.c free_reserved_area 7469 Freeing SMP alternatives memory: 36K
[    0.157368] kernel: drivers/acpi/bus.c acpi_subsystem_init 1094 drivers/acpi/bus.c acpi_subsystem_init
[    0.158378] kernel: arch/x86/kernel/process.c arch_post_acpi_subsys_init 737 process: arch/x86/kernel/process.c arch_post_acpi_subsys_init
[    0.158380] kernel: drivers/sfi/sfi_core.c sfi_init_late 503 SFI: drivers/sfi/sfi_core.c sfi_init_late
[    0.158381] kernel: init/main.c rest_init 409 init/main.c rest_init
[    0.158448] kernel: kernel/sched/core.c __schedule 3819 __schedule_times: 0
[    0.158451] kernel: init/main.c kernel_init 1119 init/main.c kernel_init
[    0.158452] kernel: kernel/sched/core.c __schedule 3819 __schedule_times: 1
[    0.158466] kernel: kernel/sched/core.c __schedule 3819 __schedule_times: 2
[    0.158481] kernel: TSC deadline timer enabled
[    0.158486] kernel: arch/x86/kernel/smpboot.c native_smp_prepare_cpus 1368 smpboot: CPU0: Intel(R) Core(TM) i5-6200U CPU @ 2.30GHz (family: 0x6, model: 0x4e, stepping: 0x3)
[    0.158491] kernel: kernel/sched/core.c __schedule 3819 __schedule_times: 3
[    0.158502] kernel: kernel/sched/core.c __schedule 3819 __schedule_times: 4
[    0.158505] kernel: kernel/sched/core.c __schedule 3819 __schedule_times: 5
[    0.158510] kernel: kernel/sched/core.c __schedule 3819 __schedule_times: 6
[    0.158518] kernel: kernel/sched/core.c __schedule 3819 __schedule_times: 7
[    0.158521] kernel: kernel/sched/core.c __schedule 3819 __schedule_times: 8
[    0.158522] kernel: kernel/sched/core.c __schedule 3819 __schedule_times: 9
[    0.158524] kernel: kernel/sched/core.c __schedule 3819 __schedule_times: 10
[    0.158528] kernel: kernel/sched/core.c __schedule 3819 __schedule_times: 11
[    0.158536] kernel: kernel/sched/core.c __schedule 3819 __schedule_times: 12
[    0.158538] kernel: kernel/sched/core.c __schedule 3819 __schedule_times: 13
[    0.158539] kernel: kernel/sched/core.c __schedule 3819 __schedule_times: 14
[    0.158541] kernel: kernel/sched/core.c __schedule 3819 __schedule_times: 15
[    0.158545] kernel: kernel/sched/core.c __schedule 3819 __schedule_times: 16
[    0.158553] kernel: kernel/sched/core.c __schedule 3819 __schedule_times: 17
[    0.158556] kernel: kernel/sched/core.c __schedule 3819 __schedule_times: 18
[    0.158564] kernel: kernel/sched/core.c __schedule 3819 __schedule_times: 19
[    0.158565] kernel: kernel/sched/core.c __schedule 3819 __schedule_times: 20
[    0.158567] kernel: kernel/sched/core.c __schedule 3819 __schedule_times: 21
[    0.158577] kernel: kernel/sched/core.c __schedule 3819 __schedule_times: 22
[    0.158579] kernel: kernel/sched/core.c __schedule 3819 __schedule_times: 23
[    0.158581] kernel: kernel/sched/core.c __schedule 3819 __schedule_times: 24
[    0.158585] kernel: kernel/sched/core.c __schedule 3819 __schedule_times: 25
[    0.158593] kernel: kernel/sched/core.c __schedule 3819 __schedule_times: 26
[    0.158594] kernel: kernel/sched/core.c __schedule 3819 __schedule_times: 27
[    0.158596] kernel: kernel/sched/core.c __schedule 3819 __schedule_times: 28
[    0.158603] kernel: kernel/sched/core.c __schedule 3819 __schedule_times: 29
[    0.158610] kernel: kernel/sched/core.c __schedule 3819 __schedule_times: 30
[    0.158612] kernel: kernel/sched/core.c __schedule 3819 __schedule_times: 31
[    0.158613] kernel: kernel/sched/core.c __schedule 3819 __schedule_times: 32
[    0.158615] kernel: kernel/sched/core.c __schedule 3819 __schedule_times: 33
[    0.158623] kernel: arch/x86/events/core.c init_hw_perf_events 1752 Performance Events: PEBS fmt3+, Skylake events, 32-deep LBR, full-width counters, Intel PMU driver.
[    0.158630] kernel: arch/x86/events/core.c init_hw_perf_events 1803 ... version:                4
[    0.158631] kernel: arch/x86/events/core.c init_hw_perf_events 1804 ... bit width:              48
[    0.158631] kernel: arch/x86/events/core.c init_hw_perf_events 1805 ... generic registers:      4
[    0.158633] kernel: arch/x86/events/core.c init_hw_perf_events 1806 ... value mask:             0000ffffffffffff
[    0.158633] kernel: arch/x86/events/core.c init_hw_perf_events 1807 ... max period:             00007fffffffffff
[    0.158634] kernel: arch/x86/events/core.c init_hw_perf_events 1808 ... fixed-purpose events:   3
[    0.158635] kernel: arch/x86/events/core.c init_hw_perf_events 1809 ... event mask:             000000070000000f
[    0.158665] kernel: kernel/sched/core.c __schedule 3819 __schedule_times: 34
[    0.158673] kernel: kernel/sched/core.c __schedule 3819 __schedule_times: 35
[    0.158676] kernel: kernel/sched/core.c __schedule 3819 __schedule_times: 36
[    0.158677] kernel: kernel/sched/core.c __schedule 3819 __schedule_times: 37
[    0.158679] kernel: kernel/sched/core.c __schedule 3819 __schedule_times: 38
[    0.158681] kernel: kernel/sched/core.c __schedule 3819 __schedule_times: 39
[    0.158683] kernel: kernel/sched/core.c __schedule 3819 __schedule_times: 40
[    0.158686] kernel: kernel/rcu/srcutree.c srcu_bootup_announce 1293 rcu: Hierarchical SRCU implementation.
[    0.158688] kernel: kernel/sched/core.c __schedule 3819 __schedule_times: 41
[    0.158698] kernel: kernel/sched/core.c __schedule 3819 __schedule_times: 42
[    0.158700] kernel: kernel/sched/core.c __schedule 3819 __schedule_times: 43
[    0.158702] kernel: kernel/sched/core.c __schedule 3819 __schedule_times: 44
[    0.158709] kernel: kernel/sched/core.c __schedule 3819 __schedule_times: 45
[    0.158726] kernel: kernel/sched/core.c __schedule 3819 __schedule_times: 46
[    0.158728] kernel: kernel/sched/core.c __schedule 3819 __schedule_times: 47
[    0.158730] kernel: kernel/sched/core.c __schedule 3819 __schedule_times: 48
[    0.158732] kernel: kernel/sched/core.c __schedule 3819 __schedule_times: 49
[    0.158734] kernel: kernel/sched/core.c __schedule 3819 __schedule_times: 50
[    0.158738] kernel: kernel/sched/core.c __schedule 3819 __schedule_times: 51
[    0.158740] kernel: kernel/sched/core.c __schedule 3819 __schedule_times: 52
[    0.159415] kernel: kernel/sched/core.c __schedule 3819 __schedule_times: 53
[    0.159424] kernel: kernel/sched/core.c __schedule 3819 __schedule_times: 54
[    0.159426] kernel: kernel/sched/core.c __schedule 3819 __schedule_times: 55
[    0.159428] kernel: kernel/sched/core.c __schedule 3819 __schedule_times: 56
[    0.159430] kernel: kernel/sched/core.c __schedule 3819 __schedule_times: 57
[    0.159631] kernel: kernel/sched/core.c __schedule 3819 __schedule_times: 58
[    0.159738] kernel: kernel/watchdog_hld.c hardlockup_detector_perf_enable 197 NMI watchdog: Enabled. Permanently consumes one hw-PMU counter.
[    0.159744] kernel: kernel/sched/core.c __schedule 3819 __schedule_times: 59
[    0.159756] kernel: kernel/sched/core.c init_idle 5845 
[    0.159764] kernel: kernel/sched/core.c init_idle 5845 
[    0.159777] kernel: kernel/sched/core.c init_idle 5845 
[    0.159779] kernel: kernel/sched/core.c __schedule 3819 __schedule_times: 60
[    0.159787] kernel: kernel/sched/core.c __schedule 3819 __schedule_times: 61
[    0.159792] kernel: kernel/sched/core.c __schedule 3819 __schedule_times: 62
[    0.159796] kernel: kernel/sched/core.c __schedule 3819 __schedule_times: 63
[    0.159799] kernel: kernel/sched/core.c __schedule 3819 __schedule_times: 64
[    0.159801] kernel: kernel/sched/core.c __schedule 3819 __schedule_times: 65
[    0.159804] kernel: kernel/smp.c smp_init 588 smp: Bringing up secondary CPUs ...
[    0.159806] kernel: kernel/sched/core.c init_idle 5845 
[    0.159808] kernel: kernel/sched/core.c __schedule 3819 __schedule_times: 66
[    0.159815] kernel: kernel/sched/core.c __schedule 3819 __schedule_times: 67
[    0.159817] kernel: kernel/sched/core.c __schedule 3819 __schedule_times: 68
[    0.159819] kernel: kernel/sched/core.c __schedule 3819 __schedule_times: 69
[    0.159822] kernel: kernel/sched/core.c __schedule 3819 __schedule_times: 70
[    0.159823] kernel: kernel/sched/core.c __schedule 3819 __schedule_times: 71
[    0.159826] kernel: kernel/sched/core.c __schedule 3819 __schedule_times: 72
[    0.159833] kernel: kernel/sched/core.c __schedule 3819 __schedule_times: 73
[    0.159835] kernel: kernel/sched/core.c __schedule 3819 __schedule_times: 74
[    0.159837] kernel: kernel/sched/core.c __schedule 3819 __schedule_times: 75
[    0.159839] kernel: kernel/sched/core.c __schedule 3819 __schedule_times: 76
[    0.159841] kernel: kernel/sched/core.c __schedule 3819 __schedule_times: 77
[    0.159849] kernel: kernel/sched/core.c __schedule 3819 __schedule_times: 78
[    0.159850] kernel: kernel/sched/core.c __schedule 3819 __schedule_times: 79
[    0.159853] kernel: kernel/sched/core.c __schedule 3819 __schedule_times: 80
[    0.159855] kernel: kernel/sched/core.c __schedule 3819 __schedule_times: 81
[    0.159857] kernel: kernel/sched/core.c __schedule 3819 __schedule_times: 82
[    0.159867] kernel: kernel/sched/core.c __schedule 3819 __schedule_times: 83
[    0.159869] kernel: kernel/sched/core.c __schedule 3819 __schedule_times: 84
[    0.159871] kernel: kernel/sched/core.c __schedule 3819 __schedule_times: 85
[    0.159873] kernel: kernel/sched/core.c __schedule 3819 __schedule_times: 86
[    0.159878] kernel: kernel/sched/core.c __schedule 3819 __schedule_times: 87
[    0.159886] kernel: kernel/sched/core.c __schedule 3819 __schedule_times: 88
[    0.159888] kernel: kernel/sched/core.c __schedule 3819 __schedule_times: 89
[    0.159891] kernel: kernel/sched/core.c __schedule 3819 __schedule_times: 90
[    0.159899] kernel: kernel/sched/core.c __schedule 3819 __schedule_times: 91
[    0.159900] kernel: kernel/sched/core.c __schedule 3819 __schedule_times: 92
[    0.159902] kernel: kernel/sched/core.c __schedule 3819 __schedule_times: 93
[    0.159912] kernel: kernel/sched/core.c init_idle 5845 
[    0.159917] kernel: [85B blob data]
[    0.159918] kernel: [76B blob data]
[    0.159919] kernel: arch/x86/kernel/smpboot.c announce_cpu 921 smpboot:    
[    0.159920] kernel: arch/x86/kernel/smpboot.c announce_cpu 923 smpboot:  #1
[    0.159976] kernel: kernel/sched/core.c __schedule 3819 __schedule_times: 94
[    0.159977] kernel: kernel/sched/core.c __schedule 3819 __schedule_times: 95
[    0.159978] kernel: kernel/sched/core.c __schedule 3819 __schedule_times: 96
[    0.159979] kernel: kernel/sched/core.c __schedule 3819 __schedule_times: 97
[    0.159980] kernel: kernel/sched/core.c __schedule 3819 __schedule_times: 98
[    0.159980] kernel: kernel/sched/core.c __schedule 3819 __schedule_times: 99
[    0.159981] kernel: kernel/sched/core.c __schedule 3819 __schedule_times: 100
[    0.159982] kernel: kernel/sched/core.c __schedule 3819 __schedule_times: 101
[    0.159983] kernel: kernel/sched/core.c __schedule 3819 __schedule_times: 102
[    0.159984] kernel: kernel/sched/core.c __schedule 3819 __schedule_times: 103
[    0.159985] kernel: kernel/sched/core.c __schedule 3819 __schedule_times: 104
[    0.159986] kernel: kernel/sched/core.c __schedule 3819 __schedule_times: 105
[    0.159987] kernel: kernel/sched/core.c __schedule 3819 __schedule_times: 106
[    0.159988] kernel: kernel/sched/core.c __schedule 3819 __schedule_times: 107
[    0.159989] kernel: kernel/sched/core.c __schedule 3819 __schedule_times: 108
[    0.159990] kernel: kernel/sched/core.c __schedule 3819 __schedule_times: 109
[    0.159991] kernel: kernel/sched/core.c __schedule 3819 __schedule_times: 110
[    0.159991] kernel: kernel/sched/core.c __schedule 3819 __schedule_times: 111
[    0.159992] kernel: kernel/sched/core.c __schedule 3819 __schedule_times: 112
[    0.159993] kernel: kernel/sched/core.c __schedule 3819 __schedule_times: 113
[    0.159994] kernel: kernel/sched/core.c __schedule 3819 __schedule_times: 114
[    0.159995] kernel: kernel/sched/core.c __schedule 3819 __schedule_times: 115
[    0.159996] kernel: kernel/sched/core.c __schedule 3819 __schedule_times: 116
[    0.159997] kernel: kernel/sched/core.c __schedule 3819 __schedule_times: 117
[    0.159998] kernel: kernel/sched/core.c __schedule 3819 __schedule_times: 118
[    0.159999] kernel: kernel/sched/core.c __schedule 3819 __schedule_times: 119
[    0.160000] kernel: kernel/sched/core.c __schedule 3819 __schedule_times: 120
[    0.160001] kernel: kernel/sched/core.c __schedule 3819 __schedule_times: 121
[    0.160001] kernel: kernel/sched/core.c __schedule 3819 __schedule_times: 122
[    0.160002] kernel: kernel/sched/core.c __schedule 3819 __schedule_times: 123
[    0.160003] kernel: kernel/sched/core.c __schedule 3819 __schedule_times: 124
[    0.160004] kernel: kernel/sched/core.c __schedule 3819 __schedule_times: 125
[    0.160005] kernel: kernel/sched/core.c __schedule 3819 __schedule_times: 126
[    0.160006] kernel: kernel/sched/core.c __schedule 3819 __schedule_times: 127
[    0.160007] kernel: kernel/sched/core.c __schedule 3819 __schedule_times: 128
[    0.160008] kernel: kernel/sched/core.c __schedule 3819 __schedule_times: 129
[    0.160008] kernel: kernel/sched/core.c __schedule 3819 __schedule_times: 130
[    0.160009] kernel: kernel/sched/core.c __schedule 3819 __schedule_times: 131
[    0.160010] kernel: kernel/sched/core.c __schedule 3819 __schedule_times: 132
[    0.160011] kernel: kernel/sched/core.c __schedule 3819 __schedule_times: 133
[    0.160012] kernel: kernel/sched/core.c __schedule 3819 __schedule_times: 134
[    0.160013] kernel: kernel/sched/core.c __schedule 3819 __schedule_times: 135
[    0.160014] kernel: kernel/sched/core.c __schedule 3819 __schedule_times: 136
[    0.160015] kernel: kernel/sched/core.c __schedule 3819 __schedule_times: 137
[    0.160015] kernel: kernel/sched/core.c __schedule 3819 __schedule_times: 138
[    0.160016] kernel: kernel/sched/core.c __schedule 3819 __schedule_times: 139
[    0.160017] kernel: kernel/sched/core.c __schedule 3819 __schedule_times: 140
[    0.160018] kernel: kernel/sched/core.c __schedule 3819 __schedule_times: 141
[    0.160019] kernel: kernel/sched/core.c __schedule 3819 __schedule_times: 142
[    0.160020] kernel: kernel/sched/core.c __schedule 3819 __schedule_times: 143
[    0.160021] kernel: kernel/sched/core.c __schedule 3819 __schedule_times: 144
[    0.160022] kernel: kernel/sched/core.c __schedule 3819 __schedule_times: 145
[    0.160022] kernel: kernel/sched/core.c __schedule 3819 __schedule_times: 146
[    0.160023] kernel: kernel/sched/core.c __schedule 3819 __schedule_times: 147
[    0.160024] kernel: kernel/sched/core.c __schedule 3819 __schedule_times: 148
[    0.160025] kernel: kernel/sched/core.c __schedule 3819 __schedule_times: 149
[    0.160026] kernel: kernel/sched/core.c __schedule 3819 __schedule_times: 150
[    0.160027] kernel: kernel/sched/core.c __schedule 3819 __schedule_times: 151
[    0.160028] kernel: kernel/sched/core.c __schedule 3819 __schedule_times: 152
[    0.160029] kernel: kernel/sched/core.c __schedule 3819 __schedule_times: 153
[    0.160030] kernel: kernel/sched/core.c __schedule 3819 __schedule_times: 154
[    0.160031] kernel: kernel/sched/core.c __schedule 3819 __schedule_times: 155
[    0.160032] kernel: kernel/sched/core.c __schedule 3819 __schedule_times: 156
[    0.160032] kernel: kernel/sched/core.c __schedule 3819 __schedule_times: 157
[    0.160033] kernel: kernel/sched/core.c __schedule 3819 __schedule_times: 158
[    0.160034] kernel: kernel/sched/core.c __schedule 3819 __schedule_times: 159
[    0.160035] kernel: kernel/sched/core.c __schedule 3819 __schedule_times: 160
[    0.160036] kernel: kernel/sched/core.c __schedule 3819 __schedule_times: 161
[    0.160037] kernel: kernel/sched/core.c __schedule 3819 __schedule_times: 162
[    0.160038] kernel: kernel/sched/core.c __schedule 3819 __schedule_times: 163
[    0.160039] kernel: kernel/sched/core.c __schedule 3819 __schedule_times: 164
[    0.160040] kernel: kernel/sched/core.c __schedule 3819 __schedule_times: 165
[    0.160041] kernel: kernel/sched/core.c __schedule 3819 __schedule_times: 166
[    0.160042] kernel: kernel/sched/core.c __schedule 3819 __schedule_times: 167
[    0.160043] kernel: kernel/sched/core.c __schedule 3819 __schedule_times: 168
[    0.160043] kernel: kernel/sched/core.c __schedule 3819 __schedule_times: 169
[    0.160044] kernel: kernel/sched/core.c __schedule 3819 __schedule_times: 170
[    0.160045] kernel: kernel/sched/core.c __schedule 3819 __schedule_times: 171
[    0.160046] kernel: kernel/sched/core.c __schedule 3819 __schedule_times: 172
[    0.160047] kernel: kernel/sched/core.c __schedule 3819 __schedule_times: 173
[    0.160048] kernel: kernel/sched/core.c __schedule 3819 __schedule_times: 174
[    0.160049] kernel: kernel/sched/core.c __schedule 3819 __schedule_times: 175
[    0.160050] kernel: kernel/sched/core.c __schedule 3819 __schedule_times: 176
[    0.160051] kernel: kernel/sched/core.c __schedule 3819 __schedule_times: 177
[    0.160052] kernel: kernel/sched/core.c __schedule 3819 __schedule_times: 178
[    0.160053] kernel: kernel/sched/core.c __schedule 3819 __schedule_times: 179
[    0.160054] kernel: kernel/sched/core.c __schedule 3819 __schedule_times: 180
[    0.160054] kernel: kernel/sched/core.c __schedule 3819 __schedule_times: 181
[    0.160055] kernel: kernel/sched/core.c __schedule 3819 __schedule_times: 182
[    0.160056] kernel: kernel/sched/core.c __schedule 3819 __schedule_times: 183
[    0.160057] kernel: kernel/sched/core.c __schedule 3819 __schedule_times: 184
[    0.160058] kernel: kernel/sched/core.c __schedule 3819 __schedule_times: 185
[    0.160059] kernel: kernel/sched/core.c __schedule 3819 __schedule_times: 186
[    0.160060] kernel: kernel/sched/core.c __schedule 3819 __schedule_times: 187
[    0.160061] kernel: kernel/sched/core.c __schedule 3819 __schedule_times: 188
[    0.160062] kernel: kernel/sched/core.c __schedule 3819 __schedule_times: 189
[    0.160062] kernel: kernel/sched/core.c __schedule 3819 __schedule_times: 190
[    0.160063] kernel: kernel/sched/core.c __schedule 3819 __schedule_times: 191
[    0.160064] kernel: kernel/sched/core.c __schedule 3819 __schedule_times: 192
[    0.160065] kernel: kernel/sched/core.c __schedule 3819 __schedule_times: 193
[    0.160066] kernel: kernel/sched/core.c __schedule 3819 __schedule_times: 194
[    0.160067] kernel: kernel/sched/core.c __schedule 3819 __schedule_times: 195
[    0.160068] kernel: kernel/sched/core.c __schedule 3819 __schedule_times: 196
[    0.160069] kernel: kernel/sched/core.c __schedule 3819 __schedule_times: 197
[    0.160070] kernel: kernel/sched/core.c __schedule 3819 __schedule_times: 198
[    0.160070] kernel: kernel/sched/core.c __schedule 3819 __schedule_times: 199
[    0.160071] kernel: kernel/sched/core.c __schedule 3819 __schedule_times: 200
[    0.160072] kernel: kernel/sched/core.c __schedule 3819 __schedule_times: 201
[    0.160073] kernel: kernel/sched/core.c __schedule 3819 __schedule_times: 202
[    0.160074] kernel: kernel/sched/core.c __schedule 3819 __schedule_times: 203
[    0.160075] kernel: kernel/sched/core.c __schedule 3819 __schedule_times: 204
[    0.160076] kernel: kernel/sched/core.c __schedule 3819 __schedule_times: 205
[    0.160077] kernel: kernel/sched/core.c __schedule 3819 __schedule_times: 206
[    0.160078] kernel: kernel/sched/core.c __schedule 3819 __schedule_times: 207
[    0.160079] kernel: kernel/sched/core.c __schedule 3819 __schedule_times: 208
[    0.160080] kernel: kernel/sched/core.c __schedule 3819 __schedule_times: 209
[    0.160080] kernel: kernel/sched/core.c __schedule 3819 __schedule_times: 210
[    0.160081] kernel: kernel/sched/core.c __schedule 3819 __schedule_times: 211
[    0.160082] kernel: kernel/sched/core.c __schedule 3819 __schedule_times: 212
[    0.160083] kernel: kernel/sched/core.c __schedule 3819 __schedule_times: 213
[    0.160084] kernel: kernel/sched/core.c __schedule 3819 __schedule_times: 214
[    0.160085] kernel: kernel/sched/core.c __schedule 3819 __schedule_times: 215
[    0.160086] kernel: kernel/sched/core.c __schedule 3819 __schedule_times: 216
[    0.160087] kernel: kernel/sched/core.c __schedule 3819 __schedule_times: 217
[    0.160088] kernel: kernel/sched/core.c __schedule 3819 __schedule_times: 218
[    0.160089] kernel: kernel/sched/core.c __schedule 3819 __schedule_times: 219
[    0.160090] kernel: kernel/sched/core.c __schedule 3819 __schedule_times: 220
[    0.160091] kernel: kernel/sched/core.c __schedule 3819 __schedule_times: 221
[    0.160092] kernel: kernel/sched/core.c __schedule 3819 __schedule_times: 222
[    0.160093] kernel: kernel/sched/core.c __schedule 3819 __schedule_times: 223
[    0.160093] kernel: kernel/sched/core.c __schedule 3819 __schedule_times: 224
[    0.160094] kernel: kernel/sched/core.c __schedule 3819 __schedule_times: 225
[    0.160095] kernel: kernel/sched/core.c __schedule 3819 __schedule_times: 226
[    0.160096] kernel: kernel/sched/core.c __schedule 3819 __schedule_times: 227
[    0.160097] kernel: kernel/sched/core.c __schedule 3819 __schedule_times: 228
[    0.160098] kernel: kernel/sched/core.c __schedule 3819 __schedule_times: 229
[    0.160099] kernel: kernel/sched/core.c __schedule 3819 __schedule_times: 230
[    0.160100] kernel: kernel/sched/core.c __schedule 3819 __schedule_times: 231
[    0.160101] kernel: kernel/sched/core.c __schedule 3819 __schedule_times: 232
[    0.160101] kernel: kernel/sched/core.c __schedule 3819 __schedule_times: 233
[    0.160102] kernel: kernel/sched/core.c __schedule 3819 __schedule_times: 234
[    0.160103] kernel: kernel/sched/core.c __schedule 3819 __schedule_times: 235
[    0.160104] kernel: kernel/sched/core.c __schedule 3819 __schedule_times: 236
[    0.160105] kernel: kernel/sched/core.c __schedule 3819 __schedule_times: 237
[    0.160106] kernel: kernel/sched/core.c __schedule 3819 __schedule_times: 238
[    0.160107] kernel: kernel/sched/core.c __schedule 3819 __schedule_times: 239
[    0.160109] kernel: kernel/sched/core.c __schedule 3819 __schedule_times: 240
[    0.160110] kernel: kernel/sched/core.c __schedule 3819 __schedule_times: 241
[    0.160111] kernel: kernel/sched/core.c __schedule 3819 __schedule_times: 242
[    0.160112] kernel: kernel/sched/core.c __schedule 3819 __schedule_times: 243
[    0.160113] kernel: kernel/sched/core.c __schedule 3819 __schedule_times: 244
[    0.160114] kernel: kernel/sched/core.c __schedule 3819 __schedule_times: 245
[    0.160114] kernel: kernel/sched/core.c __schedule 3819 __schedule_times: 246
[    0.160115] kernel: kernel/sched/core.c __schedule 3819 __schedule_times: 247
[    0.160116] kernel: kernel/sched/core.c __schedule 3819 __schedule_times: 248
[    0.160117] kernel: kernel/sched/core.c __schedule 3819 __schedule_times: 249
[    0.160118] kernel: kernel/sched/core.c __schedule 3819 __schedule_times: 250
[    0.160119] kernel: kernel/sched/core.c __schedule 3819 __schedule_times: 251
[    0.160120] kernel: kernel/sched/core.c __schedule 3819 __schedule_times: 252
[    0.160120] kernel: kernel/sched/core.c __schedule 3819 __schedule_times: 253
[    0.160121] kernel: kernel/sched/core.c __schedule 3819 __schedule_times: 254
[    0.160122] kernel: kernel/sched/core.c __schedule 3819 __schedule_times: 255
[    0.160123] kernel: kernel/sched/core.c __schedule 3819 __schedule_times: 256
[    0.160124] kernel: kernel/sched/core.c __schedule 3819 __schedule_times: 257
[    0.160125] kernel: kernel/sched/core.c __schedule 3819 __schedule_times: 258
[    0.160126] kernel: kernel/sched/core.c __schedule 3819 __schedule_times: 259
[    0.160127] kernel: kernel/sched/core.c __schedule 3819 __schedule_times: 260
[    0.160128] kernel: kernel/sched/core.c __schedule 3819 __schedule_times: 261
[    0.160129] kernel: kernel/sched/core.c __schedule 3819 __schedule_times: 262
[    0.160130] kernel: kernel/sched/core.c __schedule 3819 __schedule_times: 263
[    0.160131] kernel: kernel/sched/core.c __schedule 3819 __schedule_times: 264
[    0.160132] kernel: kernel/sched/core.c __schedule 3819 __schedule_times: 265
[    0.160133] kernel: kernel/sched/core.c __schedule 3819 __schedule_times: 266
[    0.160134] kernel: kernel/sched/core.c __schedule 3819 __schedule_times: 267
[    0.160135] kernel: kernel/sched/core.c __schedule 3819 __schedule_times: 268
[    0.160136] kernel: kernel/sched/core.c __schedule 3819 __schedule_times: 269
[    0.160137] kernel: kernel/sched/core.c __schedule 3819 __schedule_times: 270
[    0.160138] kernel: kernel/sched/core.c __schedule 3819 __schedule_times: 271
[    0.160139] kernel: kernel/sched/core.c __schedule 3819 __schedule_times: 272
[    0.160139] kernel: kernel/sched/core.c __schedule 3819 __schedule_times: 273
[    0.160141] kernel: kernel/sched/core.c __schedule 3819 __schedule_times: 274
[    0.160141] kernel: kernel/sched/core.c __schedule 3819 __schedule_times: 275
[    0.160142] kernel: kernel/sched/core.c __schedule 3819 __schedule_times: 276
[    0.160143] kernel: kernel/sched/core.c __schedule 3819 __schedule_times: 277
[    0.160144] kernel: kernel/sched/core.c __schedule 3819 __schedule_times: 278
[    0.160145] kernel: kernel/sched/core.c __schedule 3819 __schedule_times: 279
[    0.160146] kernel: kernel/sched/core.c __schedule 3819 __schedule_times: 280
[    0.160147] kernel: kernel/sched/core.c __schedule 3819 __schedule_times: 281
[    0.160148] kernel: kernel/sched/core.c __schedule 3819 __schedule_times: 282
[    0.160149] kernel: kernel/sched/core.c __schedule 3819 __schedule_times: 283
[    0.160151] kernel: kernel/sched/core.c __schedule 3819 __schedule_times: 284
[    0.160151] kernel: kernel/sched/core.c __schedule 3819 __schedule_times: 285
[    0.160153] kernel: kernel/sched/core.c __schedule 3819 __schedule_times: 286
[    0.160154] kernel: kernel/sched/core.c __schedule 3819 __schedule_times: 287
[    0.160155] kernel: kernel/sched/core.c __schedule 3819 __schedule_times: 288
[    0.160155] kernel: kernel/sched/core.c __schedule 3819 __schedule_times: 289
[    0.160156] kernel: kernel/sched/core.c __schedule 3819 __schedule_times: 290
[    0.160157] kernel: kernel/sched/core.c __schedule 3819 __schedule_times: 291
[    0.160158] kernel: kernel/sched/core.c __schedule 3819 __schedule_times: 292
[    0.160159] kernel: kernel/sched/core.c __schedule 3819 __schedule_times: 293
[    0.160161] kernel: kernel/sched/core.c __schedule 3819 __schedule_times: 294
[    0.160162] kernel: kernel/sched/core.c __schedule 3819 __schedule_times: 295
[    0.160163] kernel: kernel/sched/core.c __schedule 3819 __schedule_times: 296
[    0.160164] kernel: kernel/sched/core.c __schedule 3819 __schedule_times: 297
[    0.160165] kernel: kernel/sched/core.c __schedule 3819 __schedule_times: 298
[    0.160166] kernel: kernel/sched/core.c __schedule 3819 __schedule_times: 299
[    0.160166] kernel: kernel/sched/core.c __schedule 3819 __schedule_times: 300
[    0.160168] kernel: kernel/sched/core.c __schedule 3819 __schedule_times: 301
[    0.160169] kernel: kernel/sched/core.c __schedule 3819 __schedule_times: 302
[    0.160170] kernel: kernel/sched/core.c __schedule 3819 __schedule_times: 303
[    0.160171] kernel: kernel/sched/core.c __schedule 3819 __schedule_times: 304
[    0.160172] kernel: kernel/sched/core.c __schedule 3819 __schedule_times: 305
[    0.160173] kernel: kernel/sched/core.c __schedule 3819 __schedule_times: 306
[    0.160174] kernel: kernel/sched/core.c __schedule 3819 __schedule_times: 307
[    0.160175] kernel: kernel/sched/core.c __schedule 3819 __schedule_times: 308
[    0.160176] kernel: kernel/sched/core.c __schedule 3819 __schedule_times: 309
[    0.160177] kernel: kernel/sched/core.c __schedule 3819 __schedule_times: 310
[    0.160178] kernel: kernel/sched/core.c __schedule 3819 __schedule_times: 311
[    0.160179] kernel: kernel/sched/core.c __schedule 3819 __schedule_times: 312
[    0.160180] kernel: kernel/sched/core.c __schedule 3819 __schedule_times: 313
[    0.160181] kernel: kernel/sched/core.c __schedule 3819 __schedule_times: 314
[    0.160182] kernel: kernel/sched/core.c __schedule 3819 __schedule_times: 315
[    0.160184] kernel: kernel/sched/core.c __schedule 3819 __schedule_times: 316
[    0.160185] kernel: kernel/sched/core.c __schedule 3819 __schedule_times: 317
[    0.160186] kernel: kernel/sched/core.c __schedule 3819 __schedule_times: 318
[    0.160187] kernel: kernel/sched/core.c __schedule 3819 __schedule_times: 319
[    0.160188] kernel: kernel/sched/core.c __schedule 3819 __schedule_times: 320
[    0.160189] kernel: kernel/sched/core.c __schedule 3819 __schedule_times: 321
[    0.160190] kernel: kernel/sched/core.c __schedule 3819 __schedule_times: 322
[    0.160191] kernel: kernel/sched/core.c __schedule 3819 __schedule_times: 323
[    0.160193] kernel: kernel/sched/core.c __schedule 3819 __schedule_times: 324
[    0.160194] kernel: kernel/sched/core.c __schedule 3819 __schedule_times: 325
[    0.160196] kernel: kernel/sched/core.c __schedule 3819 __schedule_times: 326
[    0.160197] kernel: kernel/sched/core.c __schedule 3819 __schedule_times: 327
[    0.160198] kernel: kernel/sched/core.c __schedule 3819 __schedule_times: 328
[    0.160199] kernel: kernel/sched/core.c __schedule 3819 __schedule_times: 329
[    0.160200] kernel: kernel/sched/core.c __schedule 3819 __schedule_times: 330
[    0.160202] kernel: kernel/sched/core.c __schedule 3819 __schedule_times: 331
[    0.160203] kernel: kernel/sched/core.c __schedule 3819 __schedule_times: 332
[    0.160204] kernel: kernel/sched/core.c __schedule 3819 __schedule_times: 333
[    0.160205] kernel: kernel/sched/core.c __schedule 3819 __schedule_times: 334
[    0.160206] kernel: kernel/sched/core.c __schedule 3819 __schedule_times: 335
[    0.160207] kernel: kernel/sched/core.c __schedule 3819 __schedule_times: 336
[    0.160208] kernel: kernel/sched/core.c __schedule 3819 __schedule_times: 337
[    0.160209] kernel: kernel/sched/core.c __schedule 3819 __schedule_times: 338
[    0.160210] kernel: kernel/sched/core.c __schedule 3819 __schedule_times: 339
[    0.160212] kernel: kernel/sched/core.c __schedule 3819 __schedule_times: 340
[    0.160213] kernel: kernel/sched/core.c __schedule 3819 __schedule_times: 341
[    0.160214] kernel: kernel/sched/core.c __schedule 3819 __schedule_times: 342
[    0.160215] kernel: kernel/sched/core.c __schedule 3819 __schedule_times: 343
[    0.160216] kernel: kernel/sched/core.c __schedule 3819 __schedule_times: 344
[    0.160217] kernel: kernel/sched/core.c __schedule 3819 __schedule_times: 345
[    0.160219] kernel: kernel/sched/core.c __schedule 3819 __schedule_times: 346
[    0.160220] kernel: kernel/sched/core.c __schedule 3819 __schedule_times: 347
[    0.160222] kernel: kernel/sched/core.c __schedule 3819 __schedule_times: 348
[    0.160224] kernel: kernel/sched/core.c __schedule 3819 __schedule_times: 349
[    0.160225] kernel: kernel/sched/core.c __schedule 3819 __schedule_times: 350
[    0.160226] kernel: kernel/sched/core.c __schedule 3819 __schedule_times: 351
[    0.160227] kernel: kernel/sched/core.c __schedule 3819 __schedule_times: 352
[    0.160229] kernel: kernel/sched/core.c __schedule 3819 __schedule_times: 353
[    0.160230] kernel: kernel/sched/core.c __schedule 3819 __schedule_times: 354
[    0.160232] kernel: kernel/sched/core.c __schedule 3819 __schedule_times: 355
[    0.160234] kernel: kernel/sched/core.c __schedule 3819 __schedule_times: 356
[    0.160235] kernel: kernel/sched/core.c __schedule 3819 __schedule_times: 357
[    0.160237] kernel: kernel/sched/core.c __schedule 3819 __schedule_times: 358
[    0.160238] kernel: kernel/sched/core.c __schedule 3819 __schedule_times: 359
[    0.160239] kernel: kernel/sched/core.c __schedule 3819 __schedule_times: 360
[    0.160240] kernel: kernel/sched/core.c __schedule 3819 __schedule_times: 361
[    0.160242] kernel: kernel/sched/core.c __schedule 3819 __schedule_times: 362
[    0.160242] kernel: kernel/sched/core.c __schedule 3819 __schedule_times: 363
[    0.160243] kernel: kernel/sched/core.c __schedule 3819 __schedule_times: 364
[    0.160245] kernel: kernel/sched/core.c __schedule 3819 __schedule_times: 365
[    0.160246] kernel: kernel/sched/core.c __schedule 3819 __schedule_times: 366
[    0.160248] kernel: kernel/sched/core.c __schedule 3819 __schedule_times: 367
[    0.160250] kernel: kernel/sched/core.c __schedule 3819 __schedule_times: 368
[    0.160251] kernel: kernel/sched/core.c __schedule 3819 __schedule_times: 369
[    0.160252] kernel: kernel/sched/core.c __schedule 3819 __schedule_times: 370
[    0.160253] kernel: kernel/sched/core.c __schedule 3819 __schedule_times: 371
[    0.160254] kernel: kernel/sched/core.c __schedule 3819 __schedule_times: 372
[    0.160255] kernel: kernel/sched/core.c __schedule 3819 __schedule_times: 373
[    0.160256] kernel: kernel/sched/core.c __schedule 3819 __schedule_times: 374
[    0.160258] kernel: kernel/sched/core.c __schedule 3819 __schedule_times: 375
[    0.160259] kernel: kernel/sched/core.c __schedule 3819 __schedule_times: 376
[    0.160261] kernel: kernel/sched/core.c __schedule 3819 __schedule_times: 377
[    0.160263] kernel: kernel/sched/core.c __schedule 3819 __schedule_times: 378
[    0.160264] kernel: kernel/sched/core.c __schedule 3819 __schedule_times: 379
[    0.160265] kernel: kernel/sched/core.c __schedule 3819 __schedule_times: 380
[    0.160266] kernel: kernel/sched/core.c __schedule 3819 __schedule_times: 381
[    0.160267] kernel: kernel/sched/core.c __schedule 3819 __schedule_times: 382
[    0.160268] kernel: kernel/sched/core.c __schedule 3819 __schedule_times: 383
[    0.160269] kernel: kernel/sched/core.c __schedule 3819 __schedule_times: 384
[    0.160269] kernel: kernel/sched/core.c __schedule 3819 __schedule_times: 385
[    0.160270] kernel: kernel/sched/core.c __schedule 3819 __schedule_times: 386
[    0.160271] kernel: kernel/sched/core.c __schedule 3819 __schedule_times: 387
[    0.160272] kernel: kernel/sched/core.c __schedule 3819 __schedule_times: 388
[    0.160273] kernel: kernel/sched/core.c __schedule 3819 __schedule_times: 389
[    0.160274] kernel: kernel/sched/core.c __schedule 3819 __schedule_times: 390
[    0.160275] kernel: kernel/sched/core.c __schedule 3819 __schedule_times: 391
[    0.160275] kernel: kernel/sched/core.c __schedule 3819 __schedule_times: 392
[    0.160276] kernel: kernel/sched/core.c __schedule 3819 __schedule_times: 393
[    0.160277] kernel: kernel/sched/core.c __schedule 3819 __schedule_times: 394
[    0.160278] kernel: kernel/sched/core.c __schedule 3819 __schedule_times: 395
[    0.160279] kernel: kernel/sched/core.c __schedule 3819 __schedule_times: 396
[    0.160280] kernel: kernel/sched/core.c __schedule 3819 __schedule_times: 397
[    0.160281] kernel: kernel/sched/core.c __schedule 3819 __schedule_times: 398
[    0.160282] kernel: kernel/sched/core.c __schedule 3819 __schedule_times: 399
[    0.160282] kernel: kernel/sched/core.c __schedule 3819 __schedule_times: 400
[    0.160283] kernel: kernel/sched/core.c __schedule 3819 __schedule_times: 401
[    0.160284] kernel: kernel/sched/core.c __schedule 3819 __schedule_times: 402
[    0.160285] kernel: kernel/sched/core.c __schedule 3819 __schedule_times: 403
[    0.160286] kernel: kernel/sched/core.c __schedule 3819 __schedule_times: 404
[    0.160287] kernel: kernel/sched/core.c __schedule 3819 __schedule_times: 405
[    0.160288] kernel: kernel/sched/core.c __schedule 3819 __schedule_times: 406
[    0.160288] kernel: kernel/sched/core.c __schedule 3819 __schedule_times: 407
[    0.160289] kernel: kernel/sched/core.c __schedule 3819 __schedule_times: 408
[    0.160290] kernel: kernel/sched/core.c __schedule 3819 __schedule_times: 409
[    0.160291] kernel: kernel/sched/core.c __schedule 3819 __schedule_times: 410
[    0.160292] kernel: kernel/sched/core.c __schedule 3819 __schedule_times: 411
[    0.160293] kernel: kernel/sched/core.c __schedule 3819 __schedule_times: 412
[    0.160294] kernel: kernel/sched/core.c __schedule 3819 __schedule_times: 413
[    0.160294] kernel: kernel/sched/core.c __schedule 3819 __schedule_times: 414
[    0.160295] kernel: kernel/sched/core.c __schedule 3819 __schedule_times: 415
[    0.160296] kernel: kernel/sched/core.c __schedule 3819 __schedule_times: 416
[    0.160297] kernel: kernel/sched/core.c __schedule 3819 __schedule_times: 417
[    0.160298] kernel: kernel/sched/core.c __schedule 3819 __schedule_times: 418
[    0.160299] kernel: kernel/sched/core.c __schedule 3819 __schedule_times: 419
[    0.160300] kernel: kernel/sched/core.c __schedule 3819 __schedule_times: 420
[    0.160300] kernel: kernel/sched/core.c __schedule 3819 __schedule_times: 421
[    0.160301] kernel: kernel/sched/core.c __schedule 3819 __schedule_times: 422
[    0.160302] kernel: kernel/sched/core.c __schedule 3819 __schedule_times: 423
[    0.160303] kernel: kernel/sched/core.c __schedule 3819 __schedule_times: 424
[    0.160304] kernel: kernel/sched/core.c __schedule 3819 __schedule_times: 425
[    0.160305] kernel: kernel/sched/core.c __schedule 3819 __schedule_times: 426
[    0.160306] kernel: kernel/sched/core.c __schedule 3819 __schedule_times: 427
[    0.160307] kernel: kernel/sched/core.c __schedule 3819 __schedule_times: 428
[    0.160307] kernel: kernel/sched/core.c __schedule 3819 __schedule_times: 429
[    0.160308] kernel: kernel/sched/core.c __schedule 3819 __schedule_times: 430
[    0.160309] kernel: kernel/sched/core.c __schedule 3819 __schedule_times: 431
[    0.160310] kernel: kernel/sched/core.c __schedule 3819 __schedule_times: 432
[    0.160311] kernel: kernel/sched/core.c __schedule 3819 __schedule_times: 433
[    0.160312] kernel: kernel/sched/core.c __schedule 3819 __schedule_times: 434
[    0.160313] kernel: kernel/sched/core.c __schedule 3819 __schedule_times: 435
[    0.160313] kernel: kernel/sched/core.c __schedule 3819 __schedule_times: 436
[    0.160314] kernel: kernel/sched/core.c __schedule 3819 __schedule_times: 437
[    0.160315] kernel: kernel/sched/core.c __schedule 3819 __schedule_times: 438
[    0.160316] kernel: kernel/sched/core.c __schedule 3819 __schedule_times: 439
[    0.160317] kernel: kernel/sched/core.c __schedule 3819 __schedule_times: 440
[    0.160318] kernel: kernel/sched/core.c __schedule 3819 __schedule_times: 441
[    0.160319] kernel: kernel/sched/core.c __schedule 3819 __schedule_times: 442
[    0.160319] kernel: kernel/sched/core.c __schedule 3819 __schedule_times: 443
[    0.160320] kernel: kernel/sched/core.c __schedule 3819 __schedule_times: 444
[    0.160321] kernel: kernel/sched/core.c __schedule 3819 __schedule_times: 445
[    0.160322] kernel: kernel/sched/core.c __schedule 3819 __schedule_times: 446
[    0.160323] kernel: kernel/sched/core.c __schedule 3819 __schedule_times: 447
[    0.160324] kernel: kernel/sched/core.c __schedule 3819 __schedule_times: 448
[    0.160325] kernel: kernel/sched/core.c __schedule 3819 __schedule_times: 449
[    0.160325] kernel: kernel/sched/core.c __schedule 3819 __schedule_times: 450
[    0.160326] kernel: kernel/sched/core.c __schedule 3819 __schedule_times: 451
[    0.160327] kernel: kernel/sched/core.c __schedule 3819 __schedule_times: 452
[    0.160328] kernel: kernel/sched/core.c __schedule 3819 __schedule_times: 453
[    0.160329] kernel: kernel/sched/core.c __schedule 3819 __schedule_times: 454
[    0.160330] kernel: kernel/sched/core.c __schedule 3819 __schedule_times: 455
[    0.160331] kernel: kernel/sched/core.c __schedule 3819 __schedule_times: 456
[    0.160331] kernel: kernel/sched/core.c __schedule 3819 __schedule_times: 457
[    0.160332] kernel: kernel/sched/core.c __schedule 3819 __schedule_times: 458
[    0.160333] kernel: kernel/sched/core.c __schedule 3819 __schedule_times: 459
[    0.160334] kernel: kernel/sched/core.c __schedule 3819 __schedule_times: 460
[    0.160335] kernel: kernel/sched/core.c __schedule 3819 __schedule_times: 461
[    0.160336] kernel: kernel/sched/core.c __schedule 3819 __schedule_times: 462
[    0.160337] kernel: kernel/sched/core.c __schedule 3819 __schedule_times: 463
[    0.160337] kernel: kernel/sched/core.c __schedule 3819 __schedule_times: 464
[    0.160338] kernel: kernel/sched/core.c __schedule 3819 __schedule_times: 465
[    0.160339] kernel: kernel/sched/core.c __schedule 3819 __schedule_times: 466
[    0.160340] kernel: kernel/sched/core.c __schedule 3819 __schedule_times: 467
[    0.160341] kernel: kernel/sched/core.c __schedule 3819 __schedule_times: 468
[    0.160342] kernel: kernel/sched/core.c __schedule 3819 __schedule_times: 469
[    0.160343] kernel: kernel/sched/core.c __schedule 3819 __schedule_times: 470
[    0.160343] kernel: kernel/sched/core.c __schedule 3819 __schedule_times: 471
