[    0.000000] kernel: init/main.c start_kernel
[    0.000000] kernel: set_task_stack_end_magic
[    0.000000] kernel: smp_setup_processor_id
[    0.000000] kernel: debug_objects_early_init
[    0.000000] kernel: cgroup_init_early
[    0.000000] kernel: local_irq_disable
[    0.000000] kernel: boot_cpu_init
[    0.000000] kernel: page_address_init
[    0.000000] kernel: setup_arch
[    0.000000] kernel: Linux version 5.0.1 (root@ubuntu) (gcc version 8.3.0 (Ubuntu 8.3.0-6ubuntu1)) #2 SMP Mon Oct 14 10:45:18 PDT 2019
[    0.000000] kernel: Command line: BOOT_IMAGE=/boot/vmlinuz-5.0.1 root=UUID=f414943b-ede3-47e7-87fc-0a793526a06c ro find_preseed=/preseed.cfg auto noprompt priority=critical locale=en_US quiet
[    0.000000] kernel: KERNEL supported cpus:
[    0.000000] kernel:   Intel GenuineIntel
[    0.000000] kernel:   AMD AuthenticAMD
[    0.000000] kernel:   Hygon HygonGenuine
[    0.000000] kernel:   Centaur CentaurHauls
[    0.000000] kernel: Disabled fast string operations
[    0.000000] kernel: x86/fpu: Supporting XSAVE feature 0x001: 'x87 floating point registers'
[    0.000000] kernel: x86/fpu: Supporting XSAVE feature 0x002: 'SSE registers'
[    0.000000] kernel: x86/fpu: Supporting XSAVE feature 0x004: 'AVX registers'
[    0.000000] kernel: x86/fpu: Supporting XSAVE feature 0x008: 'MPX bounds registers'
[    0.000000] kernel: x86/fpu: Supporting XSAVE feature 0x010: 'MPX CSR'
[    0.000000] kernel: x86/fpu: xstate_offset[2]:  576, xstate_sizes[2]:  256
[    0.000000] kernel: x86/fpu: xstate_offset[3]:  832, xstate_sizes[3]:   64
[    0.000000] kernel: x86/fpu: xstate_offset[4]:  896, xstate_sizes[4]:   64
[    0.000000] kernel: x86/fpu: Enabled xstate features 0x1f, context size is 960 bytes, using 'compacted' format.
[    0.000000] kernel: BIOS-provided physical RAM map:
[    0.000000] kernel: BIOS-e820: [mem 0x0000000000000000-0x000000000009e7ff] usable
[    0.000000] kernel: BIOS-e820: [mem 0x000000000009e800-0x000000000009ffff] reserved
[    0.000000] kernel: BIOS-e820: [mem 0x00000000000dc000-0x00000000000fffff] reserved
[    0.000000] kernel: BIOS-e820: [mem 0x0000000000100000-0x00000000bfecffff] usable
[    0.000000] kernel: BIOS-e820: [mem 0x00000000bfed0000-0x00000000bfefefff] ACPI data
[    0.000000] kernel: BIOS-e820: [mem 0x00000000bfeff000-0x00000000bfefffff] ACPI NVS
[    0.000000] kernel: BIOS-e820: [mem 0x00000000bff00000-0x00000000bfffffff] usable
[    0.000000] kernel: BIOS-e820: [mem 0x00000000f0000000-0x00000000f7ffffff] reserved
[    0.000000] kernel: BIOS-e820: [mem 0x00000000fec00000-0x00000000fec0ffff] reserved
[    0.000000] kernel: BIOS-e820: [mem 0x00000000fee00000-0x00000000fee00fff] reserved
[    0.000000] kernel: BIOS-e820: [mem 0x00000000fffe0000-0x00000000ffffffff] reserved
[    0.000000] kernel: BIOS-e820: [mem 0x0000000100000000-0x000000013fffffff] usable
[    0.000000] kernel: NX (Execute Disable) protection: active
[    0.000000] kernel: SMBIOS 2.7 present.
[    0.000000] kernel: DMI: VMware, Inc. VMware Virtual Platform/440BX Desktop Reference Platform, BIOS 6.00 05/19/2017
[    0.000000] kernel: Hypervisor detected: VMware
[    0.000000] kernel: vmware: TSC freq read from hypervisor : 2400.000 MHz
[    0.000000] kernel: vmware: Host bus clock speed read from hypervisor : 66000000 Hz
[    0.000000] kernel: vmware: using sched offset of 10238833155 ns
[    0.000001] kernel: tsc: Detected 2400.000 MHz processor
[    0.005332] kernel: e820: update [mem 0x00000000-0x00000fff] usable ==> reserved
[    0.005335] kernel: e820: remove [mem 0x000a0000-0x000fffff] usable
[    0.005340] kernel: last_pfn = 0x140000 max_arch_pfn = 0x400000000
[    0.005372] kernel: MTRR default type: uncachable
[    0.005373] kernel: MTRR fixed ranges enabled:
[    0.005374] kernel:   00000-9FFFF write-back
[    0.005375] kernel:   A0000-BFFFF uncachable
[    0.005376] kernel:   C0000-CFFFF write-protect
[    0.005376] kernel:   D0000-EFFFF uncachable
[    0.005377] kernel:   F0000-FFFFF write-protect
[    0.005377] kernel: MTRR variable ranges enabled:
[    0.005379] kernel:   0 base 000C0000000 mask 7FFC0000000 uncachable
[    0.005380] kernel:   1 base 00000000000 mask 7E000000000 write-back
[    0.005380] kernel:   2 disabled
[    0.005380] kernel:   3 disabled
[    0.005381] kernel:   4 disabled
[    0.005381] kernel:   5 disabled
[    0.005381] kernel:   6 disabled
[    0.005382] kernel:   7 disabled
[    0.005405] kernel: x86/PAT: Configuration [0-7]: WB  WC  UC- UC  WB  WP  UC- WT  
[    0.005420] kernel: total RAM covered: 130048M
[    0.005900] kernel: Found optimal setting for mtrr clean up
[    0.005900] kernel:  gran_size: 64K         chunk_size: 64K         num_reg: 7          lose cover RAM: 0G
[    0.005962] kernel: e820: update [mem 0xc0000000-0xffffffff] usable ==> reserved
[    0.005968] kernel: last_pfn = 0xc0000 max_arch_pfn = 0x400000000
[    0.016072] kernel: found SMP MP-table at [mem 0x000f6a80-0x000f6a8f] mapped at [(____ptrval____)]
[    0.016192] kernel: check: Scanning 1 areas for low memory corruption
[    0.016195] kernel: Base memory trampoline at [(____ptrval____)] 98000 size 24576
[    0.016261] kernel: Using GB pages for direct mapping
[    0.016265] kernel: BRK [0x46a02000, 0x46a02fff] PGTABLE
[    0.016267] kernel: BRK [0x46a03000, 0x46a03fff] PGTABLE
[    0.016268] kernel: BRK [0x46a04000, 0x46a04fff] PGTABLE
[    0.016309] kernel: BRK [0x46a05000, 0x46a05fff] PGTABLE
[    0.016618] kernel: RAMDISK: [mem 0x03a4b000-0x1dd1cfff]
[    0.016653] kernel: ACPI: Early table checksum verification disabled
[    0.016729] kernel: ACPI: RSDP 0x00000000000F6A10 000024 (v02 PTLTD )
[    0.016737] kernel: ACPI: XSDT 0x00000000BFEDD633 00005C (v01 INTEL  440BX    06040000 VMW  01324272)
[    0.016746] kernel: ACPI: FACP 0x00000000BFEFEE73 0000F4 (v04 INTEL  440BX    06040000 PTL  000F4240)
[    0.016754] kernel: ACPI: DSDT 0x00000000BFEDEB22 020351 (v01 PTLTD  Custom   06040000 MSFT 03000001)
[    0.016760] kernel: ACPI: FACS 0x00000000BFEFFFC0 000040
[    0.016764] kernel: ACPI: FACS 0x00000000BFEFFFC0 000040
[    0.016768] kernel: ACPI: BOOT 0x00000000BFEDEAFA 000028 (v01 PTLTD  $SBFTBL$ 06040000  LTP 00000001)
[    0.016772] kernel: ACPI: APIC 0x00000000BFEDE3B8 000742 (v01 PTLTD  ? APIC   06040000  LTP 00000000)
[    0.016776] kernel: ACPI: MCFG 0x00000000BFEDE37C 00003C (v01 PTLTD  $PCITBL$ 06040000  LTP 00000001)
[    0.016780] kernel: ACPI: SRAT 0x00000000BFEDD72F 0008D0 (v02 VMWARE MEMPLUG  06040000 VMW  00000001)
[    0.016784] kernel: ACPI: HPET 0x00000000BFEDD6F7 000038 (v01 VMWARE VMW HPET 06040000 VMW  00000001)
[    0.016788] kernel: ACPI: WAET 0x00000000BFEDD6CF 000028 (v01 VMWARE VMW WAET 06040000 VMW  00000001)
[    0.016800] kernel: ACPI: Local APIC address 0xfee00000
[    0.016823] kernel: system APIC only can use physical flat
[    0.016823] kernel: Setting APIC routing to physical flat.
[    0.016926] kernel: SRAT: PXM 0 -> APIC 0x00 -> Node 0
[    0.016927] kernel: SRAT: PXM 0 -> APIC 0x01 -> Node 0
[    0.016928] kernel: SRAT: PXM 0 -> APIC 0x02 -> Node 0
[    0.016929] kernel: SRAT: PXM 0 -> APIC 0x03 -> Node 0
[    0.016929] kernel: SRAT: PXM 0 -> APIC 0x04 -> Node 0
[    0.016930] kernel: SRAT: PXM 0 -> APIC 0x05 -> Node 0
[    0.016947] kernel: SRAT: PXM 0 -> APIC 0x06 -> Node 0
[    0.016947] kernel: SRAT: PXM 0 -> APIC 0x07 -> Node 0
[    0.016948] kernel: SRAT: PXM 0 -> APIC 0x08 -> Node 0
[    0.016948] kernel: SRAT: PXM 0 -> APIC 0x09 -> Node 0
[    0.016949] kernel: SRAT: PXM 0 -> APIC 0x0a -> Node 0
[    0.016950] kernel: SRAT: PXM 0 -> APIC 0x0b -> Node 0
[    0.016950] kernel: SRAT: PXM 0 -> APIC 0x0c -> Node 0
[    0.016951] kernel: SRAT: PXM 0 -> APIC 0x0d -> Node 0
[    0.016951] kernel: SRAT: PXM 0 -> APIC 0x0e -> Node 0
[    0.016952] kernel: SRAT: PXM 0 -> APIC 0x0f -> Node 0
[    0.016953] kernel: SRAT: PXM 0 -> APIC 0x10 -> Node 0
[    0.016953] kernel: SRAT: PXM 0 -> APIC 0x11 -> Node 0
[    0.016954] kernel: SRAT: PXM 0 -> APIC 0x12 -> Node 0
[    0.016955] kernel: SRAT: PXM 0 -> APIC 0x13 -> Node 0
[    0.016955] kernel: SRAT: PXM 0 -> APIC 0x14 -> Node 0
[    0.016956] kernel: SRAT: PXM 0 -> APIC 0x15 -> Node 0
[    0.016956] kernel: SRAT: PXM 0 -> APIC 0x16 -> Node 0
[    0.016957] kernel: SRAT: PXM 0 -> APIC 0x17 -> Node 0
[    0.016958] kernel: SRAT: PXM 0 -> APIC 0x18 -> Node 0
[    0.016958] kernel: SRAT: PXM 0 -> APIC 0x19 -> Node 0
[    0.016959] kernel: SRAT: PXM 0 -> APIC 0x1a -> Node 0
[    0.016960] kernel: SRAT: PXM 0 -> APIC 0x1b -> Node 0
[    0.016960] kernel: SRAT: PXM 0 -> APIC 0x1c -> Node 0
[    0.016961] kernel: SRAT: PXM 0 -> APIC 0x1d -> Node 0
[    0.016961] kernel: SRAT: PXM 0 -> APIC 0x1e -> Node 0
[    0.016962] kernel: SRAT: PXM 0 -> APIC 0x1f -> Node 0
[    0.016962] kernel: SRAT: PXM 0 -> APIC 0x20 -> Node 0
[    0.016963] kernel: SRAT: PXM 0 -> APIC 0x21 -> Node 0
[    0.016964] kernel: SRAT: PXM 0 -> APIC 0x22 -> Node 0
[    0.016965] kernel: SRAT: PXM 0 -> APIC 0x23 -> Node 0
[    0.016965] kernel: SRAT: PXM 0 -> APIC 0x24 -> Node 0
[    0.016966] kernel: SRAT: PXM 0 -> APIC 0x25 -> Node 0
[    0.016966] kernel: SRAT: PXM 0 -> APIC 0x26 -> Node 0
[    0.016967] kernel: SRAT: PXM 0 -> APIC 0x27 -> Node 0
[    0.016968] kernel: SRAT: PXM 0 -> APIC 0x28 -> Node 0
[    0.016969] kernel: SRAT: PXM 0 -> APIC 0x29 -> Node 0
[    0.016969] kernel: SRAT: PXM 0 -> APIC 0x2a -> Node 0
[    0.016970] kernel: SRAT: PXM 0 -> APIC 0x2b -> Node 0
[    0.016970] kernel: SRAT: PXM 0 -> APIC 0x2c -> Node 0
[    0.016971] kernel: SRAT: PXM 0 -> APIC 0x2d -> Node 0
[    0.016972] kernel: SRAT: PXM 0 -> APIC 0x2e -> Node 0
[    0.016972] kernel: SRAT: PXM 0 -> APIC 0x2f -> Node 0
[    0.016973] kernel: SRAT: PXM 0 -> APIC 0x30 -> Node 0
[    0.016973] kernel: SRAT: PXM 0 -> APIC 0x31 -> Node 0
[    0.016974] kernel: SRAT: PXM 0 -> APIC 0x32 -> Node 0
[    0.016975] kernel: SRAT: PXM 0 -> APIC 0x33 -> Node 0
[    0.016975] kernel: SRAT: PXM 0 -> APIC 0x34 -> Node 0
[    0.016976] kernel: SRAT: PXM 0 -> APIC 0x35 -> Node 0
[    0.016976] kernel: SRAT: PXM 0 -> APIC 0x36 -> Node 0
[    0.016977] kernel: SRAT: PXM 0 -> APIC 0x37 -> Node 0
[    0.016978] kernel: SRAT: PXM 0 -> APIC 0x38 -> Node 0
[    0.016978] kernel: SRAT: PXM 0 -> APIC 0x39 -> Node 0
[    0.016979] kernel: SRAT: PXM 0 -> APIC 0x3a -> Node 0
[    0.016979] kernel: SRAT: PXM 0 -> APIC 0x3b -> Node 0
[    0.016980] kernel: SRAT: PXM 0 -> APIC 0x3c -> Node 0
[    0.016980] kernel: SRAT: PXM 0 -> APIC 0x3d -> Node 0
[    0.016981] kernel: SRAT: PXM 0 -> APIC 0x3e -> Node 0
[    0.016982] kernel: SRAT: PXM 0 -> APIC 0x3f -> Node 0
[    0.016982] kernel: SRAT: PXM 0 -> APIC 0x40 -> Node 0
[    0.016983] kernel: SRAT: PXM 0 -> APIC 0x41 -> Node 0
[    0.016983] kernel: SRAT: PXM 0 -> APIC 0x42 -> Node 0
[    0.016984] kernel: SRAT: PXM 0 -> APIC 0x43 -> Node 0
[    0.016985] kernel: SRAT: PXM 0 -> APIC 0x44 -> Node 0
[    0.016985] kernel: SRAT: PXM 0 -> APIC 0x45 -> Node 0
[    0.016986] kernel: SRAT: PXM 0 -> APIC 0x46 -> Node 0
[    0.016986] kernel: SRAT: PXM 0 -> APIC 0x47 -> Node 0
[    0.016987] kernel: SRAT: PXM 0 -> APIC 0x48 -> Node 0
[    0.016987] kernel: SRAT: PXM 0 -> APIC 0x49 -> Node 0
[    0.016988] kernel: SRAT: PXM 0 -> APIC 0x4a -> Node 0
[    0.016989] kernel: SRAT: PXM 0 -> APIC 0x4b -> Node 0
[    0.016989] kernel: SRAT: PXM 0 -> APIC 0x4c -> Node 0
[    0.016990] kernel: SRAT: PXM 0 -> APIC 0x4d -> Node 0
[    0.016990] kernel: SRAT: PXM 0 -> APIC 0x4e -> Node 0
[    0.016991] kernel: SRAT: PXM 0 -> APIC 0x4f -> Node 0
[    0.016992] kernel: SRAT: PXM 0 -> APIC 0x50 -> Node 0
[    0.016992] kernel: SRAT: PXM 0 -> APIC 0x51 -> Node 0
[    0.016993] kernel: SRAT: PXM 0 -> APIC 0x52 -> Node 0
[    0.016993] kernel: SRAT: PXM 0 -> APIC 0x53 -> Node 0
[    0.016994] kernel: SRAT: PXM 0 -> APIC 0x54 -> Node 0
[    0.016994] kernel: SRAT: PXM 0 -> APIC 0x55 -> Node 0
[    0.016995] kernel: SRAT: PXM 0 -> APIC 0x56 -> Node 0
[    0.016996] kernel: SRAT: PXM 0 -> APIC 0x57 -> Node 0
[    0.016996] kernel: SRAT: PXM 0 -> APIC 0x58 -> Node 0
[    0.016997] kernel: SRAT: PXM 0 -> APIC 0x59 -> Node 0
[    0.016997] kernel: SRAT: PXM 0 -> APIC 0x5a -> Node 0
[    0.016998] kernel: SRAT: PXM 0 -> APIC 0x5b -> Node 0
[    0.016998] kernel: SRAT: PXM 0 -> APIC 0x5c -> Node 0
[    0.016999] kernel: SRAT: PXM 0 -> APIC 0x5d -> Node 0
[    0.017000] kernel: SRAT: PXM 0 -> APIC 0x5e -> Node 0
[    0.017000] kernel: SRAT: PXM 0 -> APIC 0x5f -> Node 0
[    0.017001] kernel: SRAT: PXM 0 -> APIC 0x60 -> Node 0
[    0.017001] kernel: SRAT: PXM 0 -> APIC 0x61 -> Node 0
[    0.017002] kernel: SRAT: PXM 0 -> APIC 0x62 -> Node 0
[    0.017003] kernel: SRAT: PXM 0 -> APIC 0x63 -> Node 0
[    0.017003] kernel: SRAT: PXM 0 -> APIC 0x64 -> Node 0
[    0.017004] kernel: SRAT: PXM 0 -> APIC 0x65 -> Node 0
[    0.017004] kernel: SRAT: PXM 0 -> APIC 0x66 -> Node 0
[    0.017005] kernel: SRAT: PXM 0 -> APIC 0x67 -> Node 0
[    0.017006] kernel: SRAT: PXM 0 -> APIC 0x68 -> Node 0
[    0.017006] kernel: SRAT: PXM 0 -> APIC 0x69 -> Node 0
[    0.017007] kernel: SRAT: PXM 0 -> APIC 0x6a -> Node 0
[    0.017008] kernel: SRAT: PXM 0 -> APIC 0x6b -> Node 0
[    0.017008] kernel: SRAT: PXM 0 -> APIC 0x6c -> Node 0
[    0.017009] kernel: SRAT: PXM 0 -> APIC 0x6d -> Node 0
[    0.017009] kernel: SRAT: PXM 0 -> APIC 0x6e -> Node 0
[    0.017010] kernel: SRAT: PXM 0 -> APIC 0x6f -> Node 0
[    0.017010] kernel: SRAT: PXM 0 -> APIC 0x70 -> Node 0
[    0.017011] kernel: SRAT: PXM 0 -> APIC 0x71 -> Node 0
[    0.017012] kernel: SRAT: PXM 0 -> APIC 0x72 -> Node 0
[    0.017012] kernel: SRAT: PXM 0 -> APIC 0x73 -> Node 0
[    0.017013] kernel: SRAT: PXM 0 -> APIC 0x74 -> Node 0
[    0.017013] kernel: SRAT: PXM 0 -> APIC 0x75 -> Node 0
[    0.017014] kernel: SRAT: PXM 0 -> APIC 0x76 -> Node 0
[    0.017015] kernel: SRAT: PXM 0 -> APIC 0x77 -> Node 0
[    0.017015] kernel: SRAT: PXM 0 -> APIC 0x78 -> Node 0
[    0.017016] kernel: SRAT: PXM 0 -> APIC 0x79 -> Node 0
[    0.017016] kernel: SRAT: PXM 0 -> APIC 0x7a -> Node 0
[    0.017017] kernel: SRAT: PXM 0 -> APIC 0x7b -> Node 0
[    0.017017] kernel: SRAT: PXM 0 -> APIC 0x7c -> Node 0
[    0.017018] kernel: SRAT: PXM 0 -> APIC 0x7d -> Node 0
[    0.017018] kernel: SRAT: PXM 0 -> APIC 0x7e -> Node 0
[    0.017019] kernel: SRAT: PXM 0 -> APIC 0x7f -> Node 0
[    0.017024] kernel: ACPI: SRAT: Node 0 PXM 0 [mem 0x00000000-0x0009ffff]
[    0.017026] kernel: ACPI: SRAT: Node 0 PXM 0 [mem 0x00100000-0xbfffffff]
[    0.017027] kernel: ACPI: SRAT: Node 0 PXM 0 [mem 0x100000000-0x13fffffff]
[    0.017028] kernel: ACPI: SRAT: Node 0 PXM 0 [mem 0x140000000-0x103fffffff] hotplug
[    0.017032] kernel: NUMA: Node 0 [mem 0x00000000-0x0009ffff] + [mem 0x00100000-0xbfffffff] -> [mem 0x00000000-0xbfffffff]
[    0.017033] kernel: NUMA: Node 0 [mem 0x00000000-0xbfffffff] + [mem 0x100000000-0x13fffffff] -> [mem 0x00000000-0x13fffffff]
[    0.017062] kernel: NODE_DATA(0) allocated [mem 0x13ffd3000-0x13fffdfff]
[    0.017853] kernel: Zone ranges:
[    0.017855] kernel:   DMA      [mem 0x0000000000001000-0x0000000000ffffff]
[    0.017856] kernel:   DMA32    [mem 0x0000000001000000-0x00000000ffffffff]
[    0.017857] kernel:   Normal   [mem 0x0000000100000000-0x000000013fffffff]
[    0.017858] kernel:   Device   empty
[    0.017859] kernel: Movable zone start for each node
[    0.017862] kernel: Early memory node ranges
[    0.017863] kernel:   node   0: [mem 0x0000000000001000-0x000000000009dfff]
[    0.017863] kernel:   node   0: [mem 0x0000000000100000-0x00000000bfecffff]
[    0.017864] kernel:   node   0: [mem 0x00000000bff00000-0x00000000bfffffff]
[    0.017864] kernel:   node   0: [mem 0x0000000100000000-0x000000013fffffff]
[    0.017970] kernel: Zeroed struct page in unavailable ranges: 147 pages
[    0.017971] kernel: Initmem setup node 0 [mem 0x0000000000001000-0x000000013fffffff]
[    0.017973] kernel: On node 0 totalpages: 1048429
[    0.017974] kernel:   DMA zone: 64 pages used for memmap
[    0.017974] kernel:   DMA zone: 21 pages reserved
[    0.017975] kernel:   DMA zone: 3997 pages, LIFO batch:0
[    0.018818] kernel:   DMA32 zone: 12224 pages used for memmap
[    0.018820] kernel:   DMA32 zone: 782288 pages, LIFO batch:63
[    0.233319] kernel:   Normal zone: 4096 pages used for memmap
[    0.233321] kernel:   Normal zone: 262144 pages, LIFO batch:63
[    0.311756] kernel: ACPI: PM-Timer IO Port: 0x1008
[    0.311760] kernel: ACPI: Local APIC address 0xfee00000
[    0.311764] kernel: system APIC only can use physical flat
[    0.311776] kernel: ACPI: LAPIC_NMI (acpi_id[0x00] high edge lint[0x1])
[    0.311777] kernel: ACPI: LAPIC_NMI (acpi_id[0x01] high edge lint[0x1])
[    0.311778] kernel: ACPI: LAPIC_NMI (acpi_id[0x02] high edge lint[0x1])
[    0.311778] kernel: ACPI: LAPIC_NMI (acpi_id[0x03] high edge lint[0x1])
[    0.311779] kernel: ACPI: LAPIC_NMI (acpi_id[0x04] high edge lint[0x1])
[    0.311779] kernel: ACPI: LAPIC_NMI (acpi_id[0x05] high edge lint[0x1])
[    0.311779] kernel: ACPI: LAPIC_NMI (acpi_id[0x06] high edge lint[0x1])
[    0.311780] kernel: ACPI: LAPIC_NMI (acpi_id[0x07] high edge lint[0x1])
[    0.311780] kernel: ACPI: LAPIC_NMI (acpi_id[0x08] high edge lint[0x1])
[    0.311781] kernel: ACPI: LAPIC_NMI (acpi_id[0x09] high edge lint[0x1])
[    0.311781] kernel: ACPI: LAPIC_NMI (acpi_id[0x0a] high edge lint[0x1])
[    0.311782] kernel: ACPI: LAPIC_NMI (acpi_id[0x0b] high edge lint[0x1])
[    0.311782] kernel: ACPI: LAPIC_NMI (acpi_id[0x0c] high edge lint[0x1])
[    0.311783] kernel: ACPI: LAPIC_NMI (acpi_id[0x0d] high edge lint[0x1])
[    0.311783] kernel: ACPI: LAPIC_NMI (acpi_id[0x0e] high edge lint[0x1])
[    0.311784] kernel: ACPI: LAPIC_NMI (acpi_id[0x0f] high edge lint[0x1])
[    0.311784] kernel: ACPI: LAPIC_NMI (acpi_id[0x10] high edge lint[0x1])
[    0.311785] kernel: ACPI: LAPIC_NMI (acpi_id[0x11] high edge lint[0x1])
[    0.311785] kernel: ACPI: LAPIC_NMI (acpi_id[0x12] high edge lint[0x1])
[    0.311786] kernel: ACPI: LAPIC_NMI (acpi_id[0x13] high edge lint[0x1])
[    0.311786] kernel: ACPI: LAPIC_NMI (acpi_id[0x14] high edge lint[0x1])
[    0.311787] kernel: ACPI: LAPIC_NMI (acpi_id[0x15] high edge lint[0x1])
[    0.311787] kernel: ACPI: LAPIC_NMI (acpi_id[0x16] high edge lint[0x1])
[    0.311787] kernel: ACPI: LAPIC_NMI (acpi_id[0x17] high edge lint[0x1])
[    0.311788] kernel: ACPI: LAPIC_NMI (acpi_id[0x18] high edge lint[0x1])
[    0.311788] kernel: ACPI: LAPIC_NMI (acpi_id[0x19] high edge lint[0x1])
[    0.311789] kernel: ACPI: LAPIC_NMI (acpi_id[0x1a] high edge lint[0x1])
[    0.311789] kernel: ACPI: LAPIC_NMI (acpi_id[0x1b] high edge lint[0x1])
[    0.311790] kernel: ACPI: LAPIC_NMI (acpi_id[0x1c] high edge lint[0x1])
[    0.311790] kernel: ACPI: LAPIC_NMI (acpi_id[0x1d] high edge lint[0x1])
[    0.311791] kernel: ACPI: LAPIC_NMI (acpi_id[0x1e] high edge lint[0x1])
[    0.311791] kernel: ACPI: LAPIC_NMI (acpi_id[0x1f] high edge lint[0x1])
[    0.311792] kernel: ACPI: LAPIC_NMI (acpi_id[0x20] high edge lint[0x1])
[    0.311792] kernel: ACPI: LAPIC_NMI (acpi_id[0x21] high edge lint[0x1])
[    0.311793] kernel: ACPI: LAPIC_NMI (acpi_id[0x22] high edge lint[0x1])
[    0.311793] kernel: ACPI: LAPIC_NMI (acpi_id[0x23] high edge lint[0x1])
[    0.311794] kernel: ACPI: LAPIC_NMI (acpi_id[0x24] high edge lint[0x1])
[    0.311794] kernel: ACPI: LAPIC_NMI (acpi_id[0x25] high edge lint[0x1])
[    0.311794] kernel: ACPI: LAPIC_NMI (acpi_id[0x26] high edge lint[0x1])
[    0.311795] kernel: ACPI: LAPIC_NMI (acpi_id[0x27] high edge lint[0x1])
[    0.311795] kernel: ACPI: LAPIC_NMI (acpi_id[0x28] high edge lint[0x1])
[    0.311796] kernel: ACPI: LAPIC_NMI (acpi_id[0x29] high edge lint[0x1])
[    0.311796] kernel: ACPI: LAPIC_NMI (acpi_id[0x2a] high edge lint[0x1])
[    0.311797] kernel: ACPI: LAPIC_NMI (acpi_id[0x2b] high edge lint[0x1])
[    0.311797] kernel: ACPI: LAPIC_NMI (acpi_id[0x2c] high edge lint[0x1])
[    0.311798] kernel: ACPI: LAPIC_NMI (acpi_id[0x2d] high edge lint[0x1])
[    0.311798] kernel: ACPI: LAPIC_NMI (acpi_id[0x2e] high edge lint[0x1])
[    0.311799] kernel: ACPI: LAPIC_NMI (acpi_id[0x2f] high edge lint[0x1])
[    0.311799] kernel: ACPI: LAPIC_NMI (acpi_id[0x30] high edge lint[0x1])
[    0.311800] kernel: ACPI: LAPIC_NMI (acpi_id[0x31] high edge lint[0x1])
[    0.311800] kernel: ACPI: LAPIC_NMI (acpi_id[0x32] high edge lint[0x1])
[    0.311801] kernel: ACPI: LAPIC_NMI (acpi_id[0x33] high edge lint[0x1])
[    0.311801] kernel: ACPI: LAPIC_NMI (acpi_id[0x34] high edge lint[0x1])
[    0.311801] kernel: ACPI: LAPIC_NMI (acpi_id[0x35] high edge lint[0x1])
[    0.311802] kernel: ACPI: LAPIC_NMI (acpi_id[0x36] high edge lint[0x1])
[    0.311802] kernel: ACPI: LAPIC_NMI (acpi_id[0x37] high edge lint[0x1])
[    0.311803] kernel: ACPI: LAPIC_NMI (acpi_id[0x38] high edge lint[0x1])
[    0.311803] kernel: ACPI: LAPIC_NMI (acpi_id[0x39] high edge lint[0x1])
[    0.311804] kernel: ACPI: LAPIC_NMI (acpi_id[0x3a] high edge lint[0x1])
[    0.311804] kernel: ACPI: LAPIC_NMI (acpi_id[0x3b] high edge lint[0x1])
[    0.311805] kernel: ACPI: LAPIC_NMI (acpi_id[0x3c] high edge lint[0x1])
[    0.311805] kernel: ACPI: LAPIC_NMI (acpi_id[0x3d] high edge lint[0x1])
[    0.311806] kernel: ACPI: LAPIC_NMI (acpi_id[0x3e] high edge lint[0x1])
[    0.311806] kernel: ACPI: LAPIC_NMI (acpi_id[0x3f] high edge lint[0x1])
[    0.311807] kernel: ACPI: LAPIC_NMI (acpi_id[0x40] high edge lint[0x1])
[    0.311807] kernel: ACPI: LAPIC_NMI (acpi_id[0x41] high edge lint[0x1])
[    0.311808] kernel: ACPI: LAPIC_NMI (acpi_id[0x42] high edge lint[0x1])
[    0.311808] kernel: ACPI: LAPIC_NMI (acpi_id[0x43] high edge lint[0x1])
[    0.311808] kernel: ACPI: LAPIC_NMI (acpi_id[0x44] high edge lint[0x1])
[    0.311809] kernel: ACPI: LAPIC_NMI (acpi_id[0x45] high edge lint[0x1])
[    0.311809] kernel: ACPI: LAPIC_NMI (acpi_id[0x46] high edge lint[0x1])
[    0.311810] kernel: ACPI: LAPIC_NMI (acpi_id[0x47] high edge lint[0x1])
[    0.311810] kernel: ACPI: LAPIC_NMI (acpi_id[0x48] high edge lint[0x1])
[    0.311811] kernel: ACPI: LAPIC_NMI (acpi_id[0x49] high edge lint[0x1])
[    0.311811] kernel: ACPI: LAPIC_NMI (acpi_id[0x4a] high edge lint[0x1])
[    0.311812] kernel: ACPI: LAPIC_NMI (acpi_id[0x4b] high edge lint[0x1])
[    0.311812] kernel: ACPI: LAPIC_NMI (acpi_id[0x4c] high edge lint[0x1])
[    0.311813] kernel: ACPI: LAPIC_NMI (acpi_id[0x4d] high edge lint[0x1])
[    0.311813] kernel: ACPI: LAPIC_NMI (acpi_id[0x4e] high edge lint[0x1])
[    0.311814] kernel: ACPI: LAPIC_NMI (acpi_id[0x4f] high edge lint[0x1])
[    0.311814] kernel: ACPI: LAPIC_NMI (acpi_id[0x50] high edge lint[0x1])
[    0.311815] kernel: ACPI: LAPIC_NMI (acpi_id[0x51] high edge lint[0x1])
[    0.311815] kernel: ACPI: LAPIC_NMI (acpi_id[0x52] high edge lint[0x1])
[    0.311815] kernel: ACPI: LAPIC_NMI (acpi_id[0x53] high edge lint[0x1])
[    0.311816] kernel: ACPI: LAPIC_NMI (acpi_id[0x54] high edge lint[0x1])
[    0.311816] kernel: ACPI: LAPIC_NMI (acpi_id[0x55] high edge lint[0x1])
[    0.311817] kernel: ACPI: LAPIC_NMI (acpi_id[0x56] high edge lint[0x1])
[    0.311817] kernel: ACPI: LAPIC_NMI (acpi_id[0x57] high edge lint[0x1])
[    0.311818] kernel: ACPI: LAPIC_NMI (acpi_id[0x58] high edge lint[0x1])
[    0.311818] kernel: ACPI: LAPIC_NMI (acpi_id[0x59] high edge lint[0x1])
[    0.311819] kernel: ACPI: LAPIC_NMI (acpi_id[0x5a] high edge lint[0x1])
[    0.311819] kernel: ACPI: LAPIC_NMI (acpi_id[0x5b] high edge lint[0x1])
[    0.311820] kernel: ACPI: LAPIC_NMI (acpi_id[0x5c] high edge lint[0x1])
[    0.311820] kernel: ACPI: LAPIC_NMI (acpi_id[0x5d] high edge lint[0x1])
[    0.311821] kernel: ACPI: LAPIC_NMI (acpi_id[0x5e] high edge lint[0x1])
[    0.311821] kernel: ACPI: LAPIC_NMI (acpi_id[0x5f] high edge lint[0x1])
[    0.311821] kernel: ACPI: LAPIC_NMI (acpi_id[0x60] high edge lint[0x1])
[    0.311822] kernel: ACPI: LAPIC_NMI (acpi_id[0x61] high edge lint[0x1])
[    0.311822] kernel: ACPI: LAPIC_NMI (acpi_id[0x62] high edge lint[0x1])
[    0.311823] kernel: ACPI: LAPIC_NMI (acpi_id[0x63] high edge lint[0x1])
[    0.311823] kernel: ACPI: LAPIC_NMI (acpi_id[0x64] high edge lint[0x1])
[    0.311824] kernel: ACPI: LAPIC_NMI (acpi_id[0x65] high edge lint[0x1])
[    0.311824] kernel: ACPI: LAPIC_NMI (acpi_id[0x66] high edge lint[0x1])
[    0.311825] kernel: ACPI: LAPIC_NMI (acpi_id[0x67] high edge lint[0x1])
[    0.311825] kernel: ACPI: LAPIC_NMI (acpi_id[0x68] high edge lint[0x1])
[    0.311826] kernel: ACPI: LAPIC_NMI (acpi_id[0x69] high edge lint[0x1])
[    0.311826] kernel: ACPI: LAPIC_NMI (acpi_id[0x6a] high edge lint[0x1])
[    0.311827] kernel: ACPI: LAPIC_NMI (acpi_id[0x6b] high edge lint[0x1])
[    0.311827] kernel: ACPI: LAPIC_NMI (acpi_id[0x6c] high edge lint[0x1])
[    0.311828] kernel: ACPI: LAPIC_NMI (acpi_id[0x6d] high edge lint[0x1])
[    0.311828] kernel: ACPI: LAPIC_NMI (acpi_id[0x6e] high edge lint[0x1])
[    0.311828] kernel: ACPI: LAPIC_NMI (acpi_id[0x6f] high edge lint[0x1])
[    0.311829] kernel: ACPI: LAPIC_NMI (acpi_id[0x70] high edge lint[0x1])
[    0.311829] kernel: ACPI: LAPIC_NMI (acpi_id[0x71] high edge lint[0x1])
[    0.311830] kernel: ACPI: LAPIC_NMI (acpi_id[0x72] high edge lint[0x1])
[    0.311830] kernel: ACPI: LAPIC_NMI (acpi_id[0x73] high edge lint[0x1])
[    0.311831] kernel: ACPI: LAPIC_NMI (acpi_id[0x74] high edge lint[0x1])
[    0.311831] kernel: ACPI: LAPIC_NMI (acpi_id[0x75] high edge lint[0x1])
[    0.311832] kernel: ACPI: LAPIC_NMI (acpi_id[0x76] high edge lint[0x1])
[    0.311832] kernel: ACPI: LAPIC_NMI (acpi_id[0x77] high edge lint[0x1])
[    0.311833] kernel: ACPI: LAPIC_NMI (acpi_id[0x78] high edge lint[0x1])
[    0.311833] kernel: ACPI: LAPIC_NMI (acpi_id[0x79] high edge lint[0x1])
[    0.311834] kernel: ACPI: LAPIC_NMI (acpi_id[0x7a] high edge lint[0x1])
[    0.311834] kernel: ACPI: LAPIC_NMI (acpi_id[0x7b] high edge lint[0x1])
[    0.311835] kernel: ACPI: LAPIC_NMI (acpi_id[0x7c] high edge lint[0x1])
[    0.311835] kernel: ACPI: LAPIC_NMI (acpi_id[0x7d] high edge lint[0x1])
[    0.311835] kernel: ACPI: LAPIC_NMI (acpi_id[0x7e] high edge lint[0x1])
[    0.311836] kernel: ACPI: LAPIC_NMI (acpi_id[0x7f] high edge lint[0x1])
[    0.311898] kernel: IOAPIC[0]: apic_id 128, version 32, address 0xfec00000, GSI 0-23
[    0.311902] kernel: ACPI: INT_SRC_OVR (bus 0 bus_irq 0 global_irq 2 high edge)
[    0.311904] kernel: ACPI: IRQ0 used by override.
[    0.311905] kernel: ACPI: IRQ9 used by override.
[    0.311908] kernel: Using ACPI (MADT) for SMP configuration information
[    0.311910] kernel: ACPI: HPET id: 0x8086af01 base: 0xfed00000
[    0.311927] kernel: smpboot: Allowing 128 CPUs, 124 hotplug CPUs
[    0.311943] kernel: PM: Registered nosave memory: [mem 0x00000000-0x00000fff]
[    0.311944] kernel: PM: Registered nosave memory: [mem 0x0009e000-0x0009efff]
[    0.311944] kernel: PM: Registered nosave memory: [mem 0x0009f000-0x0009ffff]
[    0.311945] kernel: PM: Registered nosave memory: [mem 0x000a0000-0x000dbfff]
[    0.311945] kernel: PM: Registered nosave memory: [mem 0x000dc000-0x000fffff]
[    0.311946] kernel: PM: Registered nosave memory: [mem 0xbfed0000-0xbfefefff]
[    0.311947] kernel: PM: Registered nosave memory: [mem 0xbfeff000-0xbfefffff]
[    0.311948] kernel: PM: Registered nosave memory: [mem 0xc0000000-0xefffffff]
[    0.311948] kernel: PM: Registered nosave memory: [mem 0xf0000000-0xf7ffffff]
[    0.311949] kernel: PM: Registered nosave memory: [mem 0xf8000000-0xfebfffff]
[    0.311949] kernel: PM: Registered nosave memory: [mem 0xfec00000-0xfec0ffff]
[    0.311950] kernel: PM: Registered nosave memory: [mem 0xfec10000-0xfedfffff]
[    0.311950] kernel: PM: Registered nosave memory: [mem 0xfee00000-0xfee00fff]
[    0.311950] kernel: PM: Registered nosave memory: [mem 0xfee01000-0xfffdffff]
[    0.311951] kernel: PM: Registered nosave memory: [mem 0xfffe0000-0xffffffff]
[    0.311953] kernel: [mem 0xc0000000-0xefffffff] available for PCI devices
[    0.311954] kernel: Booting paravirtualized kernel on VMware hypervisor
[    0.311957] kernel: clocksource: refined-jiffies: mask: 0xffffffff max_cycles: 0xffffffff, max_idle_ns: 7645519600211568 ns
[    0.311959] kernel: add_latent_entropy
[    0.311959] kernel: add_device_randomness
[    0.311963] kernel: boot_init_stack_canary
[    0.311968] kernel: random: get_random_bytes called from start_kernel+0x127/0x94e with crng_init=0
[    0.311969] kernel: mm_init_cpumask
[    0.311970] kernel: setup_command_line
[    0.311975] kernel: setup_nr_cpu_ids
[    0.311976] kernel: setup_per_cpu_areas
[    0.311977] kernel: setup_percpu: NR_CPUS:8192 nr_cpumask_bits:128 nr_cpu_ids:128 nr_node_ids:1
[    0.351274] kernel: percpu: Embedded 46 pages/cpu @(____ptrval____) s151552 r8192 d28672 u262144
[    0.351287] kernel: pcpu-alloc: s151552 r8192 d28672 u262144 alloc=1*2097152
[    0.351288] kernel: pcpu-alloc: [0] 000 001 002 003 004 005 006 007 
[    0.351290] kernel: pcpu-alloc: [0] 008 009 010 011 012 013 014 015 
[    0.351292] kernel: pcpu-alloc: [0] 016 017 018 019 020 021 022 023 
[    0.351294] kernel: pcpu-alloc: [0] 024 025 026 027 028 029 030 031 
[    0.351295] kernel: pcpu-alloc: [0] 032 033 034 035 036 037 038 039 
[    0.351297] kernel: pcpu-alloc: [0] 040 041 042 043 044 045 046 047 
[    0.351298] kernel: pcpu-alloc: [0] 048 049 050 051 052 053 054 055 
[    0.351300] kernel: pcpu-alloc: [0] 056 057 058 059 060 061 062 063 
[    0.351301] kernel: pcpu-alloc: [0] 064 065 066 067 068 069 070 071 
[    0.351303] kernel: pcpu-alloc: [0] 072 073 074 075 076 077 078 079 
[    0.351304] kernel: pcpu-alloc: [0] 080 081 082 083 084 085 086 087 
[    0.351306] kernel: pcpu-alloc: [0] 088 089 090 091 092 093 094 095 
[    0.351308] kernel: pcpu-alloc: [0] 096 097 098 099 100 101 102 103 
[    0.351309] kernel: pcpu-alloc: [0] 104 105 106 107 108 109 110 111 
[    0.351311] kernel: pcpu-alloc: [0] 112 113 114 115 116 117 118 119 
[    0.351312] kernel: pcpu-alloc: [0] 120 121 122 123 124 125 126 127 
[    0.351359] kernel: smp_prepare_boot_cpu
[    0.351360] kernel: boot_cpu_hotplug_init
[    0.351361] kernel: build_all_zonelists
[    0.351375] kernel: Built 1 zonelists, mobility grouping on.  Total pages: 1032024
[    0.351378] kernel: Policy zone: Normal
[    0.351378] kernel: page_alloc_init
[    0.351387] kernel: parse_early_param
[    0.351388] kernel: Kernel command line: BOOT_IMAGE=/boot/vmlinuz-5.0.1 root=UUID=f414943b-ede3-47e7-87fc-0a793526a06c ro find_preseed=/preseed.cfg auto noprompt priority=critical locale=en_US quiet
[    0.351390] kernel: jump_label_init
[    0.351603] kernel: setup_log_buf
[    0.351605] kernel: printk: log_buf_len individual max cpu contribution: 4096 bytes
[    0.351606] kernel: printk: log_buf_len total cpu_extra contributions: 520192 bytes
[    0.351607] kernel: printk: log_buf_len min size: 262144 bytes
[    0.355293] kernel: printk: log_buf_len: 1048576 bytes
[    0.355294] kernel: printk: early log buf free: 234344(89%)
[    0.355295] kernel: vfs_caches_init_early
[    0.355297] kernel: sort_main_extable
[    0.355297] kernel: trap_init
[    0.357970] kernel: mm_init
[    0.441293] kernel: Calgary: detecting Calgary via BIOS EBDA area
[    0.441297] kernel: Calgary: Unable to locate Rio Grande table in EBDA - bailing!
[    0.454034] kernel: Memory: 3575420K/4193716K available (14339K kernel code, 2332K rwdata, 4276K rodata, 2564K init, 5220K bss, 618296K reserved, 0K cma-reserved)
[    0.454447] kernel: SLUB: HWalign=64, Order=0-3, MinObjects=0, CPUs=128, Nodes=1
[    0.454463] kernel: Kernel/User page tables isolation: enabled
[    0.454567] kernel: ftrace_init
[    0.454568] kernel: ftrace: allocating 41327 entries in 162 pages
[    0.470265] kernel: early_trace_init
[    0.470383] kernel: sched_init
[    0.470527] kernel: preempt_disable
[    0.470527] kernel: radix_tree_init
[    0.470540] kernel: housekeeping_init
[    0.470540] kernel: workqueue_init_early
[    0.470727] kernel: rcu_init
[    0.470729] kernel: rcu: Hierarchical RCU implementation.
[    0.470731] kernel: rcu:         RCU restricting CPUs from NR_CPUS=8192 to nr_cpu_ids=128.
[    0.470734] kernel:         Tasks RCU enabled.
[    0.470737] kernel: rcu: RCU calculated value of scheduler-enlistment delay is 25 jiffies.
[    0.470737] kernel: rcu: Adjusting geometry for rcu_fanout_leaf=16, nr_cpu_ids=128
[    0.470799] kernel: trace_init
[    0.473580] kernel: context_tracking_init
[    0.473580] kernel: early_irq_init
[    0.473606] kernel: NR_IRQS: 524544, nr_irqs: 1448, preallocated irqs: 16
[    0.473686] kernel: init_IRQ
[    0.473828] kernel: tick_init
[    0.473828] kernel: rcu_init_nohz
[    0.473829] kernel: init_timers
[    0.473834] kernel: hrtimers_init
[    0.473835] kernel: softirq_init
[    0.473838] kernel: timekeeping_init
[    0.473960] kernel: time_init
[    0.473961] kernel: printk_safe_init
[    0.473982] kernel: perf_event_init
[    0.474038] kernel: profile_init
[    0.474039] kernel: call_function_init
[    0.474044] kernel: early_boot_irqs_disabled
[    0.474044] kernel: local_irq_enable
[    0.474044] kernel: kmem_cache_init_late
[    0.474045] kernel: console_init
[    0.476003] kernel: Console: colour VGA+ 80x25
[    0.476008] kernel: printk: console [tty0] enabled
[    0.476011] kernel: lockdep_init
[    0.476012] kernel: locking_selftest
[    0.476012] kernel: mem_encrypt_init
[    0.476012] kernel: kmemleak_init
[    0.476013] kernel: setup_per_cpu_pageset
[    0.476033] kernel: numa_policy_init
[    0.476054] kernel: acpi_early_init
[    0.476054] kernel: ACPI: Core revision 20181213
[    0.476222] kernel: late_time_init
[    0.476545] kernel: clocksource: hpet: mask: 0xffffffff max_cycles: 0xffffffff, max_idle_ns: 133484882848 ns
[    0.476640] kernel: hpet clockevent registered
[    0.476649] kernel: APIC: Switch to symmetric I/O mode setup
[    0.478186] kernel: x2apic enabled
[    0.478700] kernel: Switched APIC routing to physical x2apic.
[    0.480363] kernel: ..TIMER: vector=0x30 apic1=0 pin1=2 apic2=-1 pin2=-1
[    0.480404] kernel: clocksource: tsc-early: mask: 0xffffffffffffffff max_cycles: 0x22983777dd9, max_idle_ns: 440795300422 ns
[    0.480406] kernel: sched_clock_init
[    0.480424] kernel: calibrate_delay
[    0.480425] kernel: Calibrating delay loop (skipped) preset value.. 4800.00 BogoMIPS (lpj=9600000)
[    0.480426] kernel: pid_idr_init
[    0.480427] kernel: pid_max: default: 131072 minimum: 1024
[    0.480443] kernel: anon_vma_init
[    0.480455] kernel: thread_stack_cache_init
[    0.480456] kernel: cred_init
[    0.480463] kernel: fork_init
[    0.480469] kernel: proc_caches_init
[    0.480509] kernel: uts_ns_init
[    0.480515] kernel: buffer_init
[    0.480522] kernel: key_init
[    0.480523] kernel: security_init
[    0.480523] kernel: LSM: Security Framework initializing
[    0.480525] kernel: Yama: becoming mindful.
[    0.480528] kernel: SELinux:  Initializing.
[    0.480569] kernel: AppArmor: AppArmor disabled by boot time parameter
[    0.480576] kernel: dbg_late_init
[    0.480594] kernel: vfs_caches_init
[    0.485481] kernel: Dentry cache hash table entries: 524288 (order: 10, 4194304 bytes)
[    0.486545] kernel: Inode-cache hash table entries: 262144 (order: 9, 2097152 bytes)
[    0.486596] kernel: Mount-cache hash table entries: 8192 (order: 4, 65536 bytes)
[    0.486616] kernel: Mountpoint-cache hash table entries: 8192 (order: 4, 65536 bytes)
[    0.486712] kernel: pagecache_init
[    0.486718] kernel: signals_init
[    0.486720] kernel: seq_file_init
[    0.486720] kernel: proc_root_init
[    0.486811] kernel: nsfs_init
[    0.486823] kernel: cpuset_init
[    0.486824] kernel: cgroup_init
[    0.486908] kernel: taskstats_init_early
[    0.486918] kernel: delayacct_init
[    0.486927] kernel: check_bugs
[    0.486975] kernel: Disabled fast string operations
[    0.486993] kernel: mce: CPU supports 8 MCE banks
[    0.487026] kernel: Last level iTLB entries: 4KB 64, 2MB 8, 4MB 8
[    0.487027] kernel: Last level dTLB entries: 4KB 64, 2MB 0, 4MB 0, 1GB 4
[    0.487028] kernel: Spectre V2 : Mitigation: Full generic retpoline
[    0.487029] kernel: Spectre V2 : Spectre v2 / SpectreRSB mitigation: Filling RSB on context switch
[    0.487029] kernel: Speculative Store Bypass: Vulnerable
[    0.487236] kernel: Freeing SMP alternatives memory: 36K
[    0.488937] kernel: acpi_subsystem_init
[    0.492437] kernel: arch_post_acpi_subsys_init
[    0.492438] kernel: sfi_init_late
[    0.492439] kernel: arch_call_rest_init
[    0.492439] kernel: rest_init
[    0.492633] kernel: TSC deadline timer enabled
[    0.492678] kernel: smpboot: CPU0: Intel(R) Core(TM) i5-6200U CPU @ 2.30GHz (family: 0x6, model: 0x4e, stepping: 0x3)
[    0.492908] kernel: Performance Events: Skylake events, core PMU driver.
[    0.492927] kernel: core: CPUID marked event: 'cpu cycles' unavailable
[    0.492928] kernel: core: CPUID marked event: 'instructions' unavailable
[    0.492929] kernel: core: CPUID marked event: 'bus cycles' unavailable
[    0.492929] kernel: core: CPUID marked event: 'cache references' unavailable
[    0.492929] kernel: core: CPUID marked event: 'cache misses' unavailable
[    0.492930] kernel: core: CPUID marked event: 'branch instructions' unavailable
[    0.492930] kernel: core: CPUID marked event: 'branch misses' unavailable
[    0.492934] kernel: ... version:                1
[    0.492934] kernel: ... bit width:              48
[    0.492935] kernel: ... generic registers:      4
[    0.492935] kernel: ... value mask:             0000ffffffffffff
[    0.492936] kernel: ... max period:             000000007fffffff
[    0.492937] kernel: ... fixed-purpose events:   0
[    0.492937] kernel: ... event mask:             000000000000000f
[    0.493043] kernel: rcu: Hierarchical SRCU implementation.
[    0.493828] kernel: random: crng done (trusting CPU's manufacturer)
[    0.493922] kernel: NMI watchdog: Perf NMI watchdog permanently disabled
[    0.495880] kernel: smp: Bringing up secondary CPUs ...
[    0.496024] kernel: x86: Booting SMP configuration:
[    0.496025] kernel: .... node  #0, CPUs:          #1
[    0.010448] kernel: Disabled fast string operations
[    0.496616] kernel: cpu_startup_entry
[    0.496617] kernel: cpu_startup_entry
[    0.010448] kernel: cpu_startup_entry
[    0.496623] kernel: do_idle
[    0.496623] kernel: do_idle
[    0.496623] kernel: do_idle
[    0.496623] kernel: do_idle
[    0.496623] kernel:    #2
[    0.010448] kernel: Disabled fast string operations
[    0.497869] kernel: do_idle
[    0.010448] kernel: cpu_startup_entry
[    0.497870] kernel: do_idle
[    0.497870] kernel: do_idle
[    0.497870] kernel: do_idle
[    0.497870] kernel:    #3
[    0.010448] kernel: Disabled fast string operations
[    0.497870] kernel: do_idle
[    0.010448] kernel: cpu_startup_entry
[    0.497870] kernel: do_idle
[    0.497870] kernel: do_idle
[    0.497870] kernel: do_idle
[    0.497870] kernel: smp: Brought up 1 node, 4 CPUs
[    0.497870] kernel: smpboot: Max logical packages: 64
[    0.497870] kernel: smpboot: Total of 4 processors activated (19200.00 BogoMIPS)
[    0.497870] kernel: do_idle
[    0.497870] kernel: do_idle
[    0.497870] kernel: do_idle
[    0.500747] kernel: do_idle
[    0.500851] kernel: do_idle
[    0.500847] kernel: do_idle
[    0.500851] kernel: do_idle
[    0.500851] kernel: do_idle
[    0.500851] kernel: do_idle
[    0.500851] kernel: devtmpfs: initialized
[    0.500851] kernel: x86/mm: Memory block size: 128MB
[    0.500909] kernel: do_idle
[    0.500906] kernel: do_idle
[    0.500910] kernel: do_idle
[    0.500910] kernel: do_idle
[    0.500910] kernel: PM: Registering ACPI NVS region [mem 0xbfeff000-0xbfefffff] (4096 bytes)
[    0.500910] kernel: do_idle
[    0.500910] kernel: do_idle
[    0.500910] kernel: do_idle
[    0.500910] kernel: do_idle
[    0.500910] kernel: do_idle
[    0.500910] kernel: do_idle
[    0.500910] kernel: do_idle
[    0.500910] kernel: do_idle
[    0.500910] kernel: do_idle
[    0.500910] kernel: clocksource: jiffies: mask: 0xffffffff max_cycles: 0xffffffff, max_idle_ns: 7645041785100000 ns
[    0.500910] kernel: do_idle
[    0.500910] kernel: futex hash table entries: 32768 (order: 9, 2097152 bytes)
[    0.501059] kernel: do_idle
[    0.501047] kernel: do_idle
[    0.501087] kernel: do_idle
[    0.501157] kernel: do_idle
[    0.501146] kernel: do_idle
[    0.501180] kernel: do_idle
[    0.501513] kernel: pinctrl core: initialized pinctrl subsystem
[    0.501692] kernel: RTC time: 22:53:37, date: 2019-10-14
[    0.502053] kernel: NET: Registered protocol family 16
[    0.502156] kernel: audit: initializing netlink subsys (disabled)
[    0.502173] kernel: do_idle
[    0.502160] kernel: do_idle
[    0.502173] kernel: do_idle
[    0.502173] kernel: do_idle
[    0.502173] kernel: audit: type=2000 audit(1571093617.020:1): state=initialized audit_enabled=0 res=1
[    0.502173] kernel: do_idle
[    0.504541] kernel: EISA bus registered
[    0.504567] kernel: do_idle
[    0.504553] kernel: do_idle
[    0.504567] kernel: do_idle
[    0.504567] kernel: do_idle
[    0.504567] kernel: cpuidle: using governor ladder
[    0.504567] kernel: do_idle
[    0.504567] kernel: do_idle
[    0.504567] kernel: do_idle
[    0.504567] kernel: do_idle
[    0.504567] kernel: do_idle
[    0.504567] kernel: do_idle
[    0.504567] kernel: do_idle
[    0.504567] kernel: cpuidle: using governor menu
[    0.504567] kernel: Simple Boot Flag at 0x36 set to 0x80
[    0.504567] kernel: ACPI: bus type PCI registered
[    0.504567] kernel: acpiphp: ACPI Hot Plug PCI Controller Driver version: 0.5
[    0.504708] kernel: PCI: MMCONFIG for domain 0000 [bus 00-7f] at [mem 0xf0000000-0xf7ffffff] (base 0xf0000000)
[    0.504711] kernel: PCI: MMCONFIG at [mem 0xf0000000-0xf7ffffff] reserved in E820
[    0.504719] kernel: PCI: Using configuration type 1 for base access
[    0.505772] kernel: do_idle
[    0.505773] kernel: do_idle
[    0.505773] kernel: do_idle
[    0.505773] kernel: do_idle
[    0.505773] kernel: do_idle
[    0.505773] kernel: do_idle
[    0.505773] kernel: do_idle
[    0.505773] kernel: do_idle
[    0.505773] kernel: do_idle
[    0.505773] kernel: do_idle
[    0.505773] kernel: do_idle
[    0.505773] kernel: do_idle
[    0.505773] kernel: do_idle
[    0.505773] kernel: do_idle
[    0.505773] kernel: do_idle
[    0.505773] kernel: do_idle
[    0.505773] kernel: do_idle
[    0.505773] kernel: do_idle
[    0.505773] kernel: do_idle
[    0.505773] kernel: do_idle
[    0.505773] kernel: HugeTLB registered 1.00 GiB page size, pre-allocated 0 pages
[    0.505773] kernel: HugeTLB registered 2.00 MiB page size, pre-allocated 0 pages
[    0.505773] kernel: do_idle
[    0.505773] kernel: do_idle
[    0.508415] kernel: do_idle
[    0.508422] kernel: do_idle
[    0.508423] kernel: do_idle
[    0.508485] kernel: do_idle
[    0.508470] kernel: do_idle
[    0.508486] kernel: do_idle
[    0.508486] kernel: do_idle
[    0.508486] kernel: do_idle
[    0.508486] kernel: do_idle
[    0.508486] kernel: do_idle
[    0.508487] kernel: do_idle
[    0.508486] kernel: do_idle
[    0.508514] kernel: do_idle
[    0.508575] kernel: do_idle
[    0.508558] kernel: do_idle
[    0.508575] kernel: do_idle
[    0.508575] kernel: do_idle
[    0.508575] kernel: do_idle
[    0.508575] kernel: do_idle
[    0.508575] kernel: do_idle
[    0.508597] kernel: do_idle
[    0.508575] kernel: do_idle
[    0.508598] kernel: do_idle
[    0.508598] kernel: do_idle
[    0.508598] kernel: do_idle
[    0.508598] kernel: do_idle
[    0.508598] kernel: do_idle
[    0.508598] kernel: do_idle
[    0.508598] kernel: do_idle
[    0.508598] kernel: do_idle
[    0.508598] kernel: do_idle
[    0.508598] kernel: do_idle
[    0.508598] kernel: do_idle
[    0.508598] kernel: do_idle
[    0.508660] kernel: do_idle
[    0.508648] kernel: do_idle
[    0.508670] kernel: do_idle
[    0.508746] kernel: ACPI: Added _OSI(Module Device)
[    0.508747] kernel: ACPI: Added _OSI(Processor Device)
[    0.508748] kernel: ACPI: Added _OSI(3.0 _SCP Extensions)
[    0.508748] kernel: ACPI: Added _OSI(Processor Aggregator Device)
[    0.508763] kernel: ACPI: Added _OSI(Linux-Dell-Video)
[    0.508764] kernel: ACPI: Added _OSI(Linux-Lenovo-NV-HDMI-Audio)
[    0.508764] kernel: ACPI: Added _OSI(Linux-HPI-Hybrid-Graphics)
[    0.508720] kernel: do_idle
[    0.512419] kernel: do_idle
[    0.520444] kernel: do_idle
[    0.520441] kernel: do_idle
[    0.520445] kernel: do_idle
[    0.528419] kernel: do_idle
[    0.531736] kernel: ACPI: 1 ACPI AML tables successfully acquired and loaded
[    0.536423] kernel: do_idle
[    0.536871] kernel: ACPI: [Firmware Bug]: BIOS _OSI(Linux) query ignored
[    0.540447] kernel: do_idle
[    0.540414] kernel: do_idle
[    0.540485] kernel: do_idle
[    0.540469] kernel: do_idle
[    0.540485] kernel: do_idle
[    0.540485] kernel: do_idle
[    0.540485] kernel: do_idle
[    0.540485] kernel: do_idle
[    0.540637] kernel: do_idle
[    0.540638] kernel: do_idle
[    0.540638] kernel: do_idle
[    0.540638] kernel: do_idle
[    0.540638] kernel: do_idle
[    0.540772] kernel: do_idle
[    0.540772] kernel: do_idle
[    0.540772] kernel: do_idle
[    0.540772] kernel: do_idle
[    0.540772] kernel: do_idle
[    0.540772] kernel: do_idle
[    0.540772] kernel: do_idle
[    0.540772] kernel: do_idle
[    0.540772] kernel: do_idle
[    0.540772] kernel: do_idle
[    0.540772] kernel: do_idle
[    0.540772] kernel: do_idle
[    0.544444] kernel: do_idle
[    0.544592] kernel: do_idle
[    0.544593] kernel: do_idle
[    0.544593] kernel: do_idle
[    0.544593] kernel: do_idle
[    0.544595] kernel: do_idle
[    0.544711] kernel: do_idle
[    0.544712] kernel: do_idle
[    0.544712] kernel: do_idle
[    0.544712] kernel: do_idle
[    0.544712] kernel: do_idle
[    0.544712] kernel: do_idle
[    0.544712] kernel: do_idle
[    0.544712] kernel: do_idle
[    0.544712] kernel: do_idle
[    0.544712] kernel: do_idle
[    0.544712] kernel: do_idle
[    0.544712] kernel: do_idle
[    0.544712] kernel: do_idle
[    0.544712] kernel: do_idle
[    0.544712] kernel: do_idle
[    0.544712] kernel: do_idle
[    0.544712] kernel: do_idle
[    0.544712] kernel: do_idle
[    0.548609] kernel: do_idle
[    0.548629] kernel: do_idle
[    0.548630] kernel: do_idle
[    0.548667] kernel: do_idle
[    0.548667] kernel: do_idle
[    0.548667] kernel: do_idle
[    0.548667] kernel: do_idle
[    0.548667] kernel: do_idle
[    0.548667] kernel: do_idle
[    0.548667] kernel: do_idle
[    0.548667] kernel: do_idle
[    0.548667] kernel: do_idle
[    0.548667] kernel: do_idle
[    0.548667] kernel: do_idle
[    0.548667] kernel: do_idle
[    0.548667] kernel: do_idle
[    0.548667] kernel: do_idle
[    0.548667] kernel: do_idle
[    0.548761] kernel: do_idle
[    0.552445] kernel: do_idle
[    0.552594] kernel: do_idle
[    0.552594] kernel: do_idle
[    0.552596] kernel: do_idle
[    0.552596] kernel: do_idle
[    0.552596] kernel: do_idle
[    0.552596] kernel: do_idle
[    0.552614] kernel: do_idle
[    0.552615] kernel: do_idle
[    0.552615] kernel: do_idle
[    0.552615] kernel: do_idle
[    0.552615] kernel: do_idle
[    0.552615] kernel: do_idle
[    0.552615] kernel: do_idle
[    0.552615] kernel: do_idle
[    0.552615] kernel: do_idle
[    0.552615] kernel: do_idle
[    0.552615] kernel: do_idle
[    0.552615] kernel: do_idle
[    0.552631] kernel: do_idle
[    0.552681] kernel: do_idle
[    0.552704] kernel: do_idle
[    0.552705] kernel: do_idle
[    0.552705] kernel: do_idle
[    0.564157] kernel: ACPI: Interpreter enabled
[    0.564171] kernel: ACPI: (supports S0 S1 S4 S5)
[    0.564173] kernel: ACPI: Using IOAPIC for interrupt routing
[    0.564230] kernel: PCI: Using host bridge windows from ACPI; if necessary, use "pci=nocrs" and report a bug
[    0.565950] kernel: ACPI: Enabled 4 GPEs in block 00 to 0F
[    0.656437] kernel: do_idle
[    0.656438] kernel: do_idle
[    0.656760] kernel: do_idle
[    0.656761] kernel: do_idle
[    0.656761] kernel: do_idle
[    0.656761] kernel: do_idle
[    0.656761] kernel: do_idle
[    0.656761] kernel: do_idle
[    0.656761] kernel: do_idle
[    0.656761] kernel: do_idle
[    0.656761] kernel: do_idle
[    0.656761] kernel: do_idle
[    0.656761] kernel: do_idle
[    0.656761] kernel: do_idle
[    0.656761] kernel: do_idle
[    0.656761] kernel: do_idle
[    0.656761] kernel: do_idle
[    0.656761] kernel: do_idle
[    0.656761] kernel: do_idle
[    0.656761] kernel: do_idle
[    0.656761] kernel: do_idle
[    0.656761] kernel: do_idle
[    0.656761] kernel: do_idle
[    0.656761] kernel: do_idle
[    0.660641] kernel: do_idle
[    0.660642] kernel: do_idle
[    0.660642] kernel: do_idle
[    0.660642] kernel: do_idle
[    0.660680] kernel: do_idle
[    0.660681] kernel: do_idle
[    0.660681] kernel: do_idle
[    0.660681] kernel: do_idle
[    0.660681] kernel: do_idle
[    0.660681] kernel: do_idle
[    0.660681] kernel: do_idle
[    0.660681] kernel: do_idle
[    0.660681] kernel: do_idle
[    0.660681] kernel: do_idle
[    0.660681] kernel: do_idle
[    0.660681] kernel: do_idle
[    0.660681] kernel: do_idle
[    0.660681] kernel: do_idle
[    0.719911] kernel: do_idle
[    0.719912] kernel: do_idle
[    0.719912] kernel: do_idle
[    0.733863] kernel: do_idle
[    0.733865] kernel: do_idle
[    0.733865] kernel: do_idle
[    0.750609] kernel: do_idle
[    0.750610] kernel: do_idle
[    0.750610] kernel: do_idle
[    0.752872] kernel: ACPI: PCI Root Bridge [PCI0] (domain 0000 [bus 00-7f])
[    0.752883] kernel: acpi PNP0A03:00: _OSC: OS supports [ExtendedConfig ASPM ClockPM Segments MSI]
[    0.753137] kernel: acpi PNP0A03:00: _OSC: platform does not support [AER LTR]
[    0.753397] kernel: acpi PNP0A03:00: _OSC: OS now controls [PCIeHotplug SHPCHotplug PME PCIeCapability]
[    0.755610] kernel: PCI host bridge to bus 0000:00
[    0.755629] kernel: pci_bus 0000:00: root bus resource [mem 0x000a0000-0x000bffff window]
[    0.755630] kernel: pci_bus 0000:00: root bus resource [mem 0x000d0000-0x000d3fff window]
[    0.755631] kernel: pci_bus 0000:00: root bus resource [mem 0x000d4000-0x000d7fff window]
[    0.755632] kernel: pci_bus 0000:00: root bus resource [mem 0x000d8000-0x000dbfff window]
[    0.755632] kernel: pci_bus 0000:00: root bus resource [mem 0xc0000000-0xfebfffff window]
[    0.755633] kernel: pci_bus 0000:00: root bus resource [io  0x0000-0x0cf7 window]
[    0.755634] kernel: pci_bus 0000:00: root bus resource [io  0x0d00-0xfeff window]
[    0.755635] kernel: pci_bus 0000:00: root bus resource [bus 00-7f]
[    0.755689] kernel: pci 0000:00:00.0: [8086:7190] type 00 class 0x060000
[    0.756538] kernel: pci 0000:00:01.0: [8086:7191] type 01 class 0x060400
[    0.758293] kernel: pci 0000:00:07.0: [8086:7110] type 00 class 0x060100
[    0.759053] kernel: pci 0000:00:07.1: [8086:7111] type 00 class 0x01018a
[    0.761107] kernel: pci 0000:00:07.1: reg 0x20: [io  0x1060-0x106f]
[    0.761947] kernel: pci 0000:00:07.1: legacy IDE quirk: reg 0x10: [io  0x01f0-0x01f7]
[    0.761948] kernel: pci 0000:00:07.1: legacy IDE quirk: reg 0x14: [io  0x03f6]
[    0.761948] kernel: pci 0000:00:07.1: legacy IDE quirk: reg 0x18: [io  0x0170-0x0177]
[    0.761949] kernel: pci 0000:00:07.1: legacy IDE quirk: reg 0x1c: [io  0x0376]
[    0.762260] kernel: pci 0000:00:07.3: [8086:7113] type 00 class 0x068000
[    0.764438] kernel: pci 0000:00:07.3: quirk: [io  0x1000-0x103f] claimed by PIIX4 ACPI
[    0.764449] kernel: pci 0000:00:07.3: quirk: [io  0x1040-0x104f] claimed by PIIX4 SMB
[    0.764789] kernel: pci 0000:00:07.7: [15ad:0740] type 00 class 0x088000
[    0.765714] kernel: pci 0000:00:07.7: reg 0x10: [io  0x1080-0x10bf]
[    0.766586] kernel: pci 0000:00:07.7: reg 0x14: [mem 0xfebfe000-0xfebfffff 64bit]
[    0.772250] kernel: pci 0000:00:0f.0: [15ad:0405] type 00 class 0x030000
[    0.773955] kernel: pci 0000:00:0f.0: reg 0x10: [io  0x1070-0x107f]
[    0.776428] kernel: pci 0000:00:0f.0: reg 0x14: [mem 0xe8000000-0xefffffff pref]
[    0.779465] kernel: pci 0000:00:0f.0: reg 0x18: [mem 0xfe000000-0xfe7fffff]
[    0.790747] kernel: pci 0000:00:0f.0: reg 0x30: [mem 0x00000000-0x00007fff pref]
[    0.791572] kernel: pci 0000:00:10.0: [1000:0030] type 00 class 0x010000
[    0.793576] kernel: pci 0000:00:10.0: reg 0x10: [io  0x1400-0x14ff]
[    0.795195] kernel: pci 0000:00:10.0: reg 0x14: [mem 0xfeba0000-0xfebbffff 64bit]
[    0.796416] kernel: pci 0000:00:10.0: reg 0x1c: [mem 0xfebc0000-0xfebdffff 64bit]
[    0.799678] kernel: pci 0000:00:10.0: reg 0x30: [mem 0x00000000-0x00003fff pref]
[    0.800491] kernel: pci 0000:00:11.0: [15ad:0790] type 01 class 0x060401
[    0.802268] kernel: pci 0000:00:15.0: [15ad:07a0] type 01 class 0x060400
[    0.803101] kernel: pci 0000:00:15.0: PME# supported from D0 D3hot D3cold
[    0.803544] kernel: pci 0000:00:15.1: [15ad:07a0] type 01 class 0x060400
[    0.804342] kernel: pci 0000:00:15.1: PME# supported from D0 D3hot D3cold
[    0.804816] kernel: pci 0000:00:15.2: [15ad:07a0] type 01 class 0x060400
[    0.805642] kernel: pci 0000:00:15.2: PME# supported from D0 D3hot D3cold
[    0.806030] kernel: pci 0000:00:15.3: [15ad:07a0] type 01 class 0x060400
[    0.806842] kernel: pci 0000:00:15.3: PME# supported from D0 D3hot D3cold
[    0.807228] kernel: pci 0000:00:15.4: [15ad:07a0] type 01 class 0x060400
[    0.808066] kernel: pci 0000:00:15.4: PME# supported from D0 D3hot D3cold
[    0.808488] kernel: pci 0000:00:15.5: [15ad:07a0] type 01 class 0x060400
[    0.809332] kernel: pci 0000:00:15.5: PME# supported from D0 D3hot D3cold
[    0.809745] kernel: pci 0000:00:15.6: [15ad:07a0] type 01 class 0x060400
[    0.810556] kernel: pci 0000:00:15.6: PME# supported from D0 D3hot D3cold
[    0.810942] kernel: pci 0000:00:15.7: [15ad:07a0] type 01 class 0x060400
[    0.811745] kernel: pci 0000:00:15.7: PME# supported from D0 D3hot D3cold
[    0.812402] kernel: pci 0000:00:16.0: [15ad:07a0] type 01 class 0x060400
[    0.813165] kernel: pci 0000:00:16.0: PME# supported from D0 D3hot D3cold
[    0.813630] kernel: pci 0000:00:16.1: [15ad:07a0] type 01 class 0x060400
[    0.814454] kernel: pci 0000:00:16.1: PME# supported from D0 D3hot D3cold
[    0.814850] kernel: pci 0000:00:16.2: [15ad:07a0] type 01 class 0x060400
[    0.815712] kernel: pci 0000:00:16.2: PME# supported from D0 D3hot D3cold
[    0.816135] kernel: pci 0000:00:16.3: [15ad:07a0] type 01 class 0x060400
[    0.817013] kernel: pci 0000:00:16.3: PME# supported from D0 D3hot D3cold
[    0.817460] kernel: pci 0000:00:16.4: [15ad:07a0] type 01 class 0x060400
[    0.818221] kernel: pci 0000:00:16.4: PME# supported from D0 D3hot D3cold
[    0.818667] kernel: pci 0000:00:16.5: [15ad:07a0] type 01 class 0x060400
[    0.819534] kernel: pci 0000:00:16.5: PME# supported from D0 D3hot D3cold
[    0.819925] kernel: pci 0000:00:16.6: [15ad:07a0] type 01 class 0x060400
[    0.820734] kernel: pci 0000:00:16.6: PME# supported from D0 D3hot D3cold
[    0.821115] kernel: pci 0000:00:16.7: [15ad:07a0] type 01 class 0x060400
[    0.821927] kernel: pci 0000:00:16.7: PME# supported from D0 D3hot D3cold
[    0.822550] kernel: pci 0000:00:17.0: [15ad:07a0] type 01 class 0x060400
[    0.823383] kernel: pci 0000:00:17.0: PME# supported from D0 D3hot D3cold
[    0.823787] kernel: pci 0000:00:17.1: [15ad:07a0] type 01 class 0x060400
[    0.824606] kernel: pci 0000:00:17.1: PME# supported from D0 D3hot D3cold
[    0.824998] kernel: pci 0000:00:17.2: [15ad:07a0] type 01 class 0x060400
[    0.825807] kernel: pci 0000:00:17.2: PME# supported from D0 D3hot D3cold
[    0.826255] kernel: pci 0000:00:17.3: [15ad:07a0] type 01 class 0x060400
[    0.827057] kernel: pci 0000:00:17.3: PME# supported from D0 D3hot D3cold
[    0.827488] kernel: pci 0000:00:17.4: [15ad:07a0] type 01 class 0x060400
[    0.828246] kernel: pci 0000:00:17.4: PME# supported from D0 D3hot D3cold
[    0.828702] kernel: pci 0000:00:17.5: [15ad:07a0] type 01 class 0x060400
[    0.829504] kernel: pci 0000:00:17.5: PME# supported from D0 D3hot D3cold
[    0.829890] kernel: pci 0000:00:17.6: [15ad:07a0] type 01 class 0x060400
[    0.830691] kernel: pci 0000:00:17.6: PME# supported from D0 D3hot D3cold
[    0.831071] kernel: pci 0000:00:17.7: [15ad:07a0] type 01 class 0x060400
[    0.831884] kernel: pci 0000:00:17.7: PME# supported from D0 D3hot D3cold
[    0.832488] kernel: pci 0000:00:18.0: [15ad:07a0] type 01 class 0x060400
[    0.833304] kernel: pci 0000:00:18.0: PME# supported from D0 D3hot D3cold
[    0.833710] kernel: pci 0000:00:18.1: [15ad:07a0] type 01 class 0x060400
[    0.834529] kernel: pci 0000:00:18.1: PME# supported from D0 D3hot D3cold
[    0.834922] kernel: pci 0000:00:18.2: [15ad:07a0] type 01 class 0x060400
[    0.835725] kernel: pci 0000:00:18.2: PME# supported from D0 D3hot D3cold
[    0.836124] kernel: pci 0000:00:18.3: [15ad:07a0] type 01 class 0x060400
[    0.836928] kernel: pci 0000:00:18.3: PME# supported from D0 D3hot D3cold
[    0.837468] kernel: pci 0000:00:18.4: [15ad:07a0] type 01 class 0x060400
[    0.838327] kernel: pci 0000:00:18.4: PME# supported from D0 D3hot D3cold
[    0.838746] kernel: pci 0000:00:18.5: [15ad:07a0] type 01 class 0x060400
[    0.839571] kernel: pci 0000:00:18.5: PME# supported from D0 D3hot D3cold
[    0.840012] kernel: pci 0000:00:18.6: [15ad:07a0] type 01 class 0x060400
[    0.840873] kernel: pci 0000:00:18.6: PME# supported from D0 D3hot D3cold
[    0.841306] kernel: pci 0000:00:18.7: [15ad:07a0] type 01 class 0x060400
[    0.842100] kernel: pci 0000:00:18.7: PME# supported from D0 D3hot D3cold
[    0.844301] kernel: pci_bus 0000:01: extended config space not accessible
[    0.851207] kernel: pci 0000:00:01.0: PCI bridge to [bus 01]
[    0.851398] kernel: pci_bus 0000:02: extended config space not accessible
[    0.851607] kernel: acpiphp: Slot [32] registered
[    0.851629] kernel: acpiphp: Slot [33] registered
[    0.851650] kernel: acpiphp: Slot [34] registered
[    0.851674] kernel: acpiphp: Slot [35] registered
[    0.851694] kernel: acpiphp: Slot [36] registered
[    0.851714] kernel: acpiphp: Slot [37] registered
[    0.851734] kernel: acpiphp: Slot [38] registered
[    0.851753] kernel: acpiphp: Slot [39] registered
[    0.851772] kernel: acpiphp: Slot [40] registered
[    0.851791] kernel: acpiphp: Slot [41] registered
[    0.851811] kernel: acpiphp: Slot [42] registered
[    0.851830] kernel: acpiphp: Slot [43] registered
[    0.851849] kernel: acpiphp: Slot [44] registered
[    0.851868] kernel: acpiphp: Slot [45] registered
[    0.851890] kernel: acpiphp: Slot [46] registered
[    0.851914] kernel: acpiphp: Slot [47] registered
[    0.851933] kernel: acpiphp: Slot [48] registered
[    0.851952] kernel: acpiphp: Slot [49] registered
[    0.851971] kernel: acpiphp: Slot [50] registered
[    0.851990] kernel: acpiphp: Slot [51] registered
[    0.852009] kernel: acpiphp: Slot [52] registered
[    0.852028] kernel: acpiphp: Slot [53] registered
[    0.852077] kernel: acpiphp: Slot [54] registered
[    0.852113] kernel: acpiphp: Slot [55] registered
[    0.852136] kernel: acpiphp: Slot [56] registered
[    0.852156] kernel: acpiphp: Slot [57] registered
[    0.852177] kernel: acpiphp: Slot [58] registered
[    0.852201] kernel: acpiphp: Slot [59] registered
[    0.852234] kernel: acpiphp: Slot [60] registered
[    0.852254] kernel: acpiphp: Slot [61] registered
[    0.852273] kernel: acpiphp: Slot [62] registered
[    0.852292] kernel: acpiphp: Slot [63] registered
[    0.852357] kernel: pci 0000:02:00.0: [15ad:0774] type 00 class 0x0c0300
[    0.854209] kernel: pci 0000:02:00.0: reg 0x20: [io  0x2080-0x209f]
[    0.855704] kernel: pci 0000:02:01.0: [8086:100f] type 00 class 0x020000
[    0.857544] kernel: pci 0000:02:01.0: reg 0x10: [mem 0xfd5c0000-0xfd5dffff 64bit]
[    0.859319] kernel: pci 0000:02:01.0: reg 0x18: [mem 0xfdff0000-0xfdffffff 64bit]
[    0.860433] kernel: pci 0000:02:01.0: reg 0x20: [io  0x2000-0x203f]
[    0.863113] kernel: pci 0000:02:01.0: reg 0x30: [mem 0x00000000-0x0000ffff pref]
[    0.863442] kernel: pci 0000:02:01.0: PME# supported from D0 D3hot D3cold
[    0.863999] kernel: pci 0000:02:02.0: [1274:1371] type 00 class 0x040100
[    0.864415] kernel: pci 0000:02:02.0: reg 0x10: [io  0x2040-0x207f]
[    0.867108] kernel: pci 0000:02:03.0: [15ad:0770] type 00 class 0x0c0320
[    0.868418] kernel: pci 0000:02:03.0: reg 0x10: [mem 0xfd5ef000-0xfd5effff]
[    0.873460] kernel: pci 0000:02:05.0: [15ad:07e0] type 00 class 0x010601
[    0.876994] kernel: pci 0000:02:05.0: reg 0x24: [mem 0xfd5ee000-0xfd5eefff]
[    0.877650] kernel: pci 0000:02:05.0: reg 0x30: [mem 0x00000000-0x0000ffff pref]
[    0.878025] kernel: pci 0000:02:05.0: PME# supported from D3hot
[    0.884637] kernel: pci 0000:00:11.0: PCI bridge to [bus 02] (subtractive decode)
[    0.884686] kernel: pci 0000:00:11.0:   bridge window [io  0x2000-0x3fff]
[    0.884723] kernel: pci 0000:00:11.0:   bridge window [mem 0xfd500000-0xfdffffff]
[    0.884758] kernel: pci 0000:00:11.0:   bridge window [mem 0xe7b00000-0xe7ffffff 64bit pref]
[    0.884759] kernel: pci 0000:00:11.0:   bridge window [mem 0x000a0000-0x000bffff window] (subtractive decode)
[    0.884760] kernel: pci 0000:00:11.0:   bridge window [mem 0x000d0000-0x000d3fff window] (subtractive decode)
[    0.884761] kernel: pci 0000:00:11.0:   bridge window [mem 0x000d4000-0x000d7fff window] (subtractive decode)
[    0.884762] kernel: pci 0000:00:11.0:   bridge window [mem 0x000d8000-0x000dbfff window] (subtractive decode)
[    0.884762] kernel: pci 0000:00:11.0:   bridge window [mem 0xc0000000-0xfebfffff window] (subtractive decode)
[    0.884763] kernel: pci 0000:00:11.0:   bridge window [io  0x0000-0x0cf7 window] (subtractive decode)
[    0.884764] kernel: pci 0000:00:11.0:   bridge window [io  0x0d00-0xfeff window] (subtractive decode)
[    0.892366] kernel: pci 0000:00:15.0: PCI bridge to [bus 03]
[    0.892404] kernel: pci 0000:00:15.0:   bridge window [io  0x4000-0x4fff]
[    0.892420] kernel: pci 0000:00:15.0:   bridge window [mem 0xfd400000-0xfd4fffff]
[    0.892472] kernel: pci 0000:00:15.0:   bridge window [mem 0xe7a00000-0xe7afffff 64bit pref]
[    0.900444] kernel: pci 0000:00:15.1: PCI bridge to [bus 04]
[    0.900465] kernel: pci 0000:00:15.1:   bridge window [io  0x8000-0x8fff]
[    0.900483] kernel: pci 0000:00:15.1:   bridge window [mem 0xfd000000-0xfd0fffff]
[    0.900518] kernel: pci 0000:00:15.1:   bridge window [mem 0xe7600000-0xe76fffff 64bit pref]
[    0.908325] kernel: pci 0000:00:15.2: PCI bridge to [bus 05]
[    0.908345] kernel: pci 0000:00:15.2:   bridge window [io  0xc000-0xcfff]
[    0.908363] kernel: pci 0000:00:15.2:   bridge window [mem 0xfcc00000-0xfccfffff]
[    0.908436] kernel: pci 0000:00:15.2:   bridge window [mem 0xe7200000-0xe72fffff 64bit pref]
[    0.915333] kernel: pci 0000:00:15.3: PCI bridge to [bus 06]
[    0.915382] kernel: pci 0000:00:15.3:   bridge window [mem 0xfc800000-0xfc8fffff]
[    0.915418] kernel: pci 0000:00:15.3:   bridge window [mem 0xe6e00000-0xe6efffff 64bit pref]
[    0.922313] kernel: pci 0000:00:15.4: PCI bridge to [bus 07]
[    0.922356] kernel: pci 0000:00:15.4:   bridge window [mem 0xfc400000-0xfc4fffff]
[    0.922391] kernel: pci 0000:00:15.4:   bridge window [mem 0xe6a00000-0xe6afffff 64bit pref]
[    0.929371] kernel: pci 0000:00:15.5: PCI bridge to [bus 08]
[    0.929464] kernel: pci 0000:00:15.5:   bridge window [mem 0xfc000000-0xfc0fffff]
[    0.929498] kernel: pci 0000:00:15.5:   bridge window [mem 0xe6600000-0xe66fffff 64bit pref]
[    0.936466] kernel: pci 0000:00:15.6: PCI bridge to [bus 09]
[    0.936505] kernel: pci 0000:00:15.6:   bridge window [mem 0xfbc00000-0xfbcfffff]
[    0.936541] kernel: pci 0000:00:15.6:   bridge window [mem 0xe6200000-0xe62fffff 64bit pref]
[    0.943384] kernel: pci 0000:00:15.7: PCI bridge to [bus 0a]
[    0.943468] kernel: pci 0000:00:15.7:   bridge window [mem 0xfb800000-0xfb8fffff]
[    0.943513] kernel: pci 0000:00:15.7:   bridge window [mem 0xe5e00000-0xe5efffff 64bit pref]
[    0.949495] kernel: pci 0000:00:16.0: PCI bridge to [bus 0b]
[    0.949517] kernel: pci 0000:00:16.0:   bridge window [io  0x5000-0x5fff]
[    0.949535] kernel: pci 0000:00:16.0:   bridge window [mem 0xfd300000-0xfd3fffff]
[    0.949570] kernel: pci 0000:00:16.0:   bridge window [mem 0xe7900000-0xe79fffff 64bit pref]
[    0.956597] kernel: pci 0000:00:16.1: PCI bridge to [bus 0c]
[    0.956627] kernel: pci 0000:00:16.1:   bridge window [io  0x9000-0x9fff]
[    0.956647] kernel: pci 0000:00:16.1:   bridge window [mem 0xfcf00000-0xfcffffff]
[    0.956683] kernel: pci 0000:00:16.1:   bridge window [mem 0xe7500000-0xe75fffff 64bit pref]
[    0.962455] kernel: pci 0000:00:16.2: PCI bridge to [bus 0d]
[    0.962491] kernel: pci 0000:00:16.2:   bridge window [io  0xd000-0xdfff]
[    0.962511] kernel: pci 0000:00:16.2:   bridge window [mem 0xfcb00000-0xfcbfffff]
[    0.962547] kernel: pci 0000:00:16.2:   bridge window [mem 0xe7100000-0xe71fffff 64bit pref]
[    0.968572] kernel: pci 0000:00:16.3: PCI bridge to [bus 0e]
[    0.968612] kernel: pci 0000:00:16.3:   bridge window [mem 0xfc700000-0xfc7fffff]
[    0.968648] kernel: pci 0000:00:16.3:   bridge window [mem 0xe6d00000-0xe6dfffff 64bit pref]
[    0.975018] kernel: pci 0000:00:16.4: PCI bridge to [bus 0f]
[    0.975056] kernel: pci 0000:00:16.4:   bridge window [mem 0xfc300000-0xfc3fffff]
[    0.975091] kernel: pci 0000:00:16.4:   bridge window [mem 0xe6900000-0xe69fffff 64bit pref]
[    0.982066] kernel: pci 0000:00:16.5: PCI bridge to [bus 10]
[    0.982103] kernel: pci 0000:00:16.5:   bridge window [mem 0xfbf00000-0xfbffffff]
[    0.982138] kernel: pci 0000:00:16.5:   bridge window [mem 0xe6500000-0xe65fffff 64bit pref]
[    0.988589] kernel: pci 0000:00:16.6: PCI bridge to [bus 11]
[    0.988637] kernel: pci 0000:00:16.6:   bridge window [mem 0xfbb00000-0xfbbfffff]
[    0.988674] kernel: pci 0000:00:16.6:   bridge window [mem 0xe6100000-0xe61fffff 64bit pref]
[    0.994960] kernel: pci 0000:00:16.7: PCI bridge to [bus 12]
[    0.995001] kernel: pci 0000:00:16.7:   bridge window [mem 0xfb700000-0xfb7fffff]
[    0.995036] kernel: pci 0000:00:16.7:   bridge window [mem 0xe5d00000-0xe5dfffff 64bit pref]
[    1.001705] kernel: pci 0000:00:17.0: PCI bridge to [bus 13]
[    1.001728] kernel: pci 0000:00:17.0:   bridge window [io  0x6000-0x6fff]
[    1.001747] kernel: pci 0000:00:17.0:   bridge window [mem 0xfd200000-0xfd2fffff]
[    1.001783] kernel: pci 0000:00:17.0:   bridge window [mem 0xe7800000-0xe78fffff 64bit pref]
[    1.008621] kernel: pci 0000:00:17.1: PCI bridge to [bus 14]
[    1.008710] kernel: pci 0000:00:17.1:   bridge window [io  0xa000-0xafff]
[    1.008730] kernel: pci 0000:00:17.1:   bridge window [mem 0xfce00000-0xfcefffff]
[    1.008767] kernel: pci 0000:00:17.1:   bridge window [mem 0xe7400000-0xe74fffff 64bit pref]
[    1.016407] kernel: pci 0000:00:17.2: PCI bridge to [bus 15]
[    1.016421] kernel: pci 0000:00:17.2:   bridge window [io  0xe000-0xefff]
[    1.016440] kernel: pci 0000:00:17.2:   bridge window [mem 0xfca00000-0xfcafffff]
[    1.016475] kernel: pci 0000:00:17.2:   bridge window [mem 0xe7000000-0xe70fffff 64bit pref]
[    1.023838] kernel: pci 0000:00:17.3: PCI bridge to [bus 16]
[    1.023875] kernel: pci 0000:00:17.3:   bridge window [mem 0xfc600000-0xfc6fffff]
[    1.023910] kernel: pci 0000:00:17.3:   bridge window [mem 0xe6c00000-0xe6cfffff 64bit pref]
[    1.031903] kernel: pci 0000:00:17.4: PCI bridge to [bus 17]
[    1.031945] kernel: pci 0000:00:17.4:   bridge window [mem 0xfc200000-0xfc2fffff]
[    1.031981] kernel: pci 0000:00:17.4:   bridge window [mem 0xe6800000-0xe68fffff 64bit pref]
[    1.038927] kernel: pci 0000:00:17.5: PCI bridge to [bus 18]
[    1.038964] kernel: pci 0000:00:17.5:   bridge window [mem 0xfbe00000-0xfbefffff]
[    1.038999] kernel: pci 0000:00:17.5:   bridge window [mem 0xe6400000-0xe64fffff 64bit pref]
[    1.046909] kernel: pci 0000:00:17.6: PCI bridge to [bus 19]
[    1.046946] kernel: pci 0000:00:17.6:   bridge window [mem 0xfba00000-0xfbafffff]
[    1.046981] kernel: pci 0000:00:17.6:   bridge window [mem 0xe6000000-0xe60fffff 64bit pref]
[    1.053881] kernel: pci 0000:00:17.7: PCI bridge to [bus 1a]
[    1.053931] kernel: pci 0000:00:17.7:   bridge window [mem 0xfb600000-0xfb6fffff]
[    1.053968] kernel: pci 0000:00:17.7:   bridge window [mem 0xe5c00000-0xe5cfffff 64bit pref]
[    1.061097] kernel: pci 0000:00:18.0: PCI bridge to [bus 1b]
[    1.061126] kernel: pci 0000:00:18.0:   bridge window [io  0x7000-0x7fff]
[    1.061144] kernel: pci 0000:00:18.0:   bridge window [mem 0xfd100000-0xfd1fffff]
[    1.061180] kernel: pci 0000:00:18.0:   bridge window [mem 0xe7700000-0xe77fffff 64bit pref]
[    1.068407] kernel: pci 0000:00:18.1: PCI bridge to [bus 1c]
[    1.068420] kernel: pci 0000:00:18.1:   bridge window [io  0xb000-0xbfff]
[    1.068438] kernel: pci 0000:00:18.1:   bridge window [mem 0xfcd00000-0xfcdfffff]
[    1.068473] kernel: pci 0000:00:18.1:   bridge window [mem 0xe7300000-0xe73fffff 64bit pref]
[    1.076105] kernel: pci 0000:00:18.2: PCI bridge to [bus 1d]
[    1.076169] kernel: pci 0000:00:18.2:   bridge window [mem 0xfc900000-0xfc9fffff]
[    1.076208] kernel: pci 0000:00:18.2:   bridge window [mem 0xe6f00000-0xe6ffffff 64bit pref]
[    1.084062] kernel: pci 0000:00:18.3: PCI bridge to [bus 1e]
[    1.084102] kernel: pci 0000:00:18.3:   bridge window [mem 0xfc500000-0xfc5fffff]
[    1.084137] kernel: pci 0000:00:18.3:   bridge window [mem 0xe6b00000-0xe6bfffff 64bit pref]
[    1.091996] kernel: pci 0000:00:18.4: PCI bridge to [bus 1f]
[    1.092032] kernel: pci 0000:00:18.4:   bridge window [mem 0xfc100000-0xfc1fffff]
[    1.092067] kernel: pci 0000:00:18.4:   bridge window [mem 0xe6700000-0xe67fffff 64bit pref]
[    1.099157] kernel: pci 0000:00:18.5: PCI bridge to [bus 20]
[    1.099201] kernel: pci 0000:00:18.5:   bridge window [mem 0xfbd00000-0xfbdfffff]
[    1.099235] kernel: pci 0000:00:18.5:   bridge window [mem 0xe6300000-0xe63fffff 64bit pref]
[    1.106197] kernel: pci 0000:00:18.6: PCI bridge to [bus 21]
[    1.106234] kernel: pci 0000:00:18.6:   bridge window [mem 0xfb900000-0xfb9fffff]
[    1.106269] kernel: pci 0000:00:18.6:   bridge window [mem 0xe5f00000-0xe5ffffff 64bit pref]
[    1.112407] kernel: pci 0000:00:18.7: PCI bridge to [bus 22]
[    1.112438] kernel: pci 0000:00:18.7:   bridge window [mem 0xfb500000-0xfb5fffff]
[    1.112474] kernel: pci 0000:00:18.7:   bridge window [mem 0xe5b00000-0xe5bfffff 64bit pref]
[    1.114786] kernel: ACPI: PCI Interrupt Link [LNKA] (IRQs 3 4 5 6 7 *9 10 11 14 15)
[    1.114879] kernel: ACPI: PCI Interrupt Link [LNKB] (IRQs 3 4 5 6 7 9 10 *11 14 15)
[    1.114967] kernel: ACPI: PCI Interrupt Link [LNKC] (IRQs 3 4 5 6 7 9 *10 11 14 15)
[    1.115101] kernel: ACPI: PCI Interrupt Link [LNKD] (IRQs 3 4 5 6 *7 9 10 11 14 15)
[    1.162721] kernel: do_idle
[    1.162735] kernel: do_idle
[    1.162776] kernel: do_idle
[    1.163147] kernel: do_idle
[    1.163135] kernel: do_idle
[    1.163176] kernel: do_idle
[    1.163232] kernel: do_idle
[    1.163219] kernel: do_idle
[    1.163232] kernel: do_idle
[    1.163232] kernel: do_idle
[    1.163232] kernel: do_idle
[    1.163232] kernel: do_idle
[    1.163232] kernel: pci 0000:00:0f.0: vgaarb: setting as boot VGA device
[    1.163232] kernel: pci 0000:00:0f.0: vgaarb: VGA device added: decodes=io+mem,owns=io+mem,locks=none
[    1.163232] kernel: pci 0000:00:0f.0: vgaarb: bridge control possible
[    1.163232] kernel: vgaarb: loaded
[    1.163232] kernel: SCSI subsystem initialized
[    1.163232] kernel: do_idle
[    1.163232] kernel: do_idle
[    1.163232] kernel: do_idle
[    1.163232] kernel: do_idle
[    1.163232] kernel: do_idle
[    1.163232] kernel: libata version 3.00 loaded.
[    1.163232] kernel: ACPI: bus type USB registered
[    1.163232] kernel: do_idle
[    1.163232] kernel: usbcore: registered new interface driver usbfs
[    1.163232] kernel: usbcore: registered new interface driver hub
[    1.163232] kernel: do_idle
[    1.163232] kernel: do_idle
[    1.163232] kernel: do_idle
[    1.164411] kernel: do_idle
[    1.164411] kernel: do_idle
[    1.164457] kernel: usbcore: registered new device driver usb
[    1.164435] kernel: do_idle
[    1.164483] kernel: pps_core: LinuxPPS API ver. 1 registered
[    1.164483] kernel: pps_core: Software ver. 5.3.6 - Copyright 2005-2007 Rodolfo Giometti <giometti@linux.it>
[    1.164485] kernel: PTP clock support registered
[    1.164515] kernel: do_idle
[    1.164558] kernel: do_idle
[    1.164524] kernel: do_idle
[    1.164558] kernel: do_idle
[    1.164558] kernel: do_idle
[    1.164558] kernel: do_idle
[    1.164558] kernel: do_idle
[    1.164558] kernel: do_idle
[    1.164558] kernel: do_idle
[    1.164558] kernel: EDAC MC: Ver: 3.0.0
[    1.165753] kernel: do_idle
[    1.165819] kernel: do_idle
[    1.165820] kernel: do_idle
[    1.165820] kernel: do_idle
[    1.165820] kernel: do_idle
[    1.165820] kernel: do_idle
[    1.165820] kernel: do_idle
[    1.165820] kernel: do_idle
[    1.165820] kernel: do_idle
[    1.165820] kernel: PCI: Using ACPI for IRQ routing
[    1.212709] kernel: PCI: pci_cache_line_size set to 64 bytes
[    1.213538] kernel: e820: reserve RAM buffer [mem 0x0009e800-0x0009ffff]
[    1.213540] kernel: e820: reserve RAM buffer [mem 0xbfed0000-0xbfffffff]
[    1.213847] kernel: do_idle
[    1.213927] kernel: NetLabel: Initializing
[    1.213942] kernel: NetLabel:  domain hash size = 128
[    1.213943] kernel: NetLabel:  protocols = UNLABELED CIPSOv4 CALIPSO
[    1.213954] kernel: NetLabel:  unlabeled traffic allowed by default
[    1.213983] kernel: do_idle
[    1.213983] kernel: do_idle
[    1.213983] kernel: do_idle
[    1.213983] kernel: do_idle
[    1.213983] kernel: do_idle
[    1.213983] kernel: hpet0: at MMIO 0xfed00000, IRQs 2, 8, 0, 0, 0, 0, 0, 0, 0, 0, 0, 0, 0, 0, 0, 0
[    1.213983] kernel: hpet0: 16 comparators, 64-bit 14.318180 MHz counter
[    1.217504] kernel: do_idle
[    1.217463] kernel: do_idle
[    1.217475] kernel: do_idle
[    1.217554] kernel: clocksource: Switched to clocksource tsc-early
[    1.230713] kernel: do_idle
[    1.230714] kernel: do_idle
[    1.230738] kernel: do_idle
[    1.230809] kernel: VFS: Disk quotas dquot_6.6.0
[    1.230869] kernel: VFS: Dquot-cache hash table entries: 512 (order 0, 4096 bytes)
[    1.230957] kernel: pnp: PnP ACPI init
[    1.231200] kernel: system 00:00: [io  0x1000-0x103f] has been reserved
[    1.231201] kernel: system 00:00: [io  0x1040-0x104f] has been reserved
[    1.231202] kernel: system 00:00: [io  0x0cf0-0x0cf1] has been reserved
[    1.231207] kernel: system 00:00: Plug and Play ACPI device, IDs PNP0c02 (active)
[    1.231230] kernel: pnp 00:01: Plug and Play ACPI device, IDs PNP0b00 (active)
[    1.231250] kernel: pnp 00:02: Plug and Play ACPI device, IDs PNP0303 (active)
[    1.231264] kernel: pnp 00:03: Plug and Play ACPI device, IDs VMW0003 PNP0f13 (active)
[    1.231505] kernel: system 00:04: [mem 0xfed00000-0xfed003ff] has been reserved
[    1.231509] kernel: system 00:04: Plug and Play ACPI device, IDs PNP0103 PNP0c01 (active)
[    1.233789] kernel: system 00:05: [io  0xfce0-0xfcff] has been reserved
[    1.233792] kernel: system 00:05: [mem 0xf0000000-0xf7ffffff] has been reserved
[    1.233793] kernel: system 00:05: [mem 0xfe800000-0xfe9fffff] has been reserved
[    1.233797] kernel: system 00:05: Plug and Play ACPI device, IDs PNP0c02 (active)
[    1.269575] kernel: pnp: PnP ACPI: found 6 devices
[    1.269617] kernel: do_idle
[    1.269731] kernel: do_idle
[    1.269807] kernel: do_idle
[    1.269829] kernel: do_idle
[    1.269864] kernel: do_idle
[    1.269884] kernel: do_idle
[    1.269996] kernel: do_idle
[    1.270081] kernel: do_idle
[    1.270247] kernel: do_idle
[    1.270287] kernel: do_idle
[    1.270361] kernel: do_idle
[    1.270394] kernel: do_idle
[    1.270470] kernel: do_idle
[    1.270502] kernel: do_idle
[    1.270596] kernel: do_idle
[    1.270626] kernel: do_idle
[    1.270711] kernel: do_idle
[    1.270742] kernel: do_idle
[    1.270895] kernel: do_idle
[    1.270939] kernel: do_idle
[    1.270978] kernel: do_idle
[    1.271005] kernel: do_idle
[    1.271041] kernel: do_idle
[    1.271066] kernel: do_idle
[    1.271097] kernel: do_idle
[    1.271122] kernel: do_idle
[    1.271152] kernel: do_idle
[    1.271176] kernel: do_idle
[    1.271211] kernel: do_idle
[    1.271236] kernel: do_idle
[    1.271266] kernel: do_idle
[    1.271291] kernel: do_idle
[    1.271321] kernel: do_idle
[    1.271346] kernel: do_idle
[    1.271378] kernel: do_idle
[    1.271403] kernel: do_idle
[    1.271438] kernel: do_idle
[    1.271464] kernel: do_idle
[    1.271495] kernel: do_idle
[    1.271520] kernel: do_idle
[    1.271560] kernel: do_idle
[    1.271585] kernel: do_idle
[    1.271620] kernel: do_idle
[    1.271645] kernel: do_idle
[    1.271676] kernel: do_idle
[    1.271702] kernel: do_idle
[    1.271732] kernel: do_idle
[    1.271757] kernel: do_idle
[    1.271787] kernel: do_idle
[    1.271812] kernel: do_idle
[    1.271846] kernel: do_idle
[    1.271872] kernel: do_idle
[    1.271902] kernel: do_idle
[    1.271929] kernel: do_idle
[    1.271978] kernel: do_idle
[    1.272043] kernel: do_idle
[    1.272086] kernel: do_idle
[    1.272112] kernel: do_idle
[    1.272153] kernel: do_idle
[    1.272180] kernel: do_idle
[    1.272212] kernel: do_idle
[    1.272238] kernel: do_idle
[    1.272273] kernel: do_idle
[    1.272309] kernel: do_idle
[    1.272388] kernel: do_idle
[    1.272432] kernel: do_idle
[    1.272469] kernel: do_idle
[    1.272495] kernel: do_idle
[    1.272526] kernel: do_idle
[    1.272552] kernel: do_idle
[    1.272583] kernel: do_idle
[    1.272609] kernel: do_idle
[    1.272644] kernel: do_idle
[    1.272669] kernel: do_idle
[    1.272701] kernel: do_idle
[    1.272727] kernel: do_idle
[    1.272758] kernel: do_idle
[    1.272783] kernel: do_idle
[    1.272814] kernel: do_idle
[    1.272839] kernel: do_idle
[    1.272874] kernel: do_idle
[    1.272907] kernel: do_idle
[    1.272956] kernel: do_idle
[    1.272986] kernel: do_idle
[    1.273032] kernel: do_idle
[    1.273062] kernel: do_idle
[    1.273101] kernel: do_idle
[    1.273128] kernel: do_idle
[    1.273176] kernel: do_idle
[    1.273202] kernel: do_idle
[    1.273241] kernel: do_idle
[    1.273335] kernel: do_idle
[    1.273372] kernel: do_idle
[    1.273397] kernel: do_idle
[    1.273428] kernel: do_idle
[    1.273453] kernel: do_idle
[    1.273492] kernel: do_idle
[    1.273518] kernel: do_idle
[    1.273549] kernel: do_idle
[    1.273574] kernel: do_idle
[    1.273605] kernel: do_idle
[    1.273630] kernel: do_idle
[    1.273665] kernel: do_idle
[    1.273690] kernel: do_idle
[    1.273730] kernel: do_idle
[    1.273755] kernel: do_idle
[    1.273785] kernel: do_idle
[    1.273810] kernel: do_idle
[    1.273841] kernel: do_idle
[    1.273865] kernel: do_idle
[    1.273901] kernel: do_idle
[    1.273936] kernel: do_idle
[    1.273962] kernel: do_idle
[    1.273986] kernel: do_idle
[    1.274017] kernel: do_idle
[    1.274042] kernel: do_idle
[    1.274072] kernel: do_idle
[    1.274097] kernel: do_idle
[    1.274132] kernel: do_idle
[    1.274158] kernel: do_idle
[    1.274188] kernel: do_idle
[    1.274213] kernel: do_idle
[    1.274244] kernel: do_idle
[    1.274268] kernel: do_idle
[    1.274299] kernel: do_idle
[    1.274323] kernel: do_idle
[    1.274358] kernel: do_idle
[    1.274383] kernel: do_idle
[    1.274417] kernel: do_idle
[    1.274443] kernel: do_idle
[    1.274473] kernel: do_idle
[    1.274498] kernel: do_idle
[    1.274533] kernel: do_idle
[    1.274558] kernel: do_idle
[    1.274588] kernel: do_idle
[    1.274613] kernel: do_idle
[    1.274643] kernel: do_idle
[    1.274668] kernel: do_idle
[    1.274702] kernel: do_idle
[    1.274728] kernel: do_idle
[    1.274762] kernel: do_idle
[    1.274787] kernel: do_idle
[    1.274818] kernel: do_idle
[    1.274843] kernel: do_idle
[    1.274873] kernel: do_idle
[    1.274897] kernel: do_idle
[    1.274938] kernel: do_idle
[    1.274961] kernel: do_idle
[    1.274996] kernel: do_idle
[    1.275021] kernel: do_idle
[    1.275052] kernel: do_idle
[    1.275077] kernel: do_idle
[    1.275107] kernel: do_idle
[    1.275132] kernel: do_idle
[    1.275162] kernel: do_idle
[    1.275187] kernel: do_idle
[    1.275222] kernel: do_idle
[    1.275247] kernel: do_idle
[    1.275277] kernel: do_idle
[    1.275302] kernel: do_idle
[    1.279904] kernel: clocksource: acpi_pm: mask: 0xffffff max_cycles: 0xffffff, max_idle_ns: 2085701024 ns
[    1.280249] kernel: pci 0000:00:15.3: bridge window [io  0x1000-0x0fff] to [bus 06] add_size 1000
[    1.280304] kernel: pci 0000:00:15.4: bridge window [io  0x1000-0x0fff] to [bus 07] add_size 1000
[    1.280357] kernel: pci 0000:00:15.5: bridge window [io  0x1000-0x0fff] to [bus 08] add_size 1000
[    1.280416] kernel: pci 0000:00:15.6: bridge window [io  0x1000-0x0fff] to [bus 09] add_size 1000
[    1.280471] kernel: pci 0000:00:15.7: bridge window [io  0x1000-0x0fff] to [bus 0a] add_size 1000
[    1.280680] kernel: pci 0000:00:16.3: bridge window [io  0x1000-0x0fff] to [bus 0e] add_size 1000
[    1.280733] kernel: pci 0000:00:16.4: bridge window [io  0x1000-0x0fff] to [bus 0f] add_size 1000
[    1.280786] kernel: pci 0000:00:16.5: bridge window [io  0x1000-0x0fff] to [bus 10] add_size 1000
[    1.280839] kernel: pci 0000:00:16.6: bridge window [io  0x1000-0x0fff] to [bus 11] add_size 1000
[    1.280892] kernel: pci 0000:00:16.7: bridge window [io  0x1000-0x0fff] to [bus 12] add_size 1000
[    1.281167] kernel: pci 0000:00:17.3: bridge window [io  0x1000-0x0fff] to [bus 16] add_size 1000
[    1.281220] kernel: pci 0000:00:17.4: bridge window [io  0x1000-0x0fff] to [bus 17] add_size 1000
[    1.281273] kernel: pci 0000:00:17.5: bridge window [io  0x1000-0x0fff] to [bus 18] add_size 1000
[    1.281326] kernel: pci 0000:00:17.6: bridge window [io  0x1000-0x0fff] to [bus 19] add_size 1000
[    1.281379] kernel: pci 0000:00:17.7: bridge window [io  0x1000-0x0fff] to [bus 1a] add_size 1000
[    1.281535] kernel: pci 0000:00:18.2: bridge window [io  0x1000-0x0fff] to [bus 1d] add_size 1000
[    1.281588] kernel: pci 0000:00:18.3: bridge window [io  0x1000-0x0fff] to [bus 1e] add_size 1000
[    1.281641] kernel: pci 0000:00:18.4: bridge window [io  0x1000-0x0fff] to [bus 1f] add_size 1000
[    1.281694] kernel: pci 0000:00:18.5: bridge window [io  0x1000-0x0fff] to [bus 20] add_size 1000
[    1.281747] kernel: pci 0000:00:18.6: bridge window [io  0x1000-0x0fff] to [bus 21] add_size 1000
[    1.281800] kernel: pci 0000:00:18.7: bridge window [io  0x1000-0x0fff] to [bus 22] add_size 1000
[    1.281825] kernel: pci 0000:00:0f.0: BAR 6: assigned [mem 0xc0000000-0xc0007fff pref]
[    1.281827] kernel: pci 0000:00:10.0: BAR 6: assigned [mem 0xc0008000-0xc000bfff pref]
[    1.281830] kernel: pci 0000:00:15.3: BAR 13: no space for [io  size 0x1000]
[    1.281831] kernel: pci 0000:00:15.3: BAR 13: failed to assign [io  size 0x1000]
[    1.281833] kernel: pci 0000:00:15.4: BAR 13: no space for [io  size 0x1000]
[    1.281834] kernel: pci 0000:00:15.4: BAR 13: failed to assign [io  size 0x1000]
[    1.281835] kernel: pci 0000:00:15.5: BAR 13: no space for [io  size 0x1000]
[    1.281836] kernel: pci 0000:00:15.5: BAR 13: failed to assign [io  size 0x1000]
[    1.281837] kernel: pci 0000:00:15.6: BAR 13: no space for [io  size 0x1000]
[    1.281838] kernel: pci 0000:00:15.6: BAR 13: failed to assign [io  size 0x1000]
[    1.281839] kernel: pci 0000:00:15.7: BAR 13: no space for [io  size 0x1000]
[    1.281840] kernel: pci 0000:00:15.7: BAR 13: failed to assign [io  size 0x1000]
[    1.281841] kernel: pci 0000:00:16.3: BAR 13: no space for [io  size 0x1000]
[    1.281842] kernel: pci 0000:00:16.3: BAR 13: failed to assign [io  size 0x1000]
[    1.281844] kernel: pci 0000:00:16.4: BAR 13: no space for [io  size 0x1000]
[    1.281844] kernel: pci 0000:00:16.4: BAR 13: failed to assign [io  size 0x1000]
[    1.281846] kernel: pci 0000:00:16.5: BAR 13: no space for [io  size 0x1000]
[    1.281846] kernel: pci 0000:00:16.5: BAR 13: failed to assign [io  size 0x1000]
[    1.281848] kernel: pci 0000:00:16.6: BAR 13: no space for [io  size 0x1000]
[    1.281848] kernel: pci 0000:00:16.6: BAR 13: failed to assign [io  size 0x1000]
[    1.281850] kernel: pci 0000:00:16.7: BAR 13: no space for [io  size 0x1000]
[    1.281850] kernel: pci 0000:00:16.7: BAR 13: failed to assign [io  size 0x1000]
[    1.281852] kernel: pci 0000:00:17.3: BAR 13: no space for [io  size 0x1000]
[    1.281852] kernel: pci 0000:00:17.3: BAR 13: failed to assign [io  size 0x1000]
[    1.281854] kernel: pci 0000:00:17.4: BAR 13: no space for [io  size 0x1000]
[    1.281855] kernel: pci 0000:00:17.4: BAR 13: failed to assign [io  size 0x1000]
[    1.281856] kernel: pci 0000:00:17.5: BAR 13: no space for [io  size 0x1000]
[    1.281857] kernel: pci 0000:00:17.5: BAR 13: failed to assign [io  size 0x1000]
[    1.281863] kernel: pci 0000:00:17.6: BAR 13: no space for [io  size 0x1000]
[    1.281863] kernel: pci 0000:00:17.6: BAR 13: failed to assign [io  size 0x1000]
[    1.281865] kernel: pci 0000:00:17.7: BAR 13: no space for [io  size 0x1000]
[    1.281865] kernel: pci 0000:00:17.7: BAR 13: failed to assign [io  size 0x1000]
[    1.281867] kernel: pci 0000:00:18.2: BAR 13: no space for [io  size 0x1000]
[    1.281867] kernel: pci 0000:00:18.2: BAR 13: failed to assign [io  size 0x1000]
[    1.281869] kernel: pci 0000:00:18.3: BAR 13: no space for [io  size 0x1000]
[    1.281870] kernel: pci 0000:00:18.3: BAR 13: failed to assign [io  size 0x1000]
[    1.281871] kernel: pci 0000:00:18.4: BAR 13: no space for [io  size 0x1000]
[    1.281872] kernel: pci 0000:00:18.4: BAR 13: failed to assign [io  size 0x1000]
[    1.281873] kernel: pci 0000:00:18.5: BAR 13: no space for [io  size 0x1000]
[    1.281874] kernel: pci 0000:00:18.5: BAR 13: failed to assign [io  size 0x1000]
[    1.281875] kernel: pci 0000:00:18.6: BAR 13: no space for [io  size 0x1000]
[    1.281876] kernel: pci 0000:00:18.6: BAR 13: failed to assign [io  size 0x1000]
[    1.281877] kernel: pci 0000:00:18.7: BAR 13: no space for [io  size 0x1000]
[    1.281878] kernel: pci 0000:00:18.7: BAR 13: failed to assign [io  size 0x1000]
[    1.281882] kernel: pci 0000:00:18.7: BAR 13: no space for [io  size 0x1000]
[    1.281883] kernel: pci 0000:00:18.7: BAR 13: failed to assign [io  size 0x1000]
[    1.281885] kernel: pci 0000:00:18.6: BAR 13: no space for [io  size 0x1000]
[    1.281885] kernel: pci 0000:00:18.6: BAR 13: failed to assign [io  size 0x1000]
[    1.281887] kernel: pci 0000:00:18.5: BAR 13: no space for [io  size 0x1000]
[    1.281888] kernel: pci 0000:00:18.5: BAR 13: failed to assign [io  size 0x1000]
[    1.281889] kernel: pci 0000:00:18.4: BAR 13: no space for [io  size 0x1000]
[    1.281890] kernel: pci 0000:00:18.4: BAR 13: failed to assign [io  size 0x1000]
[    1.281891] kernel: pci 0000:00:18.3: BAR 13: no space for [io  size 0x1000]
[    1.281892] kernel: pci 0000:00:18.3: BAR 13: failed to assign [io  size 0x1000]
[    1.281893] kernel: pci 0000:00:18.2: BAR 13: no space for [io  size 0x1000]
[    1.281894] kernel: pci 0000:00:18.2: BAR 13: failed to assign [io  size 0x1000]
[    1.281895] kernel: pci 0000:00:17.7: BAR 13: no space for [io  size 0x1000]
[    1.281896] kernel: pci 0000:00:17.7: BAR 13: failed to assign [io  size 0x1000]
[    1.281897] kernel: pci 0000:00:17.6: BAR 13: no space for [io  size 0x1000]
[    1.281898] kernel: pci 0000:00:17.6: BAR 13: failed to assign [io  size 0x1000]
[    1.281899] kernel: pci 0000:00:17.5: BAR 13: no space for [io  size 0x1000]
[    1.281900] kernel: pci 0000:00:17.5: BAR 13: failed to assign [io  size 0x1000]
[    1.281901] kernel: pci 0000:00:17.4: BAR 13: no space for [io  size 0x1000]
[    1.281902] kernel: pci 0000:00:17.4: BAR 13: failed to assign [io  size 0x1000]
[    1.281904] kernel: pci 0000:00:17.3: BAR 13: no space for [io  size 0x1000]
[    1.281904] kernel: pci 0000:00:17.3: BAR 13: failed to assign [io  size 0x1000]
[    1.281906] kernel: pci 0000:00:16.7: BAR 13: no space for [io  size 0x1000]
[    1.281906] kernel: pci 0000:00:16.7: BAR 13: failed to assign [io  size 0x1000]
[    1.281908] kernel: pci 0000:00:16.6: BAR 13: no space for [io  size 0x1000]
[    1.281908] kernel: pci 0000:00:16.6: BAR 13: failed to assign [io  size 0x1000]
[    1.281910] kernel: pci 0000:00:16.5: BAR 13: no space for [io  size 0x1000]
[    1.281910] kernel: pci 0000:00:16.5: BAR 13: failed to assign [io  size 0x1000]
[    1.281912] kernel: pci 0000:00:16.4: BAR 13: no space for [io  size 0x1000]
[    1.281913] kernel: pci 0000:00:16.4: BAR 13: failed to assign [io  size 0x1000]
[    1.281914] kernel: pci 0000:00:16.3: BAR 13: no space for [io  size 0x1000]
[    1.281915] kernel: pci 0000:00:16.3: BAR 13: failed to assign [io  size 0x1000]
[    1.281916] kernel: pci 0000:00:15.7: BAR 13: no space for [io  size 0x1000]
[    1.281917] kernel: pci 0000:00:15.7: BAR 13: failed to assign [io  size 0x1000]
[    1.281918] kernel: pci 0000:00:15.6: BAR 13: no space for [io  size 0x1000]
[    1.281919] kernel: pci 0000:00:15.6: BAR 13: failed to assign [io  size 0x1000]
[    1.281920] kernel: pci 0000:00:15.5: BAR 13: no space for [io  size 0x1000]
[    1.281921] kernel: pci 0000:00:15.5: BAR 13: failed to assign [io  size 0x1000]
[    1.281922] kernel: pci 0000:00:15.4: BAR 13: no space for [io  size 0x1000]
[    1.281923] kernel: pci 0000:00:15.4: BAR 13: failed to assign [io  size 0x1000]
[    1.281924] kernel: pci 0000:00:15.3: BAR 13: no space for [io  size 0x1000]
[    1.281925] kernel: pci 0000:00:15.3: BAR 13: failed to assign [io  size 0x1000]
[    1.281927] kernel: pci 0000:00:01.0: PCI bridge to [bus 01]
[    1.282066] kernel: pci 0000:02:01.0: BAR 6: assigned [mem 0xfd500000-0xfd50ffff pref]
[    1.282067] kernel: pci 0000:02:05.0: BAR 6: assigned [mem 0xfd510000-0xfd51ffff pref]
[    1.282068] kernel: pci 0000:00:11.0: PCI bridge to [bus 02]
[    1.282079] kernel: pci 0000:00:11.0:   bridge window [io  0x2000-0x3fff]
[    1.282120] kernel: pci 0000:00:11.0:   bridge window [mem 0xfd500000-0xfdffffff]
[    1.282139] kernel: pci 0000:00:11.0:   bridge window [mem 0xe7b00000-0xe7ffffff 64bit pref]
[    1.282175] kernel: pci 0000:00:15.0: PCI bridge to [bus 03]
[    1.282184] kernel: pci 0000:00:15.0:   bridge window [io  0x4000-0x4fff]
[    1.282211] kernel: pci 0000:00:15.0:   bridge window [mem 0xfd400000-0xfd4fffff]
[    1.282229] kernel: pci 0000:00:15.0:   bridge window [mem 0xe7a00000-0xe7afffff 64bit pref]
[    1.282302] kernel: pci 0000:00:15.1: PCI bridge to [bus 04]
[    1.282313] kernel: pci 0000:00:15.1:   bridge window [io  0x8000-0x8fff]
[    1.282340] kernel: pci 0000:00:15.1:   bridge window [mem 0xfd000000-0xfd0fffff]
[    1.282358] kernel: pci 0000:00:15.1:   bridge window [mem 0xe7600000-0xe76fffff 64bit pref]
[    1.282403] kernel: pci 0000:00:15.2: PCI bridge to [bus 05]
[    1.282414] kernel: pci 0000:00:15.2:   bridge window [io  0xc000-0xcfff]
[    1.282440] kernel: pci 0000:00:15.2:   bridge window [mem 0xfcc00000-0xfccfffff]
[    1.282458] kernel: pci 0000:00:15.2:   bridge window [mem 0xe7200000-0xe72fffff 64bit pref]
[    1.282502] kernel: pci 0000:00:15.3: PCI bridge to [bus 06]
[    1.282529] kernel: pci 0000:00:15.3:   bridge window [mem 0xfc800000-0xfc8fffff]
[    1.282547] kernel: pci 0000:00:15.3:   bridge window [mem 0xe6e00000-0xe6efffff 64bit pref]
[    1.282591] kernel: pci 0000:00:15.4: PCI bridge to [bus 07]
[    1.282618] kernel: pci 0000:00:15.4:   bridge window [mem 0xfc400000-0xfc4fffff]
[    1.282635] kernel: pci 0000:00:15.4:   bridge window [mem 0xe6a00000-0xe6afffff 64bit pref]
[    1.282679] kernel: pci 0000:00:15.5: PCI bridge to [bus 08]
[    1.282705] kernel: pci 0000:00:15.5:   bridge window [mem 0xfc000000-0xfc0fffff]
[    1.282723] kernel: pci 0000:00:15.5:   bridge window [mem 0xe6600000-0xe66fffff 64bit pref]
[    1.282766] kernel: pci 0000:00:15.6: PCI bridge to [bus 09]
[    1.282793] kernel: pci 0000:00:15.6:   bridge window [mem 0xfbc00000-0xfbcfffff]
[    1.282811] kernel: pci 0000:00:15.6:   bridge window [mem 0xe6200000-0xe62fffff 64bit pref]
[    1.282854] kernel: pci 0000:00:15.7: PCI bridge to [bus 0a]
[    1.282881] kernel: pci 0000:00:15.7:   bridge window [mem 0xfb800000-0xfb8fffff]
[    1.282899] kernel: pci 0000:00:15.7:   bridge window [mem 0xe5e00000-0xe5efffff 64bit pref]
[    1.282942] kernel: pci 0000:00:16.0: PCI bridge to [bus 0b]
[    1.282953] kernel: pci 0000:00:16.0:   bridge window [io  0x5000-0x5fff]
[    1.283016] kernel: pci 0000:00:16.0:   bridge window [mem 0xfd300000-0xfd3fffff]
[    1.283034] kernel: pci 0000:00:16.0:   bridge window [mem 0xe7900000-0xe79fffff 64bit pref]
[    1.283077] kernel: pci 0000:00:16.1: PCI bridge to [bus 0c]
[    1.283087] kernel: pci 0000:00:16.1:   bridge window [io  0x9000-0x9fff]
[    1.283114] kernel: pci 0000:00:16.1:   bridge window [mem 0xfcf00000-0xfcffffff]
[    1.283132] kernel: pci 0000:00:16.1:   bridge window [mem 0xe7500000-0xe75fffff 64bit pref]
[    1.283175] kernel: pci 0000:00:16.2: PCI bridge to [bus 0d]
[    1.283185] kernel: pci 0000:00:16.2:   bridge window [io  0xd000-0xdfff]
[    1.283212] kernel: pci 0000:00:16.2:   bridge window [mem 0xfcb00000-0xfcbfffff]
[    1.283230] kernel: pci 0000:00:16.2:   bridge window [mem 0xe7100000-0xe71fffff 64bit pref]
[    1.283273] kernel: pci 0000:00:16.3: PCI bridge to [bus 0e]
[    1.283300] kernel: pci 0000:00:16.3:   bridge window [mem 0xfc700000-0xfc7fffff]
[    1.283318] kernel: pci 0000:00:16.3:   bridge window [mem 0xe6d00000-0xe6dfffff 64bit pref]
[    1.283361] kernel: pci 0000:00:16.4: PCI bridge to [bus 0f]
[    1.283388] kernel: pci 0000:00:16.4:   bridge window [mem 0xfc300000-0xfc3fffff]
[    1.283406] kernel: pci 0000:00:16.4:   bridge window [mem 0xe6900000-0xe69fffff 64bit pref]
[    1.283448] kernel: pci 0000:00:16.5: PCI bridge to [bus 10]
[    1.283476] kernel: pci 0000:00:16.5:   bridge window [mem 0xfbf00000-0xfbffffff]
[    1.283493] kernel: pci 0000:00:16.5:   bridge window [mem 0xe6500000-0xe65fffff 64bit pref]
[    1.283536] kernel: pci 0000:00:16.6: PCI bridge to [bus 11]
[    1.283563] kernel: pci 0000:00:16.6:   bridge window [mem 0xfbb00000-0xfbbfffff]
[    1.283581] kernel: pci 0000:00:16.6:   bridge window [mem 0xe6100000-0xe61fffff 64bit pref]
[    1.283624] kernel: pci 0000:00:16.7: PCI bridge to [bus 12]
[    1.283651] kernel: pci 0000:00:16.7:   bridge window [mem 0xfb700000-0xfb7fffff]
[    1.283669] kernel: pci 0000:00:16.7:   bridge window [mem 0xe5d00000-0xe5dfffff 64bit pref]
[    1.283712] kernel: pci 0000:00:17.0: PCI bridge to [bus 13]
[    1.283722] kernel: pci 0000:00:17.0:   bridge window [io  0x6000-0x6fff]
[    1.283749] kernel: pci 0000:00:17.0:   bridge window [mem 0xfd200000-0xfd2fffff]
[    1.283767] kernel: pci 0000:00:17.0:   bridge window [mem 0xe7800000-0xe78fffff 64bit pref]
[    1.283811] kernel: pci 0000:00:17.1: PCI bridge to [bus 14]
[    1.283821] kernel: pci 0000:00:17.1:   bridge window [io  0xa000-0xafff]
[    1.283848] kernel: pci 0000:00:17.1:   bridge window [mem 0xfce00000-0xfcefffff]
[    1.283866] kernel: pci 0000:00:17.1:   bridge window [mem 0xe7400000-0xe74fffff 64bit pref]
[    1.283908] kernel: pci 0000:00:17.2: PCI bridge to [bus 15]
[    1.283919] kernel: pci 0000:00:17.2:   bridge window [io  0xe000-0xefff]
[    1.283945] kernel: pci 0000:00:17.2:   bridge window [mem 0xfca00000-0xfcafffff]
[    1.283964] kernel: pci 0000:00:17.2:   bridge window [mem 0xe7000000-0xe70fffff 64bit pref]
[    1.284049] kernel: pci 0000:00:17.3: PCI bridge to [bus 16]
[    1.284076] kernel: pci 0000:00:17.3:   bridge window [mem 0xfc600000-0xfc6fffff]
[    1.284094] kernel: pci 0000:00:17.3:   bridge window [mem 0xe6c00000-0xe6cfffff 64bit pref]
[    1.284137] kernel: pci 0000:00:17.4: PCI bridge to [bus 17]
[    1.284164] kernel: pci 0000:00:17.4:   bridge window [mem 0xfc200000-0xfc2fffff]
[    1.284182] kernel: pci 0000:00:17.4:   bridge window [mem 0xe6800000-0xe68fffff 64bit pref]
[    1.284224] kernel: pci 0000:00:17.5: PCI bridge to [bus 18]
[    1.284251] kernel: pci 0000:00:17.5:   bridge window [mem 0xfbe00000-0xfbefffff]
[    1.284270] kernel: pci 0000:00:17.5:   bridge window [mem 0xe6400000-0xe64fffff 64bit pref]
[    1.284312] kernel: pci 0000:00:17.6: PCI bridge to [bus 19]
[    1.284339] kernel: pci 0000:00:17.6:   bridge window [mem 0xfba00000-0xfbafffff]
[    1.284357] kernel: pci 0000:00:17.6:   bridge window [mem 0xe6000000-0xe60fffff 64bit pref]
[    1.284400] kernel: pci 0000:00:17.7: PCI bridge to [bus 1a]
[    1.284434] kernel: pci 0000:00:17.7:   bridge window [mem 0xfb600000-0xfb6fffff]
[    1.284452] kernel: pci 0000:00:17.7:   bridge window [mem 0xe5c00000-0xe5cfffff 64bit pref]
[    1.284495] kernel: pci 0000:00:18.0: PCI bridge to [bus 1b]
[    1.284505] kernel: pci 0000:00:18.0:   bridge window [io  0x7000-0x7fff]
[    1.284532] kernel: pci 0000:00:18.0:   bridge window [mem 0xfd100000-0xfd1fffff]
[    1.284550] kernel: pci 0000:00:18.0:   bridge window [mem 0xe7700000-0xe77fffff 64bit pref]
[    1.284593] kernel: pci 0000:00:18.1: PCI bridge to [bus 1c]
[    1.284603] kernel: pci 0000:00:18.1:   bridge window [io  0xb000-0xbfff]
[    1.284630] kernel: pci 0000:00:18.1:   bridge window [mem 0xfcd00000-0xfcdfffff]
[    1.284649] kernel: pci 0000:00:18.1:   bridge window [mem 0xe7300000-0xe73fffff 64bit pref]
[    1.284693] kernel: pci 0000:00:18.2: PCI bridge to [bus 1d]
[    1.284720] kernel: pci 0000:00:18.2:   bridge window [mem 0xfc900000-0xfc9fffff]
[    1.284738] kernel: pci 0000:00:18.2:   bridge window [mem 0xe6f00000-0xe6ffffff 64bit pref]
[    1.284781] kernel: pci 0000:00:18.3: PCI bridge to [bus 1e]
[    1.284808] kernel: pci 0000:00:18.3:   bridge window [mem 0xfc500000-0xfc5fffff]
[    1.284826] kernel: pci 0000:00:18.3:   bridge window [mem 0xe6b00000-0xe6bfffff 64bit pref]
[    1.284869] kernel: pci 0000:00:18.4: PCI bridge to [bus 1f]
[    1.284896] kernel: pci 0000:00:18.4:   bridge window [mem 0xfc100000-0xfc1fffff]
[    1.284914] kernel: pci 0000:00:18.4:   bridge window [mem 0xe6700000-0xe67fffff 64bit pref]
[    1.284956] kernel: pci 0000:00:18.5: PCI bridge to [bus 20]
[    1.285007] kernel: pci 0000:00:18.5:   bridge window [mem 0xfbd00000-0xfbdfffff]
[    1.285030] kernel: pci 0000:00:18.5:   bridge window [mem 0xe6300000-0xe63fffff 64bit pref]
[    1.285091] kernel: pci 0000:00:18.6: PCI bridge to [bus 21]
[    1.285118] kernel: pci 0000:00:18.6:   bridge window [mem 0xfb900000-0xfb9fffff]
[    1.285136] kernel: pci 0000:00:18.6:   bridge window [mem 0xe5f00000-0xe5ffffff 64bit pref]
[    1.285178] kernel: pci 0000:00:18.7: PCI bridge to [bus 22]
[    1.285205] kernel: pci 0000:00:18.7:   bridge window [mem 0xfb500000-0xfb5fffff]
[    1.285223] kernel: pci 0000:00:18.7:   bridge window [mem 0xe5b00000-0xe5bfffff 64bit pref]
[    1.285267] kernel: pci_bus 0000:00: resource 4 [mem 0x000a0000-0x000bffff window]
[    1.285268] kernel: pci_bus 0000:00: resource 5 [mem 0x000d0000-0x000d3fff window]
[    1.285269] kernel: pci_bus 0000:00: resource 6 [mem 0x000d4000-0x000d7fff window]
[    1.285269] kernel: pci_bus 0000:00: resource 7 [mem 0x000d8000-0x000dbfff window]
[    1.285270] kernel: pci_bus 0000:00: resource 8 [mem 0xc0000000-0xfebfffff window]
[    1.285271] kernel: pci_bus 0000:00: resource 9 [io  0x0000-0x0cf7 window]
[    1.285272] kernel: pci_bus 0000:00: resource 10 [io  0x0d00-0xfeff window]
[    1.285273] kernel: pci_bus 0000:02: resource 0 [io  0x2000-0x3fff]
[    1.285274] kernel: pci_bus 0000:02: resource 1 [mem 0xfd500000-0xfdffffff]
[    1.285274] kernel: pci_bus 0000:02: resource 2 [mem 0xe7b00000-0xe7ffffff 64bit pref]
[    1.285275] kernel: pci_bus 0000:02: resource 4 [mem 0x000a0000-0x000bffff window]
[    1.285276] kernel: pci_bus 0000:02: resource 5 [mem 0x000d0000-0x000d3fff window]
